Component: ARM Compiler 5.06 update 6 (build 750) Tool: armlink [4d35ed]

==============================================================================

Section Cross References

    startup_stm32f429xx.o(RESET) refers to startup_stm32f429xx.o(STACK) for __initial_sp
    startup_stm32f429xx.o(RESET) refers to startup_stm32f429xx.o(.text) for Reset_Handler
    startup_stm32f429xx.o(RESET) refers to stm32f4xx_it.o(i.NMI_Handler) for NMI_Handler
    startup_stm32f429xx.o(RESET) refers to stm32f4xx_it.o(i.HardFault_Handler) for HardFault_Handler
    startup_stm32f429xx.o(RESET) refers to stm32f4xx_it.o(i.MemManage_Handler) for MemManage_Handler
    startup_stm32f429xx.o(RESET) refers to stm32f4xx_it.o(i.BusFault_Handler) for BusFault_Handler
    startup_stm32f429xx.o(RESET) refers to stm32f4xx_it.o(i.UsageFault_Handler) for UsageFault_Handler
    startup_stm32f429xx.o(RESET) refers to port.o(.emb_text) for SVC_Handler
    startup_stm32f429xx.o(RESET) refers to stm32f4xx_it.o(i.DebugMon_Handler) for DebugMon_Handler
    startup_stm32f429xx.o(RESET) refers to stm32f4xx_it.o(i.SysTick_Handler) for SysTick_Handler
    startup_stm32f429xx.o(RESET) refers to stm32f4xx_it.o(i.EXTI3_IRQHandler) for EXTI3_IRQHandler
    startup_stm32f429xx.o(RESET) refers to stm32f4xx_it.o(i.DMA1_Stream1_IRQHandler) for DMA1_Stream1_IRQHandler
    startup_stm32f429xx.o(RESET) refers to stm32f4xx_it.o(i.DMA1_Stream2_IRQHandler) for DMA1_Stream2_IRQHandler
    startup_stm32f429xx.o(RESET) refers to stm32f4xx_it.o(i.DMA1_Stream3_IRQHandler) for DMA1_Stream3_IRQHandler
    startup_stm32f429xx.o(RESET) refers to stm32f4xx_it.o(i.DMA1_Stream4_IRQHandler) for DMA1_Stream4_IRQHandler
    startup_stm32f429xx.o(RESET) refers to stm32f4xx_it.o(i.DMA1_Stream5_IRQHandler) for DMA1_Stream5_IRQHandler
    startup_stm32f429xx.o(RESET) refers to stm32f4xx_it.o(i.DMA1_Stream6_IRQHandler) for DMA1_Stream6_IRQHandler
    startup_stm32f429xx.o(RESET) refers to stm32f4xx_it.o(i.EXTI9_5_IRQHandler) for EXTI9_5_IRQHandler
    startup_stm32f429xx.o(RESET) refers to stm32f4xx_it.o(i.I2C2_EV_IRQHandler) for I2C2_EV_IRQHandler
    startup_stm32f429xx.o(RESET) refers to stm32f4xx_it.o(i.I2C2_ER_IRQHandler) for I2C2_ER_IRQHandler
    startup_stm32f429xx.o(RESET) refers to stm32f4xx_it.o(i.USART2_IRQHandler) for USART2_IRQHandler
    startup_stm32f429xx.o(RESET) refers to stm32f4xx_it.o(i.USART3_IRQHandler) for USART3_IRQHandler
    startup_stm32f429xx.o(RESET) refers to stm32f4xx_it.o(i.UART4_IRQHandler) for UART4_IRQHandler
    startup_stm32f429xx.o(RESET) refers to stm32f4xx_it.o(i.DMA2_Stream1_IRQHandler) for DMA2_Stream1_IRQHandler
    startup_stm32f429xx.o(RESET) refers to stm32f4xx_it.o(i.DMA2_Stream6_IRQHandler) for DMA2_Stream6_IRQHandler
    startup_stm32f429xx.o(RESET) refers to stm32f4xx_it.o(i.USART6_IRQHandler) for USART6_IRQHandler
    startup_stm32f429xx.o(RESET) refers to stm32f4xx_it.o(i.UART7_IRQHandler) for UART7_IRQHandler
    startup_stm32f429xx.o(RESET) refers to stm32f4xx_it.o(i.UART8_IRQHandler) for UART8_IRQHandler
    startup_stm32f429xx.o(.text) refers to system_stm32f4xx.o(i.SystemInit) for SystemInit
    startup_stm32f429xx.o(.text) refers to entry.o(.ARM.Collect$$$$00000000) for __main
    main.o(i.SystemClock_Config) refers to memseta.o(.text) for __aeabi_memclr4
    main.o(i.SystemClock_Config) refers to stm32f4xx_hal_rcc.o(i.HAL_RCC_OscConfig) for HAL_RCC_OscConfig
    main.o(i.SystemClock_Config) refers to main.o(i.Error_Handler) for Error_Handler
    main.o(i.SystemClock_Config) refers to stm32f4xx_hal_rcc.o(i.HAL_RCC_ClockConfig) for HAL_RCC_ClockConfig
    main.o(i.SystemClock_Config) refers to stm32f4xx_hal_rcc_ex.o(i.HAL_RCCEx_PeriphCLKConfig) for HAL_RCCEx_PeriphCLKConfig
    main.o(i.SystemClock_Config) refers to stm32f4xx_hal_rcc.o(i.HAL_RCC_EnableCSS) for HAL_RCC_EnableCSS
    main.o(i.main) refers to stm32f4xx_hal.o(i.HAL_Init) for HAL_Init
    main.o(i.main) refers to main.o(i.SystemClock_Config) for SystemClock_Config
    main.o(i.main) refers to gpio.o(i.MX_GPIO_Init) for MX_GPIO_Init
    main.o(i.main) refers to dma.o(i.MX_DMA_Init) for MX_DMA_Init
    main.o(i.main) refers to i2c.o(i.MX_I2C2_Init) for MX_I2C2_Init
    main.o(i.main) refers to rtc.o(i.MX_RTC_Init) for MX_RTC_Init
    main.o(i.main) refers to spi.o(i.MX_SPI4_Init) for MX_SPI4_Init
    main.o(i.main) refers to spi.o(i.MX_SPI5_Init) for MX_SPI5_Init
    main.o(i.main) refers to usart.o(i.MX_UART4_Init) for MX_UART4_Init
    main.o(i.main) refers to usart.o(i.MX_UART7_Init) for MX_UART7_Init
    main.o(i.main) refers to usart.o(i.MX_UART8_Init) for MX_UART8_Init
    main.o(i.main) refers to usart.o(i.MX_USART2_UART_Init) for MX_USART2_UART_Init
    main.o(i.main) refers to usart.o(i.MX_USART3_UART_Init) for MX_USART3_UART_Init
    main.o(i.main) refers to usart.o(i.MX_USART6_UART_Init) for MX_USART6_UART_Init
    main.o(i.main) refers to crc.o(i.MX_CRC_Init) for MX_CRC_Init
[...]
    i.HAL_Init                               0x080010f4   Section        0  stm32f4xx_hal.o(i.HAL_Init)
    i.HAL_InitTick                           0x08001130   Section        0  stm32f4xx_hal.o(i.HAL_InitTick)
    i.HAL_MspInit                            0x0800117c   Section        0  stm32f4xx_hal_msp.o(i.HAL_MspInit)
    i.HAL_NVIC_EnableIRQ                     0x080011d0   Section        0  stm32f4xx_hal_cortex.o(i.HAL_NVIC_EnableIRQ)
    i.HAL_NVIC_SetPriority                   0x080011f0   Section        0  stm32f4xx_hal_cortex.o(i.HAL_NVIC_SetPriority)
    i.HAL_NVIC_SetPriorityGrouping           0x0800126c   Section        0  stm32f4xx_hal_cortex.o(i.HAL_NVIC_SetPriorityGrouping)
    i.HAL_RCCEx_PeriphCLKConfig              0x08001294   Section        0  stm32f4xx_hal_rcc_ex.o(i.HAL_RCCEx_PeriphCLKConfig)
    i.HAL_RCC_ClockConfig                    0x08001598   Section        0  stm32f4xx_hal_rcc.o(i.HAL_RCC_ClockConfig)
    i.HAL_RCC_EnableCSS                      0x0800171c   Section        0  stm32f4xx_hal_rcc.o(i.HAL_RCC_EnableCSS)
    i.HAL_RCC_GetHCLKFreq                    0x08001728   Section        0  stm32f4xx_hal_rcc.o(i.HAL_RCC_GetHCLKFreq)
    i.HAL_RCC_GetPCLK1Freq                   0x08001734   Section        0  stm32f4xx_hal_rcc.o(i.HAL_RCC_GetPCLK1Freq)
    i.HAL_RCC_GetPCLK2Freq                   0x08001754   Section        0  stm32f4xx_hal_rcc.o(i.HAL_RCC_GetPCLK2Freq)
    i.HAL_RCC_GetSysClockFreq                0x08001774   Section        0  stm32f4xx_hal_rcc.o(i.HAL_RCC_GetSysClockFreq)
    i.HAL_RCC_OscConfig                      0x08001824   Section        0  stm32f4xx_hal_rcc.o(i.HAL_RCC_OscConfig)
    i.HAL_RTC_Init                           0x08001cac   Section        0  stm32f4xx_hal_rtc.o(i.HAL_RTC_Init)
    i.HAL_RTC_MspInit                        0x08001d84   Section        0  rtc.o(i.HAL_RTC_MspInit)
    i.HAL_RTC_WaitForSynchro                 0x08001d9c   Section        0  stm32f4xx_hal_rtc.o(i.HAL_RTC_WaitForSynchro)
    i.HAL_SPI_Init                           0x08001dd6   Section        0  stm32f4xx_hal_spi.o(i.HAL_SPI_Init)
    i.HAL_SPI_MspInit                        0x08001e64   Section        0  spi.o(i.HAL_SPI_MspInit)
    i.HAL_SYSTICK_Config                     0x08001f60   Section        0  stm32f4xx_hal_cortex.o(i.HAL_SYSTICK_Config)
    i.HAL_UART_ErrorCallback                 0x08001f94   Section        0  stm32f4xx_hal_uart.o(i.HAL_UART_ErrorCallback)
    i.HAL_UART_IRQHandler                    0x08001f98   Section        0  stm32f4xx_hal_uart.o(i.HAL_UART_IRQHandler)
    i.HAL_UART_Init                          0x080020ec   Section        0  stm32f4xx_hal_uart.o(i.HAL_UART_Init)
    i.HAL_UART_MspInit                       0x08002160   Section        0  usart.o(i.HAL_UART_MspInit)
    i.HAL_UART_RxCpltCallback                0x080026a4   Section        0  stm32f4xx_hal_uart.o(i.HAL_UART_RxCpltCallback)
    i.HAL_UART_TxCpltCallback                0x080026a6   Section        0  stm32f4xx_hal_uart.o(i.HAL_UART_TxCpltCallback)
    i.HardFault_Handler                      0x080026a8   Section        0  stm32f4xx_it.o(i.HardFault_Handler)
    i.I2C2_ER_IRQHandler                     0x080026ac   Section        0  stm32f4xx_it.o(i.I2C2_ER_IRQHandler)
    i.I2C2_EV_IRQHandler                     0x080026bc   Section        0  stm32f4xx_it.o(i.I2C2_EV_IRQHandler)
    i.I2C_ConvertOtherXferOptions            0x080026cc   Section        0  stm32f4xx_hal_i2c.o(i.I2C_ConvertOtherXferOptions)
    I2C_ConvertOtherXferOptions              0x080026cd   Thumb Code    28  stm32f4xx_hal_i2c.o(i.I2C_ConvertOtherXferOptions)
    i.I2C_DMAAbort                           0x080026e8   Section        0  stm32f4xx_hal_i2c.o(i.I2C_DMAAbort)
    I2C_DMAAbort                             0x080026e9   Thumb Code   172  stm32f4xx_hal_i2c.o(i.I2C_DMAAbort)
    i.I2C_ITError                            0x08002794   Section        0  stm32f4xx_hal_i2c.o(i.I2C_ITError)
    I2C_ITError                              0x08002795   Thumb Code   410  stm32f4xx_hal_i2c.o(i.I2C_ITError)
    i.I2C_MasterReceive_BTF                  0x08002938   Section        0  stm32f4xx_hal_i2c.o(i.I2C_MasterReceive_BTF)
    I2C_MasterReceive_BTF                    0x08002939   Thumb Code   294  stm32f4xx_hal_i2c.o(i.I2C_MasterReceive_BTF)
    i.I2C_MasterReceive_RXNE                 0x08002a5e   Section        0  stm32f4xx_hal_i2c.o(i.I2C_MasterReceive_RXNE)
    I2C_MasterReceive_RXNE                   0x08002a5f   Thumb Code   164  stm32f4xx_hal_i2c.o(i.I2C_MasterReceive_RXNE)
    i.I2C_MasterTransmit_BTF                 0x08002b02   Section        0  stm32f4xx_hal_i2c.o(i.I2C_MasterTransmit_BTF)
    I2C_MasterTransmit_BTF                   0x08002b03   Thumb Code   176  stm32f4xx_hal_i2c.o(i.I2C_MasterTransmit_BTF)
    i.I2C_MasterTransmit_TXE                 0x08002bb2   Section        0  stm32f4xx_hal_i2c.o(i.I2C_MasterTransmit_TXE)
    I2C_MasterTransmit_TXE                   0x08002bb3   Thumb Code   216  stm32f4xx_hal_i2c.o(i.I2C_MasterTransmit_TXE)
    i.I2C_Master_ADD10                       0x08002c8a   Section        0  stm32f4xx_hal_i2c.o(i.I2C_Master_ADD10)
    I2C_Master_ADD10                         0x08002c8b   Thumb Code    42  stm32f4xx_hal_i2c.o(i.I2C_Master_ADD10)
    i.I2C_Master_ADDR                        0x08002cb4   Section        0  stm32f4xx_hal_i2c.o(i.I2C_Master_ADDR)
    I2C_Master_ADDR                          0x08002cb5   Thumb Code   616  stm32f4xx_hal_i2c.o(i.I2C_Master_ADDR)
    i.I2C_Master_SB                          0x08002f1c   Section        0  stm32f4xx_hal_i2c.o(i.I2C_Master_SB)
    I2C_Master_SB                            0x08002f1d   Thumb Code   158  stm32f4xx_hal_i2c.o(i.I2C_Master_SB)
    i.I2C_MemoryTransmit_TXE_BTF             0x08002fba   Section        0  stm32f4xx_hal_i2c.o(i.I2C_MemoryTransmit_TXE_BTF)
    I2C_MemoryTransmit_TXE_BTF               0x08002fbb   Thumb Code   124  stm32f4xx_hal_i2c.o(i.I2C_MemoryTransmit_TXE_BTF)
    i.I2C_SlaveReceive_BTF                   0x08003036   Section        0  stm32f4xx_hal_i2c.o(i.I2C_SlaveReceive_BTF)
    I2C_SlaveReceive_BTF                     0x08003037   Thumb Code    26  stm32f4xx_hal_i2c.o(i.I2C_SlaveReceive_BTF)
    i.I2C_SlaveReceive_RXNE                  0x08003050   Section        0  stm32f4xx_hal_i2c.o(i.I2C_SlaveReceive_RXNE)
    I2C_SlaveReceive_RXNE                    0x08003051   Thumb Code    70  stm32f4xx_hal_i2c.o(i.I2C_SlaveReceive_RXNE)
    i.I2C_SlaveTransmit_BTF                  0x08003096   Section        0  stm32f4xx_hal_i2c.o(i.I2C_SlaveTransmit_BTF)
    I2C_SlaveTransmit_BTF                    0x08003097   Thumb Code    26  stm32f4xx_hal_i2c.o(i.I2C_SlaveTransmit_BTF)
    i.I2C_SlaveTransmit_TXE                  0x080030b0   Section        0  stm32f4xx_hal_i2c.o(i.I2C_SlaveTransmit_TXE)
    I2C_SlaveTransmit_TXE                    0x080030b1   Thumb Code    70  stm32f4xx_hal_i2c.o(i.I2C_SlaveTransmit_TXE)
    i.I2C_Slave_ADDR                         0x080030f6   Section        0  stm32f4xx_hal_i2c.o(i.I2C_Slave_ADDR)
    I2C_Slave_ADDR                           0x080030f7   Thumb Code   102  stm32f4xx_hal_i2c.o(i.I2C_Slave_ADDR)
    i.I2C_Slave_AF                           0x0800315c   Section        0  stm32f4xx_hal_i2c.o(i.I2C_Slave_AF)
    I2C_Slave_AF                             0x0800315d   Thumb Code   156  stm32f4xx_hal_i2c.o(i.I2C_Slave_AF)
    i.I2C_Slave_STOPF                        0x080031fc   Section        0  stm32f4xx_hal_i2c.o(i.I2C_Slave_STOPF)
    I2C_Slave_STOPF                          0x080031fd   Thumb Code   386  stm32f4xx_hal_i2c.o(i.I2C_Slave_STOPF)
    i.MX_CRC_Init                            0x08003388   Section        0  crc.o(i.MX_CRC_Init)
    i.MX_DMA_Init                            0x080033a8   Section        0  dma.o(i.MX_DMA_Init)
    i.MX_FREERTOS_Init                       0x08003470   Section        0  freertos.o(i.MX_FREERTOS_Init)
    i.MX_GPIO_Init                           0x08003490   Section        0  gpio.o(i.MX_GPIO_Init)
    i.MX_I2C2_Init                           0x08003908   Section        0  i2c.o(i.MX_I2C2_Init)
    i.MX_RTC_Init                            0x08003960   Section        0  rtc.o(i.MX_RTC_Init)
    i.MX_SPI4_Init                           0x08003994   Section        0  spi.o(i.MX_SPI4_Init)
    i.MX_SPI5_Init                           0x080039d8   Section        0  spi.o(i.MX_SPI5_Init)
    i.MX_UART4_Init                          0x08003a1c   Section        0  usart.o(i.MX_UART4_Init)
    i.MX_UART7_Init                          0x08003a54   Section        0  usart.o(i.MX_UART7_Init)
    i.MX_UART8_Init                          0x08003a8c   Section        0  usart.o(i.MX_UART8_Init)
    i.MX_USART2_UART_Init                    0x08003ac4   Section        0  usart.o(i.MX_USART2_UART_Init)
    i.MX_USART3_UART_Init                    0x08003afc   Section        0  usart.o(i.MX_USART3_UART_Init)
    i.MX_USART6_UART_Init                    0x08003b34   Section        0  usart.o(i.MX_USART6_UART_Init)
    i.MemManage_Handler                      0x08003b6c   Section        0  stm32f4xx_it.o(i.MemManage_Handler)
    i.NMI_Handler                            0x08003b70   Section        0  stm32f4xx_it.o(i.NMI_Handler)
    i.RTC_EnterInitMode                      0x08003b72   Section        0  stm32f4xx_hal_rtc.o(i.RTC_EnterInitMode)
    i.StartDefaultTask                       0x08003bb0   Section        0  freertos.o(i.StartDefaultTask)
    i.SysTick_Handler                        0x08003bba   Section        0  stm32f4xx_it.o(i.SysTick_Handler)
    i.SystemClock_Config                     0x08003bbc   Section        0  main.o(i.SystemClock_Config)
    i.SystemInit                             0x08003c90   Section        0  system_stm32f4xx.o(i.SystemInit)
    i.UART4_IRQHandler                       0x08003cac   Section        0  stm32f4xx_it.o(i.UART4_IRQHandler)
    i.UART7_IRQHandler                       0x08003cbc   Section        0  stm32f4xx_it.o(i.UART7_IRQHandler)
    i.UART8_IRQHandler                       0x08003ccc   Section        0  stm32f4xx_it.o(i.UART8_IRQHandler)
    i.UART_DMAAbortOnError                   0x08003cdc   Section        0  stm32f4xx_hal_uart.o(i.UART_DMAAbortOnError)
    UART_DMAAbortOnError                     0x08003cdd   Thumb Code    20  stm32f4xx_hal_uart.o(i.UART_DMAAbortOnError)
    i.UART_EndRxTransfer                     0x08003cf0   Section        0  stm32f4xx_hal_uart.o(i.UART_EndRxTransfer)
    UART_EndRxTransfer                       0x08003cf1   Thumb Code    32  stm32f4xx_hal_uart.o(i.UART_EndRxTransfer)
    i.UART_EndTransmit_IT                    0x08003d10   Section        0  stm32f4xx_hal_uart.o(i.UART_EndTransmit_IT)
    UART_EndTransmit_IT                      0x08003d11   Thumb Code    32  stm32f4xx_hal_uart.o(i.UART_EndTransmit_IT)
    i.UART_Receive_IT                        0x08003d30   Section        0  stm32f4xx_hal_uart.o(i.UART_Receive_IT)
    UART_Receive_IT                          0x08003d31   Thumb Code   166  stm32f4xx_hal_uart.o(i.UART_Receive_IT)
    i.UART_SetConfig                         0x08003dd8   Section        0  stm32f4xx_hal_uart.o(i.UART_SetConfig)
    UART_SetConfig                           0x08003dd9   Thumb Code   992  stm32f4xx_hal_uart.o(i.UART_SetConfig)
    i.UART_Transmit_IT                       0x080041c0   Section        0  stm32f4xx_hal_uart.o(i.UART_Transmit_IT)
    UART_Transmit_IT                         0x080041c1   Thumb Code   104  stm32f4xx_hal_uart.o(i.UART_Transmit_IT)
    i.USART2_IRQHandler                      0x08004228   Section        0  stm32f4xx_it.o(i.USART2_IRQHandler)
    i.USART3_IRQHandler                      0x08004238   Section        0  stm32f4xx_it.o(i.USART3_IRQHandler)
    i.USART6_IRQHandler                      0x08004248   Section        0  stm32f4xx_it.o(i.USART6_IRQHandler)
    i.UsageFault_Handler                     0x08004258   Section        0  stm32f4xx_it.o(i.UsageFault_Handler)
    i.__NVIC_GetPriorityGrouping             0x0800425c   Section        0  stm32f4xx_hal_cortex.o(i.__NVIC_GetPriorityGrouping)
    __NVIC_GetPriorityGrouping               0x0800425d   Thumb Code    10  stm32f4xx_hal_cortex.o(i.__NVIC_GetPriorityGrouping)
    i.__NVIC_SetPriority                     0x0800426c   Section        0  stm32f4xx_hal_cortex.o(i.__NVIC_SetPriority)
    __NVIC_SetPriority                       0x0800426d   Thumb Code    32  stm32f4xx_hal_cortex.o(i.__NVIC_SetPriority)
    i.__get_BASEPRI                          0x08004294   Section        0  cmsis_os2.o(i.__get_BASEPRI)
    __get_BASEPRI                            0x08004295   Thumb Code     6  cmsis_os2.o(i.__get_BASEPRI)
    i.__get_IPSR                             0x0800429a   Section        0  cmsis_os2.o(i.__get_IPSR)
    __get_IPSR                               0x0800429b   Thumb Code     6  cmsis_os2.o(i.__get_IPSR)
    i.__get_PRIMASK                          0x080042a0   Section        0  cmsis_os2.o(i.__get_PRIMASK)
    __get_PRIMASK                            0x080042a1   Thumb Code     6  cmsis_os2.o(i.__get_PRIMASK)
    i.__scatterload_copy                     0x080042a6   Section       14  handlers.o(i.__scatterload_copy)
    i.__scatterload_null                     0x080042b4   Section        2  handlers.o(i.__scatterload_null)
    i.__scatterload_zeroinit                 0x080042b6   Section       14  handlers.o(i.__scatterload_zeroinit)
    i.main                                   0x080042c4   Section        0  main.o(i.main)
    i.osDelay                                0x08004310   Section        0  cmsis_os2.o(i.osDelay)
    i.osKernelInitialize                     0x08004348   Section        0  cmsis_os2.o(i.osKernelInitialize)
    i.osKernelStart                          0x08004388   Section        0  cmsis_os2.o(i.osKernelStart)
    i.osThreadNew                            0x080043d0   Section        0  cmsis_os2.o(i.osThreadNew)
    i.prvAddCurrentTaskToDelayedList         0x080044a8   Section        0  tasks.o(i.prvAddCurrentTaskToDelayedList)
    prvAddCurrentTaskToDelayedList           0x080044a9   Thumb Code   100  tasks.o(i.prvAddCurrentTaskToDelayedList)
    i.prvAddNewTaskToReadyList               0x08004524   Section        0  tasks.o(i.prvAddNewTaskToReadyList)
    prvAddNewTaskToReadyList                 0x08004525   Thumb Code   154  tasks.o(i.prvAddNewTaskToReadyList)
    i.prvCheckForValidListAndQueue           0x080045dc   Section        0  timers.o(i.prvCheckForValidListAndQueue)
    prvCheckForValidListAndQueue             0x080045dd   Thumb Code    78  timers.o(i.prvCheckForValidListAndQueue)
    i.prvCheckTasksWaitingTermination        0x08004650   Section        0  tasks.o(i.prvCheckTasksWaitingTermination)
    prvCheckTasksWaitingTermination          0x08004651   Thumb Code    60  tasks.o(i.prvCheckTasksWaitingTermination)
    i.prvCopyDataFromQueue                   0x08004698   Section        0  queue.o(i.prvCopyDataFromQueue)
    prvCopyDataFromQueue                     0x08004699   Thumb Code    42  queue.o(i.prvCopyDataFromQueue)
    i.prvCopyDataToQueue                     0x080046c2   Section        0  queue.o(i.prvCopyDataToQueue)
    prvCopyDataToQueue                       0x080046c3   Thumb Code   126  queue.o(i.prvCopyDataToQueue)
    i.prvDeleteTCB                           0x08004740   Section        0  tasks.o(i.prvDeleteTCB)
    prvDeleteTCB                             0x08004741   Thumb Code    80  tasks.o(i.prvDeleteTCB)
    i.prvGetNextExpireTime                   0x08004790   Section        0  timers.o(i.prvGetNextExpireTime)
    prvGetNextExpireTime                     0x08004791   Thumb Code    36  timers.o(i.prvGetNextExpireTime)
    i.prvHeapInit                            0x080047b8   Section        0  heap_4.o(i.prvHeapInit)
    prvHeapInit                              0x080047b9   Thumb Code    98  heap_4.o(i.prvHeapInit)
    i.prvIdleTask                            0x08004834   Section        0  tasks.o(i.prvIdleTask)
    prvIdleTask                              0x08004835   Thumb Code    32  tasks.o(i.prvIdleTask)
    i.prvInitialiseNewQueue                  0x0800485c   Section        0  queue.o(i.prvInitialiseNewQueue)
    prvInitialiseNewQueue                    0x0800485d   Thumb Code    42  queue.o(i.prvInitialiseNewQueue)
    i.prvInitialiseNewTask                   0x08004886   Section        0  tasks.o(i.prvInitialiseNewTask)
    prvInitialiseNewTask                     0x08004887   Thumb Code   190  tasks.o(i.prvInitialiseNewTask)
    i.prvInitialiseTaskLists                 0x08004944   Section        0  tasks.o(i.prvInitialiseTaskLists)
    prvInitialiseTaskLists                   0x08004945   Thumb Code    70  tasks.o(i.prvInitialiseTaskLists)
    i.prvInsertBlockIntoFreeList             0x080049ac   Section        0  heap_4.o(i.prvInsertBlockIntoFreeList)
    prvInsertBlockIntoFreeList               0x080049ad   Thumb Code    96  heap_4.o(i.prvInsertBlockIntoFreeList)
    i.prvInsertTimerInActiveList             0x08004a14   Section        0  timers.o(i.prvInsertTimerInActiveList)
    prvInsertTimerInActiveList               0x08004a15   Thumb Code    80  timers.o(i.prvInsertTimerInActiveList)
    i.prvIsQueueEmpty                        0x08004a6c   Section        0  queue.o(i.prvIsQueueEmpty)
    prvIsQueueEmpty                          0x08004a6d   Thumb Code    26  queue.o(i.prvIsQueueEmpty)
    i.prvIsQueueFull                         0x08004a86   Section        0  queue.o(i.prvIsQueueFull)
    prvIsQueueFull                           0x08004a87   Thumb Code    30  queue.o(i.prvIsQueueFull)
    i.prvProcessExpiredTimer                 0x08004aa4   Section        0  timers.o(i.prvProcessExpiredTimer)
    prvProcessExpiredTimer                   0x08004aa5   Thumb Code   110  timers.o(i.prvProcessExpiredTimer)
    i.prvProcessReceivedCommands             0x08004b18   Section        0  timers.o(i.prvProcessReceivedCommands)
    prvProcessReceivedCommands               0x08004b19   Thumb Code   350  timers.o(i.prvProcessReceivedCommands)
    i.prvProcessTimerOrBlockTask             0x08004c7c   Section        0  timers.o(i.prvProcessTimerOrBlockTask)
    prvProcessTimerOrBlockTask               0x08004c7d   Thumb Code   102  timers.o(i.prvProcessTimerOrBlockTask)
    i.prvResetNextTaskUnblockTime            0x08004cf0   Section        0  tasks.o(i.prvResetNextTaskUnblockTime)
    prvResetNextTaskUnblockTime              0x08004cf1   Thumb Code    42  tasks.o(i.prvResetNextTaskUnblockTime)
    i.prvSampleTimeNow                       0x08004d24   Section        0  timers.o(i.prvSampleTimeNow)
    prvSampleTimeNow                         0x08004d25   Thumb Code    40  timers.o(i.prvSampleTimeNow)
    i.prvSwitchTimerLists                    0x08004d50   Section        0  timers.o(i.prvSwitchTimerLists)
    prvSwitchTimerLists                      0x08004d51   Thumb Code   154  timers.o(i.prvSwitchTimerLists)
    i.prvTaskExitError                       0x08004df4   Section        0  port.o(i.prvTaskExitError)
    prvTaskExitError                         0x08004df5   Thumb Code    60  port.o(i.prvTaskExitError)
    i.prvTimerTask                           0x08004e34   Section        0  timers.o(i.prvTimerTask)
    prvTimerTask                             0x08004e35   Thumb Code    26  timers.o(i.prvTimerTask)
    i.prvUnlockQueue                         0x08004e4e   Section        0  queue.o(i.prvUnlockQueue)
    prvUnlockQueue                           0x08004e4f   Thumb Code   126  queue.o(i.prvUnlockQueue)
    i.pvPortMalloc                           0x08004ecc   Section        0  heap_4.o(i.pvPortMalloc)
    i.pxPortInitialiseStack                  0x08005008   Section        0  port.o(i.pxPortInitialiseStack)
    i.uxListRemove                           0x08005034   Section        0  list.o(i.uxListRemove)
    i.vApplicationGetIdleTaskMemory          0x0800505c   Section        0  cmsis_os2.o(i.vApplicationGetIdleTaskMemory)
    i.vApplicationGetTimerTaskMemory         0x08005074   Section        0  cmsis_os2.o(i.vApplicationGetTimerTaskMemory)
    i.vListInitialise                        0x0800508c   Section        0  list.o(i.vListInitialise)
    i.vListInitialiseItem                    0x080050a6   Section        0  list.o(i.vListInitialiseItem)
    i.vListInsert                            0x080050ac   Section        0  list.o(i.vListInsert)
    i.vListInsertEnd                         0x080050e0   Section        0  list.o(i.vListInsertEnd)
    i.vPortEnterCritical                     0x080050f8   Section        0  port.o(i.vPortEnterCritical)
    i.vPortExitCritical                      0x0800514c   Section        0  port.o(i.vPortExitCritical)
    i.vPortFree                              0x08005188   Section        0  heap_4.o(i.vPortFree)
    i.vPortSetupTimerInterrupt               0x0800521c   Section        0  port.o(i.vPortSetupTimerInterrupt)
    i.vPortValidateInterruptPriority         0x08005244   Section        0  port.o(i.vPortValidateInterruptPriority)
    i.vQueueAddToRegistry                    0x080052bc   Section        0  queue.o(i.vQueueAddToRegistry)
    i.vQueueWaitForMessageRestricted         0x080052e8   Section        0  queue.o(i.vQueueWaitForMessageRestricted)
    i.vTaskDelay                             0x08005334   Section        0  tasks.o(i.vTaskDelay)
    i.vTaskInternalSetTimeOutState           0x08005390   Section        0  tasks.o(i.vTaskInternalSetTimeOutState)
    i.vTaskMissedYield                       0x080053a8   Section        0  tasks.o(i.vTaskMissedYield)
    i.vTaskPlaceOnEventList                  0x080053b4   Section        0  tasks.o(i.vTaskPlaceOnEventList)
    i.vTaskPlaceOnEventListRestricted        0x080053ec   Section        0  tasks.o(i.vTaskPlaceOnEventListRestricted)
    i.vTaskStartScheduler                    0x0800542c   Section        0  tasks.o(i.vTaskStartScheduler)
    i.vTaskSuspendAll                        0x080054e4   Section        0  tasks.o(i.vTaskSuspendAll)
    i.vTaskSwitchContext                     0x080054f4   Section        0  tasks.o(i.vTaskSwitchContext)
    i.xPortStartScheduler                    0x08005584   Section        0  port.o(i.xPortStartScheduler)
    i.xQueueGenericCreateStatic              0x080056ec   Section        0  queue.o(i.xQueueGenericCreateStatic)
    i.xQueueGenericReset                     0x080057cc   Section        0  queue.o(i.xQueueGenericReset)
    i.xQueueGenericSend                      0x08005864   Section        0  queue.o(i.xQueueGenericSend)
    i.xQueueGenericSendFromISR               0x08005a0c   Section        0  queue.o(i.xQueueGenericSendFromISR)
    i.xQueueReceive                          0x08005b04   Section        0  queue.o(i.xQueueReceive)
    i.xTaskCheckForTimeOut                   0x08005c6c   Section        0  tasks.o(i.xTaskCheckForTimeOut)
    i.xTaskCreate                            0x08005cf8   Section        0  tasks.o(i.xTaskCreate)
    i.xTaskCreateStatic                      0x08005d5c   Section        0  tasks.o(i.xTaskCreateStatic)
    i.xTaskGetSchedulerState                 0x08005e18   Section        0  tasks.o(i.xTaskGetSchedulerState)
    i.xTaskGetTickCount                      0x08005e38   Section        0  tasks.o(i.xTaskGetTickCount)
    i.xTaskIncrementTick                     0x08005e44   Section        0  tasks.o(i.xTaskIncrementTick)
    i.xTaskPriorityDisinherit                0x08005f88   Section        0  tasks.o(i.xTaskPriorityDisinherit)
    i.xTaskRemoveFromEventList               0x0800602c   Section        0  tasks.o(i.xTaskRemoveFromEventList)
    i.xTaskResumeAll                         0x080060c4   Section        0  tasks.o(i.xTaskResumeAll)
    i.xTimerCreateTimerTask                  0x080061c8   Section        0  timers.o(i.xTimerCreateTimerTask)
    i.xTimerGenericCommand                   0x08006240   Section        0  timers.o(i.xTimerGenericCommand)
    .constdata                               0x080062c4   Section       36  freertos.o(.constdata)
    .constdata                               0x080062e8   Section        8  stm32f4xx_hal_dma.o(.constdata)
    flagBitshiftOffset                       0x080062e8   Data           8  stm32f4xx_hal_dma.o(.constdata)
    .constdata                               0x080062f0   Section       24  system_stm32f4xx.o(.constdata)
    .conststring                             0x08006308   Section       12  freertos.o(.conststring)
    .data                                    0x20000000   Section        8  crc.o(.data)
    .data                                    0x20000008   Section        4  freertos.o(.data)
    .data                                    0x2000000c   Section        9  stm32f4xx_hal.o(.data)
    .data                                    0x20000018   Section        4  system_stm32f4xx.o(.data)
    .data                                    0x2000001c   Section       60  tasks.o(.data)
    pxDelayedTaskList                        0x20000020   Data           4  tasks.o(.data)
    pxOverflowDelayedTaskList                0x20000024   Data           4  tasks.o(.data)
    uxDeletedTasksWaitingCleanUp             0x20000028   Data           4  tasks.o(.data)
    uxCurrentNumberOfTasks                   0x2000002c   Data           4  tasks.o(.data)
    xTickCount                               0x20000030   Data           4  tasks.o(.data)
    uxTopReadyPriority                       0x20000034   Data           4  tasks.o(.data)
    xSchedulerRunning                        0x20000038   Data           4  tasks.o(.data)
    uxPendedTicks                            0x2000003c   Data           4  tasks.o(.data)
    xYieldPending                            0x20000040   Data           4  tasks.o(.data)
    xNumOfOverflows                          0x20000044   Data           4  tasks.o(.data)
    uxTaskNumber                             0x20000048   Data           4  tasks.o(.data)
    xNextTaskUnblockTime                     0x2000004c   Data           4  tasks.o(.data)
    xIdleTaskHandle                          0x20000050   Data           4  tasks.o(.data)
    uxSchedulerSuspended                     0x20000054   Data           4  tasks.o(.data)
    .data                                    0x20000058   Section       20  timers.o(.data)
    pxCurrentTimerList                       0x20000058   Data           4  timers.o(.data)
    pxOverflowTimerList                      0x2000005c   Data           4  timers.o(.data)
    xTimerQueue                              0x20000060   Data           4  timers.o(.data)
    xTimerTaskHandle                         0x20000064   Data           4  timers.o(.data)
    xLastTime                                0x20000068   Data           4  timers.o(.data)
    .data                                    0x2000006c   Section        4  cmsis_os2.o(.data)
    KernelState                              0x2000006c   Data           4  cmsis_os2.o(.data)
    .data                                    0x20000070   Section       24  heap_4.o(.data)
    xStart                                   0x20000070   Data           8  heap_4.o(.data)
    pxEnd                                    0x20000078   Data           4  heap_4.o(.data)
    xFreeBytesRemaining                      0x2000007c   Data           4  heap_4.o(.data)
    xMinimumEverFreeBytesRemaining           0x20000080   Data           4  heap_4.o(.data)
    xBlockAllocatedBit                       0x20000084   Data           4  heap_4.o(.data)
    .data                                    0x20000088   Section       12  port.o(.data)
    uxCriticalNesting                        0x20000088   Data           4  port.o(.data)
    ucMaxSysCallPriority                     0x2000008c   Data           1  port.o(.data)
    ulMaxPRIGROUPValue                       0x20000090   Data           4  port.o(.data)
    .bss                                     0x20000094   Section       84  i2c.o(.bss)
    .bss                                     0x200000e8   Section       32  rtc.o(.bss)
    .bss                                     0x20000108   Section      176  spi.o(.bss)
    .bss                                     0x200001b8   Section     1152  usart.o(.bss)
    .bss                                     0x20000638   Section       64  queue.o(.bss)
    .bss                                     0x20000678   Section     1220  tasks.o(.bss)
    pxReadyTasksLists                        0x20000678   Data        1120  tasks.o(.bss)
    xDelayedTaskList1                        0x20000ad8   Data          20  tasks.o(.bss)
    xDelayedTaskList2                        0x20000aec   Data          20  tasks.o(.bss)
    xPendingReadyList                        0x20000b00   Data          20  tasks.o(.bss)
    xTasksWaitingTermination                 0x20000b14   Data          20  tasks.o(.bss)
    xSuspendedTaskList                       0x20000b28   Data          20  tasks.o(.bss)
    .bss                                     0x20000b3c   Section      280  timers.o(.bss)
    xActiveTimerList1                        0x20000b3c   Data          20  timers.o(.bss)
    xActiveTimerList2                        0x20000b50   Data          20  timers.o(.bss)
    xStaticTimerQueue                        0x20000b64   Data          80  timers.o(.bss)
    ucStaticTimerQueueStorage                0x20000bb4   Data         160  timers.o(.bss)
    .bss                                     0x20000c54   Section     3256  cmsis_os2.o(.bss)
    Idle_TCB                                 0x20000c54   Data          92  cmsis_os2.o(.bss)
    Idle_Stack                               0x20000cb0   Data        1024  cmsis_os2.o(.bss)
    Timer_TCB                                0x200010b0   Data          92  cmsis_os2.o(.bss)
    Timer_Stack                              0x2000110c   Data        2048  cmsis_os2.o(.bss)
    .bss                                     0x2000190c   Section    15360  heap_4.o(.bss)
    ucHeap                                   0x2000190c   Data       15360  heap_4.o(.bss)
    STACK                                    0x20005510   Section     8192  startup_stm32f429xx.o(STACK)

    Global Symbols

    Symbol Name                              Value     Ov Type        Size  Object(Section)

    BuildAttributes$$THM_ISAv4$E$P$D$K$B$S$7EM$VFPi3$EXTD16$VFPS$VFMA$PE$A:L22UL41UL21$X:L11$S22US41US21$IEEE1$IW$USESV6$~STKCKD$USESV7$~SHL$OTIME$ROPI$IEEEX$EBA8$MICROLIB$REQ8$PRES8$EABIv2 0x00000000   Number         0  anon$$obj.o ABSOLUTE
    __ARM_use_no_argv                        0x00000000   Number         0  main.o ABSOLUTE
    __cpp_initialize__aeabi_                  - Undefined Weak Reference
    __cxa_finalize                            - Undefined Weak Reference
    __decompress                              - Undefined Weak Reference
    _clock_init                               - Undefined Weak Reference
    _microlib_exit                            - Undefined Weak Reference
    __Vectors_Size                           0x000001ac   Number         0  startup_stm32f429xx.o ABSOLUTE
    __Vectors                                0x08000000   Data           4  startup_stm32f429xx.o(RESET)
    __Vectors_End                            0x080001ac   Data           0  startup_stm32f429xx.o(RESET)
    __main                                   0x080001ad   Thumb Code     0  entry.o(.ARM.Collect$$$$00000000)
    _main_stk                                0x080001ad   Thumb Code     0  entry2.o(.ARM.Collect$$$$00000001)
    _main_scatterload                        0x080001b1   Thumb Code     0  entry5.o(.ARM.Collect$$$$00000004)
    __main_after_scatterload                 0x080001b5   Thumb Code     0  entry5.o(.ARM.Collect$$$$00000004)
    _main_clock                              0x080001b5   Thumb Code     0  entry7b.o(.ARM.Collect$$$$00000008)
    _main_cpp_init                           0x080001b5   Thumb Code     0  entry8b.o(.ARM.Collect$$$$0000000A)
    _main_init                               0x080001b5   Thumb Code     0  entry9a.o(.ARM.Collect$$$$0000000B)
    __rt_final_cpp                           0x080001bd   Thumb Code     0  entry10a.o(.ARM.Collect$$$$0000000D)
    __rt_final_exit                          0x080001bd   Thumb Code     0  entry11a.o(.ARM.Collect$$$$0000000F)
    SVC_Handler                              0x080001c1   Thumb Code    28  port.o(.emb_text)
    __asm___6_port_c_39a90d8d__prvStartFirstTask 0x080001e1   Thumb Code    36  port.o(.emb_text)
    __asm___6_port_c_39a90d8d__prvEnableVFP  0x08000209   Thumb Code    16  port.o(.emb_text)
    PendSV_Handler                           0x0800021d   Thumb Code    88  port.o(.emb_text)
    vPortGetIPSR                             0x08000279   Thumb Code     6  port.o(.emb_text)
    Reset_Handler                            0x08000281   Thumb Code     8  startup_stm32f429xx.o(.text)
    ADC_IRQHandler                           0x0800029b   Thumb Code     0  startup_stm32f429xx.o(.text)
    CAN1_RX0_IRQHandler                      0x0800029b   Thumb Code     0  startup_stm32f429xx.o(.text)
    CAN1_RX1_IRQHandler                      0x0800029b   Thumb Code     0  startup_stm32f429xx.o(.text)
    CAN1_SCE_IRQHandler                      0x0800029b   Thumb Code     0  startup_stm32f429xx.o(.text)
    CAN1_TX_IRQHandler                       0x0800029b   Thumb Code     0  startup_stm32f429xx.o(.text)
    CAN2_RX0_IRQHandler                      0x0800029b   Thumb Code     0  startup_stm32f429xx.o(.text)
    CAN2_RX1_IRQHandler                      0x0800029b   Thumb Code     0  startup_stm32f429xx.o(.text)
    CAN2_SCE_IRQHandler                      0x0800029b   Thumb Code     0  startup_stm32f429xx.o(.text)
    CAN2_TX_IRQHandler                       0x0800029b   Thumb Code     0  startup_stm32f429xx.o(.text)
    DCMI_IRQHandler                          0x0800029b   Thumb Code     0  startup_stm32f429xx.o(.text)
    DMA1_Stream0_IRQHandler                  0x0800029b   Thumb Code     0  startup_stm32f429xx.o(.text)
    DMA1_Stream7_IRQHandler                  0x0800029b   Thumb Code     0  startup_stm32f429xx.o(.text)
    DMA2D_IRQHandler                         0x0800029b   Thumb Code     0  startup_stm32f429xx.o(.text)
    DMA2_Stream0_IRQHandler                  0x0800029b   Thumb Code     0  startup_stm32f429xx.o(.text)
    DMA2_Stream2_IRQHandler                  0x0800029b   Thumb Code     0  startup_stm32f429xx.o(.text)
    DMA2_Stream3_IRQHandler                  0x0800029b   Thumb Code     0  startup_stm32f429xx.o(.text)
    DMA2_Stream4_IRQHandler                  0x0800029b   Thumb Code     0  startup_stm32f429xx.o(.text)
    DMA2_Stream5_IRQHandler                  0x0800029b   Thumb Code     0  startup_stm32f429xx.o(.text)
    DMA2_Stream7_IRQHandler                  0x0800029b   Thumb Code     0  startup_stm32f429xx.o(.text)
    ETH_IRQHandler                           0x0800029b   Thumb Code     0  startup_stm32f429xx.o(.text)
    ETH_WKUP_IRQHandler                      0x0800029b   Thumb Code     0  startup_stm32f429xx.o(.text)
    EXTI0_IRQHandler                         0x0800029b   Thumb Code     0  startup_stm32f429xx.o(.text)
    EXTI15_10_IRQHandler                     0x0800029b   Thumb Code     0  startup_stm32f429xx.o(.text)
    EXTI1_IRQHandler                         0x0800029b   Thumb Code     0  startup_stm32f429xx.o(.text)
    EXTI2_IRQHandler                         0x0800029b   Thumb Code     0  startup_stm32f429xx.o(.text)
    EXTI4_IRQHandler                         0x0800029b   Thumb Code     0  startup_stm32f429xx.o(.text)
    FLASH_IRQHandler                         0x0800029b   Thumb Code     0  startup_stm32f429xx.o(.text)
    FMC_IRQHandler                           0x0800029b   Thumb Code     0  startup_stm32f429xx.o(.text)
    FPU_IRQHandler                           0x0800029b   Thumb Code     0  startup_stm32f429xx.o(.text)
    HASH_RNG_IRQHandler                      0x0800029b   Thumb Code     0  startup_stm32f429xx.o(.text)
    I2C1_ER_IRQHandler                       0x0800029b   Thumb Code     0  startup_stm32f429xx.o(.text)
    I2C1_EV_IRQHandler                       0x0800029b   Thumb Code     0  startup_stm32f429xx.o(.text)
    I2C3_ER_IRQHandler                       0x0800029b   Thumb Code     0  startup_stm32f429xx.o(.text)
    I2C3_EV_IRQHandler                       0x0800029b   Thumb Code     0  startup_stm32f429xx.o(.text)
    LTDC_ER_IRQHandler                       0x0800029b   Thumb Code     0  startup_stm32f429xx.o(.text)
    LTDC_IRQHandler                          0x0800029b   Thumb Code     0  startup_stm32f429xx.o(.text)
    OTG_FS_IRQHandler                        0x0800029b   Thumb Code     0  startup_stm32f429xx.o(.text)
    OTG_FS_WKUP_IRQHandler                   0x0800029b   Thumb Code     0  startup_stm32f429xx.o(.text)
    OTG_HS_EP1_IN_IRQHandler                 0x0800029b   Thumb Code     0  startup_stm32f429xx.o(.text)
    OTG_HS_EP1_OUT_IRQHandler                0x0800029b   Thumb Code     0  startup_stm32f429xx.o(.text)
    OTG_HS_IRQHandler                        0x0800029b   Thumb Code     0  startup_stm32f429xx.o(.text)
    OTG_HS_WKUP_IRQHandler                   0x0800029b   Thumb Code     0  startup_stm32f429xx.o(.text)
    PVD_IRQHandler                           0x0800029b   Thumb Code     0  startup_stm32f429xx.o(.text)
    RCC_IRQHandler                           0x0800029b   Thumb Code     0  startup_stm32f429xx.o(.text)
    RTC_Alarm_IRQHandler                     0x0800029b   Thumb Code     0  startup_stm32f429xx.o(.text)
    RTC_WKUP_IRQHandler                      0x0800029b   Thumb Code     0  startup_stm32f429xx.o(.text)
    SAI1_IRQHandler                          0x0800029b   Thumb Code     0  startup_stm32f429xx.o(.text)
    SDIO_IRQHandler                          0x0800029b   Thumb Code     0  startup_stm32f429xx.o(.text)
    SPI1_IRQHandler                          0x0800029b   Thumb Code     0  startup_stm32f429xx.o(.text)
    SPI2_IRQHandler                          0x0800029b   Thumb Code     0  startup_stm32f429xx.o(.text)
    SPI3_IRQHandler                          0x0800029b   Thumb Code     0  startup_stm32f429xx.o(.text)
    SPI4_IRQHandler                          0x0800029b   Thumb Code     0  startup_stm32f429xx.o(.text)
    SPI5_IRQHandler                          0x0800029b   Thumb Code     0  startup_stm32f429xx.o(.text)
    SPI6_IRQHandler                          0x0800029b   Thumb Code     0  startup_stm32f429xx.o(.text)
    TAMP_STAMP_IRQHandler                    0x0800029b   Thumb Code     0  startup_stm32f429xx.o(.text)
    TIM1_BRK_TIM9_IRQHandler                 0x0800029b   Thumb Code     0  startup_stm32f429xx.o(.text)
    TIM1_CC_IRQHandler                       0x0800029b   Thumb Code     0  startup_stm32f429xx.o(.text)
    TIM1_TRG_COM_TIM11_IRQHandler            0x0800029b   Thumb Code     0  startup_stm32f429xx.o(.text)
    TIM1_UP_TIM10_IRQHandler                 0x0800029b   Thumb Code     0  startup_stm32f429xx.o(.text)
    TIM2_IRQHandler                          0x0800029b   Thumb Code     0  startup_stm32f429xx.o(.text)
    TIM3_IRQHandler                          0x0800029b   Thumb Code     0  startup_stm32f429xx.o(.text)
    TIM4_IRQHandler                          0x0800029b   Thumb Code     0  startup_stm32f429xx.o(.text)
    TIM5_IRQHandler                          0x0800029b   Thumb Code     0  startup_stm32f429xx.o(.text)
    TIM6_DAC_IRQHandler                      0x0800029b   Thumb Code     0  startup_stm32f429xx.o(.text)
    TIM7_IRQHandler                          0x0800029b   Thumb Code     0  startup_stm32f429xx.o(.text)
    TIM8_BRK_TIM12_IRQHandler                0x0800029b   Thumb Code     0  startup_stm32f429xx.o(.text)
    TIM8_CC_IRQHandler                       0x0800029b   Thumb Code     0  startup_stm32f429xx.o(.text)
    TIM8_TRG_COM_TIM14_IRQHandler            0x0800029b   Thumb Code     0  startup_stm32f429xx.o(.text)
    TIM8_UP_TIM13_IRQHandler                 0x0800029b   Thumb Code     0  startup_stm32f429xx.o(.text)
    UART5_IRQHandler                         0x0800029b   Thumb Code     0  startup_stm32f429xx.o(.text)
    USART1_IRQHandler                        0x0800029b   Thumb Code     0  startup_stm32f429xx.o(.text)
    WWDG_IRQHandler                          0x0800029b   Thumb Code     0  startup_stm32f429xx.o(.text)
    __aeabi_uldivmod                         0x080002a5   Thumb Code    98  uldiv.o(.text)
    __aeabi_memcpy                           0x08000307   Thumb Code    36  memcpya.o(.text)
    __aeabi_memcpy4                          0x08000307   Thumb Code     0  memcpya.o(.text)
    __aeabi_memcpy8                          0x08000307   Thumb Code     0  memcpya.o(.text)
    __aeabi_memset                           0x0800032b   Thumb Code    14  memseta.o(.text)
    __aeabi_memset4                          0x0800032b   Thumb Code     0  memseta.o(.text)
    __aeabi_memset8                          0x0800032b   Thumb Code     0  memseta.o(.text)
    __aeabi_memclr                           0x08000339   Thumb Code     4  memseta.o(.text)
    __aeabi_memclr4                          0x08000339   Thumb Code     0  memseta.o(.text)
    __aeabi_memclr8                          0x08000339   Thumb Code     0  memseta.o(.text)
    memset                                   0x0800033d   Thumb Code    18  memseta.o(.text)
    __aeabi_llsl                             0x0800034f   Thumb Code    30  llshl.o(.text)
    _ll_shift_l                              0x0800034f   Thumb Code     0  llshl.o(.text)
    __aeabi_llsr                             0x0800036d   Thumb Code    32  llushr.o(.text)
    _ll_ushift_r                             0x0800036d   Thumb Code     0  llushr.o(.text)
    __scatterload                            0x0800038d   Thumb Code    28  init.o(.text)
    __scatterload_rt2                        0x0800038d   Thumb Code     0  init.o(.text)
    BusFault_Handler                         0x080003b1   Thumb Code     4  stm32f4xx_it.o(i.BusFault_Handler)
    DMA1_Stream1_IRQHandler                  0x080003b5   Thumb Code    10  stm32f4xx_it.o(i.DMA1_Stream1_IRQHandler)
    DMA1_Stream2_IRQHandler                  0x080003c5   Thumb Code    10  stm32f4xx_it.o(i.DMA1_Stream2_IRQHandler)
    DMA1_Stream3_IRQHandler                  0x080003d5   Thumb Code    10  stm32f4xx_it.o(i.DMA1_Stream3_IRQHandler)
    DMA1_Stream4_IRQHandler                  0x080003e5   Thumb Code    10  stm32f4xx_it.o(i.DMA1_Stream4_IRQHandler)
    DMA1_Stream5_IRQHandler                  0x080003f5   Thumb Code    10  stm32f4xx_it.o(i.DMA1_Stream5_IRQHandler)
    DMA1_Stream6_IRQHandler                  0x08000405   Thumb Code    10  stm32f4xx_it.o(i.DMA1_Stream6_IRQHandler)
    DMA2_Stream1_IRQHandler                  0x08000415   Thumb Code    10  stm32f4xx_it.o(i.DMA2_Stream1_IRQHandler)
    DMA2_Stream6_IRQHandler                  0x08000425   Thumb Code    10  stm32f4xx_it.o(i.DMA2_Stream6_IRQHandler)
    DebugMon_Handler                         0x08000513   Thumb Code     2  stm32f4xx_it.o(i.DebugMon_Handler)
    EXTI3_IRQHandler                         0x08000515   Thumb Code    10  stm32f4xx_it.o(i.EXTI3_IRQHandler)
    EXTI9_5_IRQHandler                       0x0800051f   Thumb Code    12  stm32f4xx_it.o(i.EXTI9_5_IRQHandler)
    Error_Handler                            0x0800052b   Thumb Code     2  main.o(i.Error_Handler)
    HAL_CRC_Init                             0x0800052d   Thumb Code    32  stm32f4xx_hal_crc.o(i.HAL_CRC_Init)
    HAL_CRC_MspInit                          0x0800054d   Thumb Code    44  crc.o(i.HAL_CRC_MspInit)
    HAL_DMA_Abort_IT                         0x08000581   Thumb Code    40  stm32f4xx_hal_dma.o(i.HAL_DMA_Abort_IT)
    HAL_DMA_GetState                         0x080005a9   Thumb Code     8  stm32f4xx_hal_dma.o(i.HAL_DMA_GetState)
    HAL_DMA_IRQHandler                       0x080005b1   Thumb Code   570  stm32f4xx_hal_dma.o(i.HAL_DMA_IRQHandler)
    HAL_DMA_Init                             0x080007f1   Thumb Code   232  stm32f4xx_hal_dma.o(i.HAL_DMA_Init)
    HAL_GPIO_EXTI_Callback                   0x080008dd   Thumb Code     2  stm32f4xx_hal_gpio.o(i.HAL_GPIO_EXTI_Callback)
    HAL_GPIO_EXTI_IRQHandler                 0x080008e1   Thumb Code    24  stm32f4xx_hal_gpio.o(i.HAL_GPIO_EXTI_IRQHandler)
    HAL_GPIO_Init                            0x080008fd   Thumb Code   486  stm32f4xx_hal_gpio.o(i.HAL_GPIO_Init)
    HAL_GPIO_WritePin                        0x08000b19   Thumb Code    12  stm32f4xx_hal_gpio.o(i.HAL_GPIO_WritePin)
    HAL_GetTick                              0x08000b25   Thumb Code     6  stm32f4xx_hal.o(i.HAL_GetTick)
    HAL_I2CEx_ConfigAnalogFilter             0x08000b31   Thumb Code    76  stm32f4xx_hal_i2c_ex.o(i.HAL_I2CEx_ConfigAnalogFilter)
    HAL_I2CEx_ConfigDigitalFilter            0x08000b7d   Thumb Code    80  stm32f4xx_hal_i2c_ex.o(i.HAL_I2CEx_ConfigDigitalFilter)
    HAL_I2C_AbortCpltCallback                0x08000bcd   Thumb Code     2  stm32f4xx_hal_i2c.o(i.HAL_I2C_AbortCpltCallback)
    HAL_I2C_AddrCallback                     0x08000bcf   Thumb Code     2  stm32f4xx_hal_i2c.o(i.HAL_I2C_AddrCallback)
    HAL_I2C_ER_IRQHandler                    0x08000bd1   Thumb Code   212  stm32f4xx_hal_i2c.o(i.HAL_I2C_ER_IRQHandler)
    HAL_I2C_EV_IRQHandler                    0x08000ca5   Thumb Code   452  stm32f4xx_hal_i2c.o(i.HAL_I2C_EV_IRQHandler)
    HAL_I2C_ErrorCallback                    0x08000e69   Thumb Code     2  stm32f4xx_hal_i2c.o(i.HAL_I2C_ErrorCallback)
    HAL_I2C_Init                             0x08000e6d   Thumb Code   446  stm32f4xx_hal_i2c.o(i.HAL_I2C_Init)
    HAL_I2C_ListenCpltCallback               0x0800103d   Thumb Code     2  stm32f4xx_hal_i2c.o(i.HAL_I2C_ListenCpltCallback)
    HAL_I2C_MasterRxCpltCallback             0x0800103f   Thumb Code     2  stm32f4xx_hal_i2c.o(i.HAL_I2C_MasterRxCpltCallback)
    HAL_I2C_MasterTxCpltCallback             0x08001041   Thumb Code     2  stm32f4xx_hal_i2c.o(i.HAL_I2C_MasterTxCpltCallback)
    HAL_I2C_MemRxCpltCallback                0x08001043   Thumb Code     2  stm32f4xx_hal_i2c.o(i.HAL_I2C_MemRxCpltCallback)
    HAL_I2C_MemTxCpltCallback                0x08001045   Thumb Code     2  stm32f4xx_hal_i2c.o(i.HAL_I2C_MemTxCpltCallback)
    HAL_I2C_MspInit                          0x08001049   Thumb Code   154  i2c.o(i.HAL_I2C_MspInit)
    HAL_I2C_SlaveRxCpltCallback              0x080010f1   Thumb Code     2  stm32f4xx_hal_i2c.o(i.HAL_I2C_SlaveRxCpltCallback)
    HAL_I2C_SlaveTxCpltCallback              0x080010f3   Thumb Code     2  stm32f4xx_hal_i2c.o(i.HAL_I2C_SlaveTxCpltCallback)
    HAL_Init                                 0x080010f5   Thumb Code    54  stm32f4xx_hal.o(i.HAL_Init)
    HAL_InitTick                             0x08001131   Thumb Code    64  stm32f4xx_hal.o(i.HAL_InitTick)
    HAL_MspInit                              0x0800117d   Thumb Code    78  stm32f4xx_hal_msp.o(i.HAL_MspInit)
    HAL_NVIC_EnableIRQ                       0x080011d1   Thumb Code    32  stm32f4xx_hal_cortex.o(i.HAL_NVIC_EnableIRQ)
    HAL_NVIC_SetPriority                     0x080011f1   Thumb Code   124  stm32f4xx_hal_cortex.o(i.HAL_NVIC_SetPriority)
    HAL_NVIC_SetPriorityGrouping             0x0800126d   Thumb Code    32  stm32f4xx_hal_cortex.o(i.HAL_NVIC_SetPriorityGrouping)
    HAL_RCCEx_PeriphCLKConfig                0x08001295   Thumb Code   746  stm32f4xx_hal_rcc_ex.o(i.HAL_RCCEx_PeriphCLKConfig)
    HAL_RCC_ClockConfig                      0x08001599   Thumb Code   368  stm32f4xx_hal_rcc.o(i.HAL_RCC_ClockConfig)
    HAL_RCC_EnableCSS                        0x0800171d   Thumb Code     8  stm32f4xx_hal_rcc.o(i.HAL_RCC_EnableCSS)
    HAL_RCC_GetHCLKFreq                      0x08001729   Thumb Code     6  stm32f4xx_hal_rcc.o(i.HAL_RCC_GetHCLKFreq)
    HAL_RCC_GetPCLK1Freq                     0x08001735   Thumb Code    22  stm32f4xx_hal_rcc.o(i.HAL_RCC_GetPCLK1Freq)
    HAL_RCC_GetPCLK2Freq                     0x08001755   Thumb Code    22  stm32f4xx_hal_rcc.o(i.HAL_RCC_GetPCLK2Freq)
    HAL_RCC_GetSysClockFreq                  0x08001775   Thumb Code   162  stm32f4xx_hal_rcc.o(i.HAL_RCC_GetSysClockFreq)
    HAL_RCC_OscConfig                        0x08001825   Thumb Code  1152  stm32f4xx_hal_rcc.o(i.HAL_RCC_OscConfig)
    HAL_RTC_Init                             0x08001cad   Thumb Code   212  stm32f4xx_hal_rtc.o(i.HAL_RTC_Init)
    HAL_RTC_MspInit                          0x08001d85   Thumb Code    16  rtc.o(i.HAL_RTC_MspInit)
    HAL_RTC_WaitForSynchro                   0x08001d9d   Thumb Code    58  stm32f4xx_hal_rtc.o(i.HAL_RTC_WaitForSynchro)
    HAL_SPI_Init                             0x08001dd7   Thumb Code   140  stm32f4xx_hal_spi.o(i.HAL_SPI_Init)
    HAL_SPI_MspInit                          0x08001e65   Thumb Code   230  spi.o(i.HAL_SPI_MspInit)
    HAL_SYSTICK_Config                       0x08001f61   Thumb Code    52  stm32f4xx_hal_cortex.o(i.HAL_SYSTICK_Config)
    HAL_UART_ErrorCallback                   0x08001f95   Thumb Code     2  stm32f4xx_hal_uart.o(i.HAL_UART_ErrorCallback)
    HAL_UART_IRQHandler                      0x08001f99   Thumb Code   336  stm32f4xx_hal_uart.o(i.HAL_UART_IRQHandler)
    HAL_UART_Init                            0x080020ed   Thumb Code   114  stm32f4xx_hal_uart.o(i.HAL_UART_Init)
    HAL_UART_MspInit                         0x08002161   Thumb Code  1322  usart.o(i.HAL_UART_MspInit)
    HAL_UART_RxCpltCallback                  0x080026a5   Thumb Code     2  stm32f4xx_hal_uart.o(i.HAL_UART_RxCpltCallback)
    HAL_UART_TxCpltCallback                  0x080026a7   Thumb Code     2  stm32f4xx_hal_uart.o(i.HAL_UART_TxCpltCallback)
    HardFault_Handler                        0x080026a9   Thumb Code     4  stm32f4xx_it.o(i.HardFault_Handler)
    I2C2_ER_IRQHandler                       0x080026ad   Thumb Code    10  stm32f4xx_it.o(i.I2C2_ER_IRQHandler)
    I2C2_EV_IRQHandler                       0x080026bd   Thumb Code    10  stm32f4xx_it.o(i.I2C2_EV_IRQHandler)
    MX_CRC_Init                              0x08003389   Thumb Code    22  crc.o(i.MX_CRC_Init)
    MX_DMA_Init                              0x080033a9   Thumb Code   194  dma.o(i.MX_DMA_Init)
    MX_FREERTOS_Init                         0x08003471   Thumb Code    18  freertos.o(i.MX_FREERTOS_Init)
    MX_GPIO_Init                             0x08003491   Thumb Code  1138  gpio.o(i.MX_GPIO_Init)
    MX_I2C2_Init                             0x08003909   Thumb Code    76  i2c.o(i.MX_I2C2_Init)
    MX_RTC_Init                              0x08003961   Thumb Code    42  rtc.o(i.MX_RTC_Init)
    MX_SPI4_Init                             0x08003995   Thumb Code    60  spi.o(i.MX_SPI4_Init)
    MX_SPI5_Init                             0x080039d9   Thumb Code    60  spi.o(i.MX_SPI5_Init)
    MX_UART4_Init                            0x08003a1d   Thumb Code    46  usart.o(i.MX_UART4_Init)
    MX_UART7_Init                            0x08003a55   Thumb Code    46  usart.o(i.MX_UART7_Init)
    MX_UART8_Init                            0x08003a8d   Thumb Code    46  usart.o(i.MX_UART8_Init)
    MX_USART2_UART_Init                      0x08003ac5   Thumb Code    46  usart.o(i.MX_USART2_UART_Init)
    MX_USART3_UART_Init                      0x08003afd   Thumb Code    46  usart.o(i.MX_USART3_UART_Init)
    MX_USART6_UART_Init                      0x08003b35   Thumb Code    46  usart.o(i.MX_USART6_UART_Init)
    MemManage_Handler                        0x08003b6d   Thumb Code     4  stm32f4xx_it.o(i.MemManage_Handler)
    NMI_Handler                              0x08003b71   Thumb Code     2  stm32f4xx_it.o(i.NMI_Handler)
    RTC_EnterInitMode                        0x08003b73   Thumb Code    62  stm32f4xx_hal_rtc.o(i.RTC_EnterInitMode)
    StartDefaultTask                         0x08003bb1   Thumb Code    10  freertos.o(i.StartDefaultTask)
    SysTick_Handler                          0x08003bbb   Thumb Code     2  stm32f4xx_it.o(i.SysTick_Handler)
    SystemClock_Config                       0x08003bbd   Thumb Code   204  main.o(i.SystemClock_Config)
    SystemInit                               0x08003c91   Thumb Code    24  system_stm32f4xx.o(i.SystemInit)
    UART4_IRQHandler                         0x08003cad   Thumb Code    10  stm32f4xx_it.o(i.UART4_IRQHandler)
    UART7_IRQHandler                         0x08003cbd   Thumb Code    10  stm32f4xx_it.o(i.UART7_IRQHandler)
    UART8_IRQHandler                         0x08003ccd   Thumb Code    10  stm32f4xx_it.o(i.UART8_IRQHandler)
    USART2_IRQHandler                        0x08004229   Thumb Code    10  stm32f4xx_it.o(i.USART2_IRQHandler)
    USART3_IRQHandler                        0x08004239   Thumb Code    10  stm32f4xx_it.o(i.USART3_IRQHandler)
    USART6_IRQHandler                        0x08004249   Thumb Code    10  stm32f4xx_it.o(i.USART6_IRQHandler)
    UsageFault_Handler                       0x08004259   Thumb Code     4  stm32f4xx_it.o(i.UsageFault_Handler)
    __scatterload_copy                       0x080042a7   Thumb Code    14  handlers.o(i.__scatterload_copy)
    __scatterload_null                       0x080042b5   Thumb Code     2  handlers.o(i.__scatterload_null)
    __scatterload_zeroinit                   0x080042b7   Thumb Code    14  handlers.o(i.__scatterload_zeroinit)
    main                                     0x080042c5   Thumb Code    76  main.o(i.main)
    osDelay                                  0x08004311   Thumb Code    50  cmsis_os2.o(i.osDelay)
    osKernelInitialize                       0x08004349   Thumb Code    58  cmsis_os2.o(i.osKernelInitialize)
    osKernelStart                            0x08004389   Thumb Code    68  cmsis_os2.o(i.osKernelStart)
    osThreadNew                              0x080043d1   Thumb Code   210  cmsis_os2.o(i.osThreadNew)
    pvPortMalloc                             0x08004ecd   Thumb Code   296  heap_4.o(i.pvPortMalloc)
    pxPortInitialiseStack                    0x08005009   Thumb Code    38  port.o(i.pxPortInitialiseStack)
    uxListRemove                             0x08005035   Thumb Code    40  list.o(i.uxListRemove)
    vApplicationGetIdleTaskMemory            0x0800505d   Thumb Code    16  cmsis_os2.o(i.vApplicationGetIdleTaskMemory)
    vApplicationGetTimerTaskMemory           0x08005075   Thumb Code    16  cmsis_os2.o(i.vApplicationGetTimerTaskMemory)
    vListInitialise                          0x0800508d   Thumb Code    26  list.o(i.vListInitialise)
    vListInitialiseItem                      0x080050a7   Thumb Code     6  list.o(i.vListInitialiseItem)
    vListInsert                              0x080050ad   Thumb Code    52  list.o(i.vListInsert)
    vListInsertEnd                           0x080050e1   Thumb Code    24  list.o(i.vListInsertEnd)
    vPortEnterCritical                       0x080050f9   Thumb Code    76  port.o(i.vPortEnterCritical)
    vPortExitCritical                        0x0800514d   Thumb Code    56  port.o(i.vPortExitCritical)
    vPortFree                                0x08005189   Thumb Code   140  heap_4.o(i.vPortFree)
    vPortSetupTimerInterrupt                 0x0800521d   Thumb Code    34  port.o(i.vPortSetupTimerInterrupt)
    vPortValidateInterruptPriority           0x08005245   Thumb Code   106  port.o(i.vPortValidateInterruptPriority)
    vQueueAddToRegistry                      0x080052bd   Thumb Code    38  queue.o(i.vQueueAddToRegistry)
    vQueueWaitForMessageRestricted           0x080052e9   Thumb Code    74  queue.o(i.vQueueWaitForMessageRestricted)
    vTaskDelay                               0x08005335   Thumb Code    82  tasks.o(i.vTaskDelay)
    vTaskInternalSetTimeOutState             0x08005391   Thumb Code    14  tasks.o(i.vTaskInternalSetTimeOutState)
    vTaskMissedYield                         0x080053a9   Thumb Code     8  tasks.o(i.vTaskMissedYield)
    vTaskPlaceOnEventList                    0x080053b5   Thumb Code    52  tasks.o(i.vTaskPlaceOnEventList)
    vTaskPlaceOnEventListRestricted          0x080053ed   Thumb Code    60  tasks.o(i.vTaskPlaceOnEventListRestricted)
    vTaskStartScheduler                      0x0800542d   Thumb Code   156  tasks.o(i.vTaskStartScheduler)
    vTaskSuspendAll                          0x080054e5   Thumb Code    12  tasks.o(i.vTaskSuspendAll)
    vTaskSwitchContext                       0x080054f5   Thumb Code   122  tasks.o(i.vTaskSwitchContext)
    xPortStartScheduler                      0x08005585   Thumb Code   330  port.o(i.xPortStartScheduler)
    xQueueGenericCreateStatic                0x080056ed   Thumb Code   224  queue.o(i.xQueueGenericCreateStatic)
    xQueueGenericReset                       0x080057cd   Thumb Code   146  queue.o(i.xQueueGenericReset)
    xQueueGenericSend                        0x08005865   Thumb Code   420  queue.o(i.xQueueGenericSend)
    xQueueGenericSendFromISR                 0x08005a0d   Thumb Code   248  queue.o(i.xQueueGenericSendFromISR)
    xQueueReceive                            0x08005b05   Thumb Code   356  queue.o(i.xQueueReceive)
    xTaskCheckForTimeOut                     0x08005c6d   Thumb Code   132  tasks.o(i.xTaskCheckForTimeOut)
    xTaskCreate                              0x08005cf9   Thumb Code   100  tasks.o(i.xTaskCreate)
    xTaskCreateStatic                        0x08005d5d   Thumb Code   186  tasks.o(i.xTaskCreateStatic)
    xTaskGetSchedulerState                   0x08005e19   Thumb Code    24  tasks.o(i.xTaskGetSchedulerState)
    xTaskGetTickCount                        0x08005e39   Thumb Code     6  tasks.o(i.xTaskGetTickCount)
    xTaskIncrementTick                       0x08005e45   Thumb Code   280  tasks.o(i.xTaskIncrementTick)
    xTaskPriorityDisinherit                  0x08005f89   Thumb Code   152  tasks.o(i.xTaskPriorityDisinherit)
    xTaskRemoveFromEventList                 0x0800602d   Thumb Code   126  tasks.o(i.xTaskRemoveFromEventList)
    xTaskResumeAll                           0x080060c5   Thumb Code   222  tasks.o(i.xTaskResumeAll)
    xTimerCreateTimerTask                    0x080061c9   Thumb Code   100  timers.o(i.xTimerCreateTimerTask)
    xTimerGenericCommand                     0x08006241   Thumb Code   128  timers.o(i.xTimerGenericCommand)
    defaultTask_attributes                   0x080062c4   Data          36  freertos.o(.constdata)
    AHBPrescTable                            0x080062f0   Data          16  system_stm32f4xx.o(.constdata)
    APBPrescTable                            0x08006300   Data           8  system_stm32f4xx.o(.constdata)
    Region$$Table$$Base                      0x08006314   Number         0  anon$$obj.o(Region$$Table)
    Region$$Table$$Limit                     0x08006334   Number         0  anon$$obj.o(Region$$Table)
    hcrc                                     0x20000000   Data           8  crc.o(.data)
    defaultTaskHandle                        0x20000008   Data           4  freertos.o(.data)
    uwTick                                   0x2000000c   Data           4  stm32f4xx_hal.o(.data)
    uwTickPrio                               0x20000010   Data           4  stm32f4xx_hal.o(.data)
    uwTickFreq                               0x20000014   Data           1  stm32f4xx_hal.o(.data)
    SystemCoreClock                          0x20000018   Data           4  system_stm32f4xx.o(.data)
    pxCurrentTCB                             0x2000001c   Data           4  tasks.o(.data)
    hi2c2                                    0x20000094   Data          84  i2c.o(.bss)
    hrtc                                     0x200000e8   Data          32  rtc.o(.bss)
    hspi4                                    0x20000108   Data          88  spi.o(.bss)
    hspi5                                    0x20000160   Data          88  spi.o(.bss)
    huart4                                   0x200001b8   Data          64  usart.o(.bss)
    huart7                                   0x200001f8   Data          64  usart.o(.bss)
    huart8                                   0x20000238   Data          64  usart.o(.bss)
    huart2                                   0x20000278   Data          64  usart.o(.bss)
    huart3                                   0x200002b8   Data          64  usart.o(.bss)
    huart6                                   0x200002f8   Data          64  usart.o(.bss)
    hdma_uart4_rx                            0x20000338   Data          96  usart.o(.bss)
    hdma_uart4_tx                            0x20000398   Data          96  usart.o(.bss)
    hdma_usart2_rx                           0x200003f8   Data          96  usart.o(.bss)
    hdma_usart2_tx                           0x20000458   Data          96  usart.o(.bss)
    hdma_usart3_tx                           0x200004b8   Data          96  usart.o(.bss)
    hdma_usart3_rx                           0x20000518   Data          96  usart.o(.bss)
    hdma_usart6_rx                           0x20000578   Data          96  usart.o(.bss)
    hdma_usart6_tx                           0x200005d8   Data          96  usart.o(.bss)
    xQueueRegistry                           0x20000638   Data          64  queue.o(.bss)
    __initial_sp                             0x20007510   Data           0  startup_stm32f429xx.o(STACK)



==============================================================================

Memory Map of the image

  Image Entry point : 0x080001ad

  Load Region LR_IROM1 (Base: 0x08000000, Size: 0x000063c8, Max: 0x00200000, ABSOLUTE)

    Execution Region ER_IROM1 (Exec base: 0x08000000, Load base: 0x08000000, Size: 0x00006334, Max: 0x00200000, ABSOLUTE)

    Exec Addr    Load Addr    Size         Type   Attr      Idx    E Section Name        Object

    0x08000000   0x08000000   0x000001ac   Data   RO            3    RESET               startup_stm32f429xx.o
    0x080001ac   0x080001ac   0x00000000   Code   RO         6068  * .ARM.Collect$$$$00000000  mc_w.l(entry.o)
    0x080001ac   0x080001ac   0x00000004   Code   RO         6132    .ARM.Collect$$$$00000001  mc_w.l(entry2.o)
    0x080001b0   0x080001b0   0x00000004   Code   RO         6135    .ARM.Collect$$$$00000004  mc_w.l(entry5.o)
    0x080001b4   0x080001b4   0x00000000   Code   RO         6137    .ARM.Collect$$$$00000008  mc_w.l(entry7b.o)
    0x080001b4   0x080001b4   0x00000000   Code   RO         6139    .ARM.Collect$$$$0000000A  mc_w.l(entry8b.o)
    0x080001b4   0x080001b4   0x00000008   Code   RO         6140    .ARM.Collect$$$$0000000B  mc_w.l(entry9a.o)
    0x080001bc   0x080001bc   0x00000000   Code   RO         6142    .ARM.Collect$$$$0000000D  mc_w.l(entry10a.o)
    0x080001bc   0x080001bc   0x00000000   Code   RO         6144    .ARM.Collect$$$$0000000F  mc_w.l(entry11a.o)
    0x080001bc   0x080001bc   0x00000004   Code   RO         6133    .ARM.Collect$$$$00002712  mc_w.l(entry2.o)
    0x080001c0   0x080001c0   0x000000be   Code   RO         5283    .emb_text           port.o
    0x0800027e   0x0800027e   0x00000002   PAD
    0x08000280   0x08000280   0x00000024   Code   RO            4    .text               startup_stm32f429xx.o
    0x080002a4   0x080002a4   0x00000062   Code   RO         6071    .text               mc_w.l(uldiv.o)
    0x08000306   0x08000306   0x00000024   Code   RO         6073    .text               mc_w.l(memcpya.o)
    0x0800032a   0x0800032a   0x00000024   Code   RO         6077    .text               mc_w.l(memseta.o)
    0x0800034e   0x0800034e   0x0000001e   Code   RO         6146    .text               mc_w.l(llshl.o)
    0x0800036c   0x0800036c   0x00000020   Code   RO         6148    .text               mc_w.l(llushr.o)
    0x0800038c   0x0800038c   0x00000024   Code   RO         6168    .text               mc_w.l(init.o)
    0x080003b0   0x080003b0   0x00000004   Code   RO          554    i.BusFault_Handler  stm32f4xx_it.o
    0x080003b4   0x080003b4   0x00000010   Code   RO          555    i.DMA1_Stream1_IRQHandler  stm32f4xx_it.o
    0x080003c4   0x080003c4   0x00000010   Code   RO          556    i.DMA1_Stream2_IRQHandler  stm32f4xx_it.o
    0x080003d4   0x080003d4   0x00000010   Code   RO          557    i.DMA1_Stream3_IRQHandler  stm32f4xx_it.o
    0x080003e4   0x080003e4   0x00000010   Code   RO          558    i.DMA1_Stream4_IRQHandler  stm32f4xx_it.o
    0x080003f4   0x080003f4   0x00000010   Code   RO          559    i.DMA1_Stream5_IRQHandler  stm32f4xx_it.o
    0x08000404   0x08000404   0x00000010   Code   RO          560    i.DMA1_Stream6_IRQHandler  stm32f4xx_it.o
    0x08000414   0x08000414   0x00000010   Code   RO          561    i.DMA2_Stream1_IRQHandler  stm32f4xx_it.o
    0x08000424   0x08000424   0x00000010   Code   RO          562    i.DMA2_Stream6_IRQHandler  stm32f4xx_it.o
    0x08000434   0x08000434   0x00000034   Code   RO         1371    i.DMA_CalcBaseAndBitshift  stm32f4xx_hal_dma.o
    0x08000468   0x08000468   0x000000aa   Code   RO         1372    i.DMA_CheckFifoParam  stm32f4xx_hal_dma.o
    0x08000512   0x08000512   0x00000002   Code   RO          563    i.DebugMon_Handler  stm32f4xx_it.o
    0x08000514   0x08000514   0x0000000a   Code   RO          564    i.EXTI3_IRQHandler  stm32f4xx_it.o
    0x0800051e   0x0800051e   0x0000000c   Code   RO          565    i.EXTI9_5_IRQHandler  stm32f4xx_it.o
    0x0800052a   0x0800052a   0x00000002   Code   RO           13    i.Error_Handler     main.o
    0x0800052c   0x0800052c   0x00000020   Code   RO          754    i.HAL_CRC_Init      stm32f4xx_hal_crc.o
    0x0800054c   0x0800054c   0x00000034   Code   RO          242    i.HAL_CRC_MspInit   crc.o
    0x08000580   0x08000580   0x00000028   Code   RO         1375    i.HAL_DMA_Abort_IT  stm32f4xx_hal_dma.o
    0x080005a8   0x080005a8   0x00000008   Code   RO         1378    i.HAL_DMA_GetState  stm32f4xx_hal_dma.o
    0x080005b0   0x080005b0   0x00000240   Code   RO         1379    i.HAL_DMA_IRQHandler  stm32f4xx_hal_dma.o
    0x080007f0   0x080007f0   0x000000ec   Code   RO         1380    i.HAL_DMA_Init      stm32f4xx_hal_dma.o
    0x080008dc   0x080008dc   0x00000002   Code   RO         1265    i.HAL_GPIO_EXTI_Callback  stm32f4xx_hal_gpio.o
    0x080008de   0x080008de   0x00000002   PAD
    0x080008e0   0x080008e0   0x0000001c   Code   RO         1266    i.HAL_GPIO_EXTI_IRQHandler  stm32f4xx_hal_gpio.o
    0x080008fc   0x080008fc   0x0000021c   Code   RO         1267    i.HAL_GPIO_Init     stm32f4xx_hal_gpio.o
    0x08000b18   0x08000b18   0x0000000c   Code   RO         1271    i.HAL_GPIO_WritePin  stm32f4xx_hal_gpio.o
    0x08000b24   0x08000b24   0x0000000c   Code   RO         1824    i.HAL_GetTick       stm32f4xx_hal.o
    0x08000b30   0x08000b30   0x0000004c   Code   RO         2546    i.HAL_I2CEx_ConfigAnalogFilter  stm32f4xx_hal_i2c_ex.o
    0x08000b7c   0x08000b7c   0x00000050   Code   RO         2547    i.HAL_I2CEx_ConfigDigitalFilter  stm32f4xx_hal_i2c_ex.o
    0x08000bcc   0x08000bcc   0x00000002   Code   RO         2079    i.HAL_I2C_AbortCpltCallback  stm32f4xx_hal_i2c.o
    0x08000bce   0x08000bce   0x00000002   Code   RO         2080    i.HAL_I2C_AddrCallback  stm32f4xx_hal_i2c.o
    0x08000bd0   0x08000bd0   0x000000d4   Code   RO         2083    i.HAL_I2C_ER_IRQHandler  stm32f4xx_hal_i2c.o
    0x08000ca4   0x08000ca4   0x000001c4   Code   RO         2084    i.HAL_I2C_EV_IRQHandler  stm32f4xx_hal_i2c.o
    0x08000e68   0x08000e68   0x00000002   Code   RO         2086    i.HAL_I2C_ErrorCallback  stm32f4xx_hal_i2c.o
    0x08000e6a   0x08000e6a   0x00000002   PAD
    0x08000e6c   0x08000e6c   0x000001d0   Code   RO         2090    i.HAL_I2C_Init      stm32f4xx_hal_i2c.o
    0x0800103c   0x0800103c   0x00000002   Code   RO         2092    i.HAL_I2C_ListenCpltCallback  stm32f4xx_hal_i2c.o
    0x0800103e   0x0800103e   0x00000002   Code   RO         2093    i.HAL_I2C_MasterRxCpltCallback  stm32f4xx_hal_i2c.o
    0x08001040   0x08001040   0x00000002   Code   RO         2094    i.HAL_I2C_MasterTxCpltCallback  stm32f4xx_hal_i2c.o
    0x08001042   0x08001042   0x00000002   Code   RO         2106    i.HAL_I2C_MemRxCpltCallback  stm32f4xx_hal_i2c.o
    0x08001044   0x08001044   0x00000002   Code   RO         2107    i.HAL_I2C_MemTxCpltCallback  stm32f4xx_hal_i2c.o
    0x08001046   0x08001046   0x00000002   PAD
    0x08001048   0x08001048   0x000000a8   Code   RO          351    i.HAL_I2C_MspInit   i2c.o
    0x080010f0   0x080010f0   0x00000002   Code   RO         2116    i.HAL_I2C_SlaveRxCpltCallback  stm32f4xx_hal_i2c.o
    0x080010f2   0x080010f2   0x00000002   Code   RO         2117    i.HAL_I2C_SlaveTxCpltCallback  stm32f4xx_hal_i2c.o
    0x080010f4   0x080010f4   0x0000003c   Code   RO         1831    i.HAL_Init          stm32f4xx_hal.o
    0x08001130   0x08001130   0x0000004c   Code   RO         1832    i.HAL_InitTick      stm32f4xx_hal.o
    0x0800117c   0x0800117c   0x00000054   Code   RO          726    i.HAL_MspInit       stm32f4xx_hal_msp.o
    0x080011d0   0x080011d0   0x00000020   Code   RO         1674    i.HAL_NVIC_EnableIRQ  stm32f4xx_hal_cortex.o
    0x080011f0   0x080011f0   0x0000007c   Code   RO         1680    i.HAL_NVIC_SetPriority  stm32f4xx_hal_cortex.o
    0x0800126c   0x0800126c   0x00000028   Code   RO         1681    i.HAL_NVIC_SetPriorityGrouping  stm32f4xx_hal_cortex.o
    0x08001294   0x08001294   0x00000304   Code   RO          918    i.HAL_RCCEx_PeriphCLKConfig  stm32f4xx_hal_rcc_ex.o
    0x08001598   0x08001598   0x00000184   Code   RO          811    i.HAL_RCC_ClockConfig  stm32f4xx_hal_rcc.o
    0x0800171c   0x0800171c   0x0000000c   Code   RO          814    i.HAL_RCC_EnableCSS  stm32f4xx_hal_rcc.o
    0x08001728   0x08001728   0x0000000c   Code   RO          816    i.HAL_RCC_GetHCLKFreq  stm32f4xx_hal_rcc.o
    0x08001734   0x08001734   0x00000020   Code   RO          818    i.HAL_RCC_GetPCLK1Freq  stm32f4xx_hal_rcc.o
    0x08001754   0x08001754   0x00000020   Code   RO          819    i.HAL_RCC_GetPCLK2Freq  stm32f4xx_hal_rcc.o
    0x08001774   0x08001774   0x000000b0   Code   RO          820    i.HAL_RCC_GetSysClockFreq  stm32f4xx_hal_rcc.o
    0x08001824   0x08001824   0x00000488   Code   RO          823    i.HAL_RCC_OscConfig  stm32f4xx_hal_rcc.o
    0x08001cac   0x08001cac   0x000000d8   Code   RO         2584    i.HAL_RTC_Init      stm32f4xx_hal_rtc.o
    0x08001d84   0x08001d84   0x00000018   Code   RO          393    i.HAL_RTC_MspInit   rtc.o
    0x08001d9c   0x08001d9c   0x0000003a   Code   RO         2592    i.HAL_RTC_WaitForSynchro  stm32f4xx_hal_rtc.o
    0x08001dd6   0x08001dd6   0x0000008c   Code   RO         2953    i.HAL_SPI_Init      stm32f4xx_hal_spi.o
    0x08001e62   0x08001e62   0x00000002   PAD
    0x08001e64   0x08001e64   0x000000fc   Code   RO          435    i.HAL_SPI_MspInit   spi.o
    0x08001f60   0x08001f60   0x00000034   Code   RO         1685    i.HAL_SYSTICK_Config  stm32f4xx_hal_cortex.o
    0x08001f94   0x08001f94   0x00000002   Code   RO         3321    i.HAL_UART_ErrorCallback  stm32f4xx_hal_uart.o
    0x08001f96   0x08001f96   0x00000002   PAD
    0x08001f98   0x08001f98   0x00000154   Code   RO         3324    i.HAL_UART_IRQHandler  stm32f4xx_hal_uart.o
    0x080020ec   0x080020ec   0x00000072   Code   RO         3325    i.HAL_UART_Init     stm32f4xx_hal_uart.o
    0x0800215e   0x0800215e   0x00000002   PAD
    0x08002160   0x08002160   0x00000544   Code   RO          483    i.HAL_UART_MspInit  usart.o
    0x080026a4   0x080026a4   0x00000002   Code   RO         3331    i.HAL_UART_RxCpltCallback  stm32f4xx_hal_uart.o
    0x080026a6   0x080026a6   0x00000002   Code   RO         3336    i.HAL_UART_TxCpltCallback  stm32f4xx_hal_uart.o
    0x080026a8   0x080026a8   0x00000004   Code   RO          566    i.HardFault_Handler  stm32f4xx_it.o
    0x080026ac   0x080026ac   0x00000010   Code   RO          567    i.I2C2_ER_IRQHandler  stm32f4xx_it.o
    0x080026bc   0x080026bc   0x00000010   Code   RO          568    i.I2C2_EV_IRQHandler  stm32f4xx_it.o
    0x080026cc   0x080026cc   0x0000001c   Code   RO         2128    i.I2C_ConvertOtherXferOptions  stm32f4xx_hal_i2c.o
    0x080026e8   0x080026e8   0x000000ac   Code   RO         2129    i.I2C_DMAAbort      stm32f4xx_hal_i2c.o
    0x08002794   0x08002794   0x000001a4   Code   RO         2132    i.I2C_ITError       stm32f4xx_hal_i2c.o
    0x08002938   0x08002938   0x00000126   Code   RO         2134    i.I2C_MasterReceive_BTF  stm32f4xx_hal_i2c.o
    0x08002a5e   0x08002a5e   0x000000a4   Code   RO         2135    i.I2C_MasterReceive_RXNE  stm32f4xx_hal_i2c.o
    0x08002b02   0x08002b02   0x000000b0   Code   RO         2138    i.I2C_MasterTransmit_BTF  stm32f4xx_hal_i2c.o
    0x08002bb2   0x08002bb2   0x000000d8   Code   RO         2139    i.I2C_MasterTransmit_TXE  stm32f4xx_hal_i2c.o
    0x08002c8a   0x08002c8a   0x0000002a   Code   RO         2140    i.I2C_Master_ADD10  stm32f4xx_hal_i2c.o
    0x08002cb4   0x08002cb4   0x00000268   Code   RO         2141    i.I2C_Master_ADDR   stm32f4xx_hal_i2c.o
    0x08002f1c   0x08002f1c   0x0000009e   Code   RO         2142    i.I2C_Master_SB     stm32f4xx_hal_i2c.o
    0x08002fba   0x08002fba   0x0000007c   Code   RO         2143    i.I2C_MemoryTransmit_TXE_BTF  stm32f4xx_hal_i2c.o
    0x08003036   0x08003036   0x0000001a   Code   RO         2146    i.I2C_SlaveReceive_BTF  stm32f4xx_hal_i2c.o
    0x08003050   0x08003050   0x00000046   Code   RO         2147    i.I2C_SlaveReceive_RXNE  stm32f4xx_hal_i2c.o
    0x08003096   0x08003096   0x0000001a   Code   RO         2148    i.I2C_SlaveTransmit_BTF  stm32f4xx_hal_i2c.o
    0x080030b0   0x080030b0   0x00000046   Code   RO         2149    i.I2C_SlaveTransmit_TXE  stm32f4xx_hal_i2c.o
    0x080030f6   0x080030f6   0x00000066   Code   RO         2150    i.I2C_Slave_ADDR    stm32f4xx_hal_i2c.o
    0x0800315c   0x0800315c   0x000000a0   Code   RO         2151    i.I2C_Slave_AF      stm32f4xx_hal_i2c.o
    0x080031fc   0x080031fc   0x0000018c   Code   RO         2152    i.I2C_Slave_STOPF   stm32f4xx_hal_i2c.o
    0x08003388   0x08003388   0x00000020   Code   RO          243    i.MX_CRC_Init       crc.o
    0x080033a8   0x080033a8   0x000000c8   Code   RO          283    i.MX_DMA_Init       dma.o
    0x08003470   0x08003470   0x00000020   Code   RO          307    i.MX_FREERTOS_Init  freertos.o
    0x08003490   0x08003490   0x00000478   Code   RO          217    i.MX_GPIO_Init      gpio.o
    0x08003908   0x08003908   0x00000058   Code   RO          352    i.MX_I2C2_Init      i2c.o
    0x08003960   0x08003960   0x00000034   Code   RO          394    i.MX_RTC_Init       rtc.o
    0x08003994   0x08003994   0x00000044   Code   RO          436    i.MX_SPI4_Init      spi.o
    0x080039d8   0x080039d8   0x00000044   Code   RO          437    i.MX_SPI5_Init      spi.o
    0x08003a1c   0x08003a1c   0x00000038   Code   RO          484    i.MX_UART4_Init     usart.o
    0x08003a54   0x08003a54   0x00000038   Code   RO          485    i.MX_UART7_Init     usart.o
    0x08003a8c   0x08003a8c   0x00000038   Code   RO          486    i.MX_UART8_Init     usart.o
    0x08003ac4   0x08003ac4   0x00000038   Code   RO          487    i.MX_USART2_UART_Init  usart.o
    0x08003afc   0x08003afc   0x00000038   Code   RO          488    i.MX_USART3_UART_Init  usart.o
    0x08003b34   0x08003b34   0x00000038   Code   RO          489    i.MX_USART6_UART_Init  usart.o
    0x08003b6c   0x08003b6c   0x00000004   Code   RO          569    i.MemManage_Handler  stm32f4xx_it.o
    0x08003b70   0x08003b70   0x00000002   Code   RO          570    i.NMI_Handler       stm32f4xx_it.o
    0x08003b72   0x08003b72   0x0000003e   Code   RO         2595    i.RTC_EnterInitMode  stm32f4xx_hal_rtc.o
    0x08003bb0   0x08003bb0   0x0000000a   Code   RO          308    i.StartDefaultTask  freertos.o
    0x08003bba   0x08003bba   0x00000002   Code   RO          571    i.SysTick_Handler   stm32f4xx_it.o
    0x08003bbc   0x08003bbc   0x000000d4   Code   RO           14    i.SystemClock_Config  main.o
    0x08003c90   0x08003c90   0x0000001c   Code   RO         3632    i.SystemInit        system_stm32f4xx.o
    0x08003cac   0x08003cac   0x00000010   Code   RO          572    i.UART4_IRQHandler  stm32f4xx_it.o
    0x08003cbc   0x08003cbc   0x00000010   Code   RO          573    i.UART7_IRQHandler  stm32f4xx_it.o
    0x08003ccc   0x08003ccc   0x00000010   Code   RO          574    i.UART8_IRQHandler  stm32f4xx_it.o
    0x08003cdc   0x08003cdc   0x00000014   Code   RO         3338    i.UART_DMAAbortOnError  stm32f4xx_hal_uart.o
    0x08003cf0   0x08003cf0   0x00000020   Code   RO         3348    i.UART_EndRxTransfer  stm32f4xx_hal_uart.o
    0x08003d10   0x08003d10   0x00000020   Code   RO         3349    i.UART_EndTransmit_IT  stm32f4xx_hal_uart.o
    0x08003d30   0x08003d30   0x000000a6   Code   RO         3351    i.UART_Receive_IT   stm32f4xx_hal_uart.o
    0x08003dd6   0x08003dd6   0x00000002   PAD
    0x08003dd8   0x08003dd8   0x000003e8   Code   RO         3352    i.UART_SetConfig    stm32f4xx_hal_uart.o
    0x080041c0   0x080041c0   0x00000068   Code   RO         3353    i.UART_Transmit_IT  stm32f4xx_hal_uart.o
    0x08004228   0x08004228   0x00000010   Code   RO          575    i.USART2_IRQHandler  stm32f4xx_it.o
    0x08004238   0x08004238   0x00000010   Code   RO          576    i.USART3_IRQHandler  stm32f4xx_it.o
    0x08004248   0x08004248   0x00000010   Code   RO          577    i.USART6_IRQHandler  stm32f4xx_it.o
    0x08004258   0x08004258   0x00000004   Code   RO          578    i.UsageFault_Handler  stm32f4xx_it.o
    0x0800425c   0x0800425c   0x00000010   Code   RO         1687    i.__NVIC_GetPriorityGrouping  stm32f4xx_hal_cortex.o
    0x0800426c   0x0800426c   0x00000028   Code   RO         1688    i.__NVIC_SetPriority  stm32f4xx_hal_cortex.o
    0x08004294   0x08004294   0x00000006   Code   RO         4789    i.__get_BASEPRI     cmsis_os2.o
    0x0800429a   0x0800429a   0x00000006   Code   RO         4790    i.__get_IPSR        cmsis_os2.o
    0x080042a0   0x080042a0   0x00000006   Code   RO         4791    i.__get_PRIMASK     cmsis_os2.o
    0x080042a6   0x080042a6   0x0000000e   Code   RO         6176    i.__scatterload_copy  mc_w.l(handlers.o)
    0x080042b4   0x080042b4   0x00000002   Code   RO         6177    i.__scatterload_null  mc_w.l(handlers.o)
    0x080042b6   0x080042b6   0x0000000e   Code   RO         6178    i.__scatterload_zeroinit  mc_w.l(handlers.o)
    0x080042c4   0x080042c4   0x0000004c   Code   RO           15    i.main              main.o
    0x08004310   0x08004310   0x00000038   Code   RO         4792    i.osDelay           cmsis_os2.o
    0x08004348   0x08004348   0x00000040   Code   RO         4806    i.osKernelInitialize  cmsis_os2.o
    0x08004388   0x08004388   0x00000048   Code   RO         4809    i.osKernelStart     cmsis_os2.o
    0x080043d0   0x080043d0   0x000000d8   Code   RO         4842    i.osThreadNew       cmsis_os2.o
    0x080044a8   0x080044a8   0x0000007c   Code   RO         4249    i.prvAddCurrentTaskToDelayedList  tasks.o
    0x08004524   0x08004524   0x000000b8   Code   RO         4250    i.prvAddNewTaskToReadyList  tasks.o
    0x080045dc   0x080045dc   0x00000074   Code   RO         4613    i.prvCheckForValidListAndQueue  timers.o
    0x08004650   0x08004650   0x00000048   Code   RO         4251    i.prvCheckTasksWaitingTermination  tasks.o
    0x08004698   0x08004698   0x0000002a   Code   RO         3836    i.prvCopyDataFromQueue  queue.o
    0x080046c2   0x080046c2   0x0000007e   Code   RO         3837    i.prvCopyDataToQueue  queue.o
    0x08004740   0x08004740   0x00000050   Code   RO         4252    i.prvDeleteTCB      tasks.o
    0x08004790   0x08004790   0x00000028   Code   RO         4614    i.prvGetNextExpireTime  timers.o
    0x080047b8   0x080047b8   0x0000007c   Code   RO         5234    i.prvHeapInit       heap_4.o
    0x08004834   0x08004834   0x00000028   Code   RO         4253    i.prvIdleTask       tasks.o
    0x0800485c   0x0800485c   0x0000002a   Code   RO         3840    i.prvInitialiseNewQueue  queue.o
    0x08004886   0x08004886   0x000000be   Code   RO         4254    i.prvInitialiseNewTask  tasks.o
    0x08004944   0x08004944   0x00000068   Code   RO         4255    i.prvInitialiseTaskLists  tasks.o
    0x080049ac   0x080049ac   0x00000068   Code   RO         5235    i.prvInsertBlockIntoFreeList  heap_4.o
    0x08004a14   0x08004a14   0x00000058   Code   RO         4616    i.prvInsertTimerInActiveList  timers.o
    0x08004a6c   0x08004a6c   0x0000001a   Code   RO         3841    i.prvIsQueueEmpty   queue.o
    0x08004a86   0x08004a86   0x0000001e   Code   RO         3842    i.prvIsQueueFull    queue.o
    0x08004aa4   0x08004aa4   0x00000074   Code   RO         4617    i.prvProcessExpiredTimer  timers.o
    0x08004b18   0x08004b18   0x00000164   Code   RO         4618    i.prvProcessReceivedCommands  timers.o
    0x08004c7c   0x08004c7c   0x00000074   Code   RO         4619    i.prvProcessTimerOrBlockTask  timers.o
    0x08004cf0   0x08004cf0   0x00000034   Code   RO         4257    i.prvResetNextTaskUnblockTime  tasks.o
    0x08004d24   0x08004d24   0x0000002c   Code   RO         4620    i.prvSampleTimeNow  timers.o
    0x08004d50   0x08004d50   0x000000a4   Code   RO         4621    i.prvSwitchTimerLists  timers.o
    0x08004df4   0x08004df4   0x00000040   Code   RO         5284    i.prvTaskExitError  port.o
    0x08004e34   0x08004e34   0x0000001a   Code   RO         4622    i.prvTimerTask      timers.o
    0x08004e4e   0x08004e4e   0x0000007e   Code   RO         3843    i.prvUnlockQueue    queue.o
    0x08004ecc   0x08004ecc   0x0000013c   Code   RO         5236    i.pvPortMalloc      heap_4.o
    0x08005008   0x08005008   0x0000002c   Code   RO         5285    i.pxPortInitialiseStack  port.o
    0x08005034   0x08005034   0x00000028   Code   RO         3796    i.uxListRemove      list.o
    0x0800505c   0x0800505c   0x00000018   Code   RO         4854    i.vApplicationGetIdleTaskMemory  cmsis_os2.o
    0x08005074   0x08005074   0x00000018   Code   RO         4855    i.vApplicationGetTimerTaskMemory  cmsis_os2.o
    0x0800508c   0x0800508c   0x0000001a   Code   RO         3797    i.vListInitialise   list.o
    0x080050a6   0x080050a6   0x00000006   Code   RO         3798    i.vListInitialiseItem  list.o
    0x080050ac   0x080050ac   0x00000034   Code   RO         3799    i.vListInsert       list.o
    0x080050e0   0x080050e0   0x00000018   Code   RO         3800    i.vListInsertEnd    list.o
    0x080050f8   0x080050f8   0x00000054   Code   RO         5287    i.vPortEnterCritical  port.o
    0x0800514c   0x0800514c   0x0000003c   Code   RO         5288    i.vPortExitCritical  port.o
    0x08005188   0x08005188   0x00000094   Code   RO         5237    i.vPortFree         heap_4.o
    0x0800521c   0x0800521c   0x00000028   Code   RO         5289    i.vPortSetupTimerInterrupt  port.o
    0x08005244   0x08005244   0x00000078   Code   RO         5290    i.vPortValidateInterruptPriority  port.o
    0x080052bc   0x080052bc   0x0000002c   Code   RO         3849    i.vQueueAddToRegistry  queue.o
    0x080052e8   0x080052e8   0x0000004a   Code   RO         3853    i.vQueueWaitForMessageRestricted  queue.o
    0x08005332   0x08005332   0x00000002   PAD
    0x08005334   0x08005334   0x0000005c   Code   RO         4269    i.vTaskDelay        tasks.o
    0x08005390   0x08005390   0x00000018   Code   RO         4274    i.vTaskInternalSetTimeOutState  tasks.o
    0x080053a8   0x080053a8   0x0000000c   Code   RO         4275    i.vTaskMissedYield  tasks.o
    0x080053b4   0x080053b4   0x00000038   Code   RO         4277    i.vTaskPlaceOnEventList  tasks.o
    0x080053ec   0x080053ec   0x00000040   Code   RO         4278    i.vTaskPlaceOnEventListRestricted  tasks.o
    0x0800542c   0x0800542c   0x000000b8   Code   RO         4286    i.vTaskStartScheduler  tasks.o
    0x080054e4   0x080054e4   0x00000010   Code   RO         4288    i.vTaskSuspendAll   tasks.o
    0x080054f4   0x080054f4   0x00000090   Code   RO         4289    i.vTaskSwitchContext  tasks.o
    0x08005584   0x08005584   0x00000168   Code   RO         5291    i.xPortStartScheduler  port.o
    0x080056ec   0x080056ec   0x000000e0   Code   RO         3859    i.xQueueGenericCreateStatic  queue.o
    0x080057cc   0x080057cc   0x00000098   Code   RO         3860    i.xQueueGenericReset  queue.o
    0x08005864   0x08005864   0x000001a8   Code   RO         3861    i.xQueueGenericSend  queue.o
    0x08005a0c   0x08005a0c   0x000000f8   Code   RO         3862    i.xQueueGenericSendFromISR  queue.o
    0x08005b04   0x08005b04   0x00000168   Code   RO         3871    i.xQueueReceive     queue.o
    0x08005c6c   0x08005c6c   0x0000008c   Code   RO         4290    i.xTaskCheckForTimeOut  tasks.o
    0x08005cf8   0x08005cf8   0x00000064   Code   RO         4291    i.xTaskCreate       tasks.o
    0x08005d5c   0x08005d5c   0x000000ba   Code   RO         4292    i.xTaskCreateStatic  tasks.o
    0x08005e16   0x08005e16   0x00000002   PAD
    0x08005e18   0x08005e18   0x00000020   Code   RO         4296    i.xTaskGetSchedulerState  tasks.o
    0x08005e38   0x08005e38   0x0000000c   Code   RO         4297    i.xTaskGetTickCount  tasks.o
    0x08005e44   0x08005e44   0x00000144   Code   RO         4299    i.xTaskIncrementTick  tasks.o
    0x08005f88   0x08005f88   0x000000a4   Code   RO         4302    i.xTaskPriorityDisinherit  tasks.o
    0x0800602c   0x0800602c   0x00000098   Code   RO         4304    i.xTaskRemoveFromEventList  tasks.o
    0x080060c4   0x080060c4   0x00000104   Code   RO         4305    i.xTaskResumeAll    tasks.o
    0x080061c8   0x080061c8   0x00000078   Code   RO         4630    i.xTimerCreateTimerTask  timers.o
    0x08006240   0x08006240   0x00000084   Code   RO         4631    i.xTimerGenericCommand  timers.o
    0x080062c4   0x080062c4   0x00000024   Data   RO          309    .constdata          freertos.o
    0x080062e8   0x080062e8   0x00000008   Data   RO         1386    .constdata          stm32f4xx_hal_dma.o
    0x080062f0   0x080062f0   0x00000018   Data   RO         3633    .constdata          system_stm32f4xx.o
    0x08006308   0x08006308   0x0000000c   Data   RO          310    .conststring        freertos.o
    0x08006314   0x08006314   0x00000020   Data   RO         6174    Region$$Table       anon$$obj.o


    Execution Region RW_IRAM2 (Exec base: 0x10000000, Load base: 0x080063c8, Size: 0x00000000, Max: 0x00010000, ABSOLUTE)

    **** No section assigned to this execution region ****


    Execution Region RW_IRAM1 (Exec base: 0x20000000, Load base: 0x08006334, Size: 0x00007510, Max: 0x00030000, ABSOLUTE)

    Exec Addr    Load Addr    Size         Type   Attr      Idx    E Section Name        Object

    0x20000000   0x08006334   0x00000008   Data   RW          244    .data               crc.o
    0x20000008   0x0800633c   0x00000004   Data   RW          311    .data               freertos.o
    0x2000000c   0x08006340   0x00000009   Data   RW         1838    .data               stm32f4xx_hal.o
    0x20000015   0x08006349   0x00000003   PAD
    0x20000018   0x0800634c   0x00000004   Data   RW         3634    .data               system_stm32f4xx.o
    0x2000001c   0x08006350   0x0000003c   Data   RW         4308    .data               tasks.o
    0x20000058   0x0800638c   0x00000014   Data   RW         4639    .data               timers.o
    0x2000006c   0x080063a0   0x00000004   Data   RW         4857    .data               cmsis_os2.o
    0x20000070   0x080063a4   0x00000018   Data   RW         5242    .data               heap_4.o
    0x20000088   0x080063bc   0x0000000c   Data   RW         5293    .data               port.o
    0x20000094        -       0x00000054   Zero   RW          353    .bss                i2c.o
    0x200000e8        -       0x00000020   Zero   RW          395    .bss                rtc.o
    0x20000108        -       0x000000b0   Zero   RW          438    .bss                spi.o
    0x200001b8        -       0x00000480   Zero   RW          490    .bss                usart.o
    0x20000638        -       0x00000040   Zero   RW         3875    .bss                queue.o
    0x20000678        -       0x000004c4   Zero   RW         4307    .bss                tasks.o
    0x20000b3c        -       0x00000118   Zero   RW         4638    .bss                timers.o
    0x20000c54        -       0x00000cb8   Zero   RW         4856    .bss                cmsis_os2.o
    0x2000190c        -       0x00003c00   Zero   RW         5241    .bss                heap_4.o
    0x2000550c   0x080063c8   0x00000004   PAD
    0x20005510        -       0x00002000   Zero   RW            1    STACK               startup_stm32f429xx.o


==============================================================================

Image component sizes


      Code (inc. data)   RO Data    RW Data    ZI Data      Debug   Object Name

       474         38          0          4       3256      32498   cmsis_os2.o
        84         18          0          8          0       1459   crc.o
       200          6          0          0          0        846   dma.o
         0          0          0          0          0      18696   event_groups.o
        42         14         48          4          0       1809   freertos.o
      1144         50          0          0          0       1707   gpio.o
       692         62          0         24      15360       5403   heap_4.o
       256         26          0          0         84       1669   i2c.o
       148          0          0          0          0       4130   list.o
       290          8          0          0          0     756832   main.o
       962         88          0         12          0      11931   port.o
      1918         20          0          0         64      19000   queue.o
        76         18          0          0         32       1415   rtc.o
       388         38          0          0        176       2294   spi.o
        36          8        428          0       8192        828   startup_stm32f429xx.o
       148         24          0          9          0       8895   stm32f4xx_hal.o
       304         22          0          0          0      35303   stm32f4xx_hal_cortex.o
        32          0          0          0          0       1275   stm32f4xx_hal_crc.o
      1082         16          8          0          0       5802   stm32f4xx_hal_dma.o
       582         58          0          0          0       4024   stm32f4xx_hal_gpio.o
      4408         42          0          0          0      26445   stm32f4xx_hal_i2c.o
       156          0          0          0          0       2231   stm32f4xx_hal_i2c_ex.o
        84          6          0          0          0        846   stm32f4xx_hal_msp.o
      1812         88          0          0          0       6896   stm32f4xx_hal_rcc.o
       772         26          0          0          0       1828   stm32f4xx_hal_rcc_ex.o
       336          4          0          0          0       3016   stm32f4xx_hal_rtc.o
       140          0          0          0          0       1399   stm32f4xx_hal_spi.o
      1814         12          0          0          0       8983   stm32f4xx_hal_uart.o
       300         96          0          0          0      12134   stm32f4xx_it.o
         0          0          0          0          0        392   stream_buffer.o
        28          4         24          4          0       1199   system_stm32f4xx.o
      2808        346          0         60       1220      30662   tasks.o
      1318        124          0         20        280      34675   timers.o
      1684        156          0          0       1152       5699   usart.o

    ----------------------------------------------------------------------
     24538       1418        540        148      29820    1052221   Object Totals
         0          0         32          0          0          0   (incl. Generated)
        20          0          0          3          4          0   (incl. Padding)

    ----------------------------------------------------------------------

      Code (inc. data)   RO Data    RW Data    ZI Data      Debug   Library Member Name

         0          0          0          0          0          0   entry.o
         0          0          0          0          0          0   entry10a.o
         0          0          0          0          0          0   entry11a.o
         8          4          0          0          0          0   entry2.o
         4          0          0          0          0          0   entry5.o
         0          0          0          0          0          0   entry7b.o
         0          0          0          0          0          0   entry8b.o
         8          4          0          0          0          0   entry9a.o
        30          0          0          0          0          0   handlers.o
        36          8          0          0          0         68   init.o
        30          0          0          0          0         68   llshl.o
        32          0          0          0          0         68   llushr.o
        36          0          0          0          0         68   memcpya.o
        36          0          0          0          0        108   memseta.o
        98          0          0          0          0         92   uldiv.o

    ----------------------------------------------------------------------
       318         16          0          0          0        472   Library Totals
         0          0          0          0          0          0   (incl. Padding)

    ----------------------------------------------------------------------

      Code (inc. data)   RO Data    RW Data    ZI Data      Debug   Library Name

       318         16          0          0          0        472   mc_w.l

    ----------------------------------------------------------------------
       318         16          0          0          0        472   Library Totals

    ----------------------------------------------------------------------

==============================================================================


      Code (inc. data)   RO Data    RW Data    ZI Data      Debug   

     24856       1434        540        148      29820    1033241   Grand Totals
     24856       1434        540        148      29820    1033241   ELF Image Totals
     24856       1434        540        148          0          0   ROM Totals

==============================================================================

    Total RO  Size (Code + RO Data)                25396 (  24.80kB)
    Total RW  Size (RW Data + ZI Data)             29968 (  29.27kB)
    Total ROM Size (Code + RO Data + RW Data)      25544 (  24.95kB)

==============================================================================

