Component: ARM Compiler 5.06 update 6 (build 750) Tool: armlink [4d35ed]

==============================================================================

Section Cross References

    startup_stm32f429xx.o(RESET) refers to startup_stm32f429xx.o(STACK) for __initial_sp
    startup_stm32f429xx.o(RESET) refers to startup_stm32f429xx.o(.text) for Reset_Handler
    startup_stm32f429xx.o(RESET) refers to stm32f4xx_it.o(i.NMI_Handler) for NMI_Handler
    startup_stm32f429xx.o(RESET) refers to stm32f4xx_it.o(i.HardFault_Handler) for HardFault_Handler
    startup_stm32f429xx.o(RESET) refers to stm32f4xx_it.o(i.MemManage_Handler) for MemManage_Handler
    startup_stm32f429xx.o(RESET) refers to stm32f4xx_it.o(i.BusFault_Handler) for BusFault_Handler
    startup_stm32f429xx.o(RESET) refers to stm32f4xx_it.o(i.UsageFault_Handler) for UsageFault_Handler
    startup_stm32f429xx.o(RESET) refers to port.o(.emb_text) for SVC_Handler
    startup_stm32f429xx.o(RESET) refers to stm32f4xx_it.o(i.DebugMon_Handler) for DebugMon_Handler
    startup_stm32f429xx.o(RESET) refers to port.o(i.SysTick_Handler) for SysTick_Handler
    startup_stm32f429xx.o(RESET) refers to stm32f4xx_it.o(i.EXTI3_IRQHandler) for EXTI3_IRQHandler
    startup_stm32f429xx.o(RESET) refers to stm32f4xx_it.o(i.DMA1_Stream1_IRQHandler) for DMA1_Stream1_IRQHandler
    startup_stm32f429xx.o(RESET) refers to stm32f4xx_it.o(i.DMA1_Stream2_IRQHandler) for DMA1_Stream2_IRQHandler
    startup_stm32f429xx.o(RESET) refers to stm32f4xx_it.o(i.DMA1_Stream3_IRQHandler) for DMA1_Stream3_IRQHandler
    startup_stm32f429xx.o(RESET) refers to stm32f4xx_it.o(i.DMA1_Stream4_IRQHandler) for DMA1_Stream4_IRQHandler
    startup_stm32f429xx.o(RESET) refers to stm32f4xx_it.o(i.DMA1_Stream5_IRQHandler) for DMA1_Stream5_IRQHandler
    startup_stm32f429xx.o(RESET) refers to stm32f4xx_it.o(i.DMA1_Stream6_IRQHandler) for DMA1_Stream6_IRQHandler
    startup_stm32f429xx.o(RESET) refers to stm32f4xx_it.o(i.EXTI9_5_IRQHandler) for EXTI9_5_IRQHandler
    startup_stm32f429xx.o(RESET) refers to stm32f4xx_it.o(i.TIM1_UP_TIM10_IRQHandler) for TIM1_UP_TIM10_IRQHandler
    startup_stm32f429xx.o(RESET) refers to stm32f4xx_it.o(i.I2C2_EV_IRQHandler) for I2C2_EV_IRQHandler
    startup_stm32f429xx.o(RESET) refers to stm32f4xx_it.o(i.I2C2_ER_IRQHandler) for I2C2_ER_IRQHandler
    startup_stm32f429xx.o(RESET) refers to stm32f4xx_it.o(i.USART2_IRQHandler) for USART2_IRQHandler
    startup_stm32f429xx.o(RESET) refers to stm32f4xx_it.o(i.USART3_IRQHandler) for USART3_IRQHandler
    startup_stm32f429xx.o(RESET) refers to stm32f4xx_it.o(i.UART4_IRQHandler) for UART4_IRQHandler
    startup_stm32f429xx.o(RESET) refers to stm32f4xx_it.o(i.DMA2_Stream1_IRQHandler) for DMA2_Stream1_IRQHandler
    startup_stm32f429xx.o(RESET) refers to stm32f4xx_it.o(i.DMA2_Stream6_IRQHandler) for DMA2_Stream6_IRQHandler
    startup_stm32f429xx.o(RESET) refers to stm32f4xx_it.o(i.USART6_IRQHandler) for USART6_IRQHandler
    startup_stm32f429xx.o(RESET) refers to stm32f4xx_it.o(i.UART7_IRQHandler) for UART7_IRQHandler
    startup_stm32f429xx.o(RESET) refers to stm32f4xx_it.o(i.UART8_IRQHandler) for UART8_IRQHandler
    startup_stm32f429xx.o(.text) refers to system_stm32f4xx.o(i.SystemInit) for SystemInit
    startup_stm32f429xx.o(.text) refers to entry.o(.ARM.Collect$$$$00000000) for __main
    main.o(i.HAL_TIM_PeriodElapsedCallback) refers to stm32f4xx_hal.o(i.HAL_IncTick) for HAL_IncTick
    main.o(i.SystemClock_Config) refers to memseta.o(.text) for __aeabi_memclr4
    main.o(i.SystemClock_Config) refers to stm32f4xx_hal_rcc.o(i.HAL_RCC_OscConfig) for HAL_RCC_OscConfig
    main.o(i.SystemClock_Config) refers to main.o(i.Error_Handler) for Error_Handler
    main.o(i.SystemClock_Config) refers to stm32f4xx_hal_rcc.o(i.HAL_RCC_ClockConfig) for HAL_RCC_ClockConfig
    main.o(i.SystemClock_Config) refers to stm32f4xx_hal_rcc_ex.o(i.HAL_RCCEx_PeriphCLKConfig) for HAL_RCCEx_PeriphCLKConfig
    main.o(i.SystemClock_Config) refers to stm32f4xx_hal_rcc.o(i.HAL_RCC_EnableCSS) for HAL_RCC_EnableCSS
    main.o(i.main) refers to stm32f4xx_hal.o(i.HAL_Init) for HAL_Init
    main.o(i.main) refers to main.o(i.SystemClock_Config) for SystemClock_Config
    main.o(i.main) refers to gpio.o(i.MX_GPIO_Init) for MX_GPIO_Init
    main.o(i.main) refers to dma.o(i.MX_DMA_Init) for MX_DMA_Init
    main.o(i.main) refers to i2c.o(i.MX_I2C2_Init) for MX_I2C2_Init
    main.o(i.main) refers to rtc.o(i.MX_RTC_Init) for MX_RTC_Init
    main.o(i.main) refers to spi.o(i.MX_SPI4_Init) for MX_SPI4_Init
    main.o(i.main) refers to spi.o(i.MX_SPI5_Init) for MX_SPI5_Init
    main.o(i.main) refers to usart.o(i.MX_UART4_Init) for MX_UART4_Init
    main.o(i.main) refers to usart.o(i.MX_UART7_Init) for MX_UART7_Init
    main.o(i.main) refers to usart.o(i.MX_UART8_Init) for MX_UART8_Init
    main.o(i.main) refers to usart.o(i.MX_USART2_UART_Init) for MX_USART2_UART_Init
    main.o(i.main) refers to usart.o(i.MX_USART3_UART_Init) for MX_USART3_UART_Init
[...]
    SX126xSendPayload                        0x080065f9   Thumb Code    24  sx126x.o(i.SX126xSendPayload)
    SX126xSetBufferBaseAddress               0x08006611   Thumb Code    26  sx126x.o(i.SX126xSetBufferBaseAddress)
    SX126xSetCad                             0x0800662d   Thumb Code    20  sx126x.o(i.SX126xSetCad)
    SX126xSetCrcPolynomial                   0x08006645   Thumb Code    42  sx126x.o(i.SX126xSetCrcPolynomial)
    SX126xSetCrcSeed                         0x0800666f   Thumb Code    42  sx126x.o(i.SX126xSetCrcSeed)
    SX126xSetDio2AsRfSwitchCtrl              0x08006699   Thumb Code    14  sx126x.o(i.SX126xSetDio2AsRfSwitchCtrl)
    SX126xSetDioIrqParams                    0x080066a7   Thumb Code    74  sx126x.o(i.SX126xSetDioIrqParams)
    SX126xSetLoRaSymbNumTimeout              0x080066f1   Thumb Code    14  sx126x.o(i.SX126xSetLoRaSymbNumTimeout)
    SX126xSetModulationParams                0x08006701   Thumb Code   284  sx126x.o(i.SX126xSetModulationParams)
    SX126xSetPaConfig                        0x08006841   Thumb Code    38  sx126x.o(i.SX126xSetPaConfig)
    SX126xSetPacketParams                    0x08006869   Thumb Code   218  sx126x.o(i.SX126xSetPacketParams)
    SX126xSetPacketType                      0x08006949   Thumb Code    22  sx126x.o(i.SX126xSetPacketType)
    SX126xSetPayload                         0x08006965   Thumb Code    18  sx126x.o(i.SX126xSetPayload)
    SX126xSetRegulatorMode                   0x08006977   Thumb Code    14  sx126x.o(i.SX126xSetRegulatorMode)
    SX126xSetRfFrequency                     0x08006985   Thumb Code   146  sx126x.o(i.SX126xSetRfFrequency)
    SX126xSetRfTxPower                       0x08006a35   Thumb Code    14  sx126x_hal.o(i.SX126xSetRfTxPower)
    SX126xSetRx                              0x08006a45   Thumb Code    40  sx126x.o(i.SX126xSetRx)
    SX126xSetRxBoosted                       0x08006a71   Thumb Code    50  sx126x.o(i.SX126xSetRxBoosted)
    SX126xSetRxDutyCycle                     0x08006aa9   Thumb Code    60  sx126x.o(i.SX126xSetRxDutyCycle)
    SX126xSetSleep                           0x08006ae9   Thumb Code    24  sx126x.o(i.SX126xSetSleep)
    SX126xSetStandby                         0x08006b05   Thumb Code    34  sx126x.o(i.SX126xSetStandby)
    SX126xSetStopRxTimerOnPreambleDetect     0x08006b2d   Thumb Code    14  sx126x.o(i.SX126xSetStopRxTimerOnPreambleDetect)
    SX126xSetSyncWord                        0x08006b3b   Thumb Code    20  sx126x.o(i.SX126xSetSyncWord)
    SX126xSetTx                              0x08006b51   Thumb Code    40  sx126x.o(i.SX126xSetTx)
    SX126xSetTxContinuousWave                0x08006b7d   Thumb Code    14  sx126x.o(i.SX126xSetTxContinuousWave)
    SX126xSetTxParams                        0x08006b8b   Thumb Code   160  sx126x.o(i.SX126xSetTxParams)
    SX126xSetWhiteningSeed                   0x08006c2b   Thumb Code    58  sx126x.o(i.SX126xSetWhiteningSeed)
    SX126xWaitOnBusy                         0x08006c65   Thumb Code    16  sx126x_hal.o(i.SX126xWaitOnBusy)
    SX126xWakeup                             0x08006c75   Thumb Code    76  sx126x_hal.o(i.SX126xWakeup)
    SX126xWriteBuffer                        0x08006cc5   Thumb Code    96  sx126x_hal.o(i.SX126xWriteBuffer)
    SX126xWriteCommand                       0x08006d29   Thumb Code    94  sx126x_hal.o(i.SX126xWriteCommand)
    SX126xWriteRegister                      0x08006d8d   Thumb Code    16  sx126x_hal.o(i.SX126xWriteRegister)
    SX126xWriteRegisters                     0x08006d9d   Thumb Code   104  sx126x_hal.o(i.SX126xWriteRegisters)
    StartDefaultTask                         0x08006e09   Thumb Code    40  freertos.o(i.StartDefaultTask)
    SysTick_Handler                          0x08006e39   Thumb Code    46  port.o(i.SysTick_Handler)
    SystemClock_Config                       0x08006e6d   Thumb Code   204  main.o(i.SystemClock_Config)
    SystemInit                               0x08006f41   Thumb Code    24  system_stm32f4xx.o(i.SystemInit)
    TIM1_UP_TIM10_IRQHandler                 0x08006f5d   Thumb Code    10  stm32f4xx_it.o(i.TIM1_UP_TIM10_IRQHandler)
    TIM_Base_SetConfig                       0x08006f6d   Thumb Code   170  stm32f4xx_hal_tim.o(i.TIM_Base_SetConfig)
    UART4_IRQHandler                         0x08007045   Thumb Code    10  stm32f4xx_it.o(i.UART4_IRQHandler)
    UART7_IRQHandler                         0x08007055   Thumb Code    10  stm32f4xx_it.o(i.UART7_IRQHandler)
    UART8_IRQHandler                         0x08007065   Thumb Code    10  stm32f4xx_it.o(i.UART8_IRQHandler)
    USART2_IRQHandler                        0x080076bd   Thumb Code    44  stm32f4xx_it.o(i.USART2_IRQHandler)
    USART3_IRQHandler                        0x080076ed   Thumb Code    68  stm32f4xx_it.o(i.USART3_IRQHandler)
    USART6_IRQHandler                        0x08007739   Thumb Code    10  stm32f4xx_it.o(i.USART6_IRQHandler)
    UsageFault_Handler                       0x08007749   Thumb Code     4  stm32f4xx_it.o(i.UsageFault_Handler)
    __0sprintf$3                             0x0800774d   Thumb Code    34  printf3.o(i.__0sprintf$3)
    __1sprintf$3                             0x0800774d   Thumb Code     0  printf3.o(i.__0sprintf$3)
    __2sprintf                               0x0800774d   Thumb Code     0  printf3.o(i.__0sprintf$3)
    __ARM_fpclassify                         0x08007775   Thumb Code    48  fpclassify.o(i.__ARM_fpclassify)
    __hardfp_ceil                            0x080077f1   Thumb Code   252  ceil.o(i.__hardfp_ceil)
    __hardfp_floor                           0x08007909   Thumb Code   252  floor.o(i.__hardfp_floor)
    __hardfp_pow                             0x08007a21   Thumb Code  3072  pow.o(i.__hardfp_pow)
    __hardfp_rint                            0x08008671   Thumb Code    16  rint.o(i.__hardfp_rint)
    __kernel_poly                            0x08008681   Thumb Code   248  poly.o(i.__kernel_poly)
    __mathlib_dbl_divzero                    0x08008779   Thumb Code    28  dunder.o(i.__mathlib_dbl_divzero)
    __mathlib_dbl_infnan2                    0x080087a9   Thumb Code    20  dunder.o(i.__mathlib_dbl_infnan2)
    __mathlib_dbl_invalid                    0x080087c1   Thumb Code    24  dunder.o(i.__mathlib_dbl_invalid)
    __mathlib_dbl_overflow                   0x080087e1   Thumb Code    24  dunder.o(i.__mathlib_dbl_overflow)
    __mathlib_dbl_underflow                  0x08008801   Thumb Code    24  dunder.o(i.__mathlib_dbl_underflow)
    __scatterload_copy                       0x08008821   Thumb Code    14  handlers.o(i.__scatterload_copy)
    __scatterload_null                       0x0800882f   Thumb Code     2  handlers.o(i.__scatterload_null)
    __scatterload_zeroinit                   0x08008831   Thumb Code    14  handlers.o(i.__scatterload_zeroinit)
    __set_errno                              0x08008841   Thumb Code     6  errno.o(i.__set_errno)
    callback_fun_at_ok                       0x08008a11   Thumb Code    34  4g_at_callback_func.o(i.callback_fun_at_ok)
    callback_fun_call_ready                  0x08008a55   Thumb Code     2  4g_at_callback_func.o(i.callback_fun_call_ready)
    callback_fun_cereg                       0x08008a59   Thumb Code    24  4g_at_callback_func.o(i.callback_fun_cereg)
    callback_fun_cgpsinfo                    0x08008a89   Thumb Code    24  4g_at_callback_func.o(i.callback_fun_cgpsinfo)
    callback_fun_cgreg                       0x08008ab1   Thumb Code    24  4g_at_callback_func.o(i.callback_fun_cgreg)
    callback_fun_cipopen                     0x08008ae1   Thumb Code   110  4g_at_callback_func.o(i.callback_fun_cipopen)
    callback_fun_ciprxget                    0x08008b8d   Thumb Code   112  4g_at_callback_func.o(i.callback_fun_ciprxget)
    callback_fun_cipsend                     0x08008c41   Thumb Code   108  4g_at_callback_func.o(i.callback_fun_cipsend)
    callback_fun_cipstat                     0x08008cf9   Thumb Code     2  4g_at_callback_func.o(i.callback_fun_cipstat)
    callback_fun_connect_fail                0x08008cfd   Thumb Code   166  4g_at_callback_func.o(i.callback_fun_connect_fail)
    callback_fun_connect_ok                  0x08008de9   Thumb Code   104  4g_at_callback_func.o(i.callback_fun_connect_ok)
    callback_fun_creg                        0x08008e7d   Thumb Code    24  4g_at_callback_func.o(i.callback_fun_creg)
    callback_fun_csq                         0x08008ead   Thumb Code     2  4g_at_callback_func.o(i.callback_fun_csq)
    callback_fun_error                       0x08008eaf   Thumb Code     2  4g_at_callback_func.o(i.callback_fun_error)
    callback_fun_help                        0x08008eb1   Thumb Code    14  uart_debug.o(i.callback_fun_help)
    callback_fun_netopen                     0x08008ec5   Thumb Code    60  4g_at_callback_func.o(i.callback_fun_netopen)
    callback_fun_network_disconnected        0x08008f3d   Thumb Code    52  4g_at_callback_func.o(i.callback_fun_network_disconnected)
    callback_fun_ready_send                  0x08008f95   Thumb Code    20  4g_at_callback_func.o(i.callback_fun_ready_send)
    callback_fun_revision                    0x08008fad   Thumb Code    30  4g_at_callback_func.o(i.callback_fun_revision)
    callback_fun_server_disconnected         0x08008fe1   Thumb Code    64  4g_at_callback_func.o(i.callback_fun_server_disconnected)
    client_connect_handle                    0x08009051   Thumb Code   640  4g_app.o(i.client_connect_handle)
    debug                                    0x080093a5   Thumb Code    38  uart_debug.o(i.debug)
    fabs                                     0x080093d1   Thumb Code    24  fabs.o(i.fabs)
    g4_at_tcp_close                          0x080093e9   Thumb Code    30  4g_app.o(i.g4_at_tcp_close)
    g4_at_tcp_conn                           0x08009421   Thumb Code    74  4g_app.o(i.g4_at_tcp_conn)
    g4_status_manage                         0x080094a1   Thumb Code   344  4g_app.o(i.g4_status_manage)
    g4_uart_send_data                        0x08009715   Thumb Code    34  4g_app.o(i.g4_uart_send_data)
    get_4g_line_to_handle                    0x0800973d   Thumb Code   284  4g_app.o(i.get_4g_line_to_handle)
    get_line_to_handle                       0x0800985d   Thumb Code   232  uart_debug.o(i.get_line_to_handle)
    gprs_uart_send_string                    0x08009949   Thumb Code    44  4g_app.o(i.gprs_uart_send_string)
    grps_power_off                           0x08009979   Thumb Code    34  4g_app.o(i.grps_power_off)
    grps_power_on                            0x080099a9   Thumb Code    44  4g_app.o(i.grps_power_on)
    init_4g_status_flag                      0x080099e1   Thumb Code   160  4g_app.o(i.init_4g_status_flag)
    init_io_spi_sx126x_x                     0x08009a8d   Thumb Code   356  sx126x_hal.o(i.init_io_spi_sx126x_x)
    is_all_client_connect_fail_timeout       0x08009c0d   Thumb Code    86  4g_app.o(i.is_all_client_connect_fail_timeout)
    main                                     0x08009ca5   Thumb Code    80  main.o(i.main)
    osDelay                                  0x08009cf5   Thumb Code    50  cmsis_os2.o(i.osDelay)
    osKernelInitialize                       0x08009d2d   Thumb Code    58  cmsis_os2.o(i.osKernelInitialize)
    osKernelStart                            0x08009d6d   Thumb Code    68  cmsis_os2.o(i.osKernelStart)
    osThreadNew                              0x08009db5   Thumb Code   208  cmsis_os2.o(i.osThreadNew)
    pvPortMalloc                             0x0800ac05   Thumb Code   296  heap_4.o(i.pvPortMalloc)
    pvTaskIncrementMutexHeldCount            0x0800ad41   Thumb Code    26  tasks.o(i.pvTaskIncrementMutexHeldCount)
    pxPortInitialiseStack                    0x0800ad61   Thumb Code    38  port.o(i.pxPortInitialiseStack)
    rf_init                                  0x0800ad8d   Thumb Code   192  rf.o(i.rf_init)
    set_server                               0x0800aea9   Thumb Code   180  uart_debug.o(i.set_server)
    sqrt                                     0x0800aff9   Thumb Code   110  sqrt.o(i.sqrt)
    start_from_debug_dma_receive             0x0800b069   Thumb Code    32  uart_debug.o(i.start_from_debug_dma_receive)
    start_from_gprs_dma_receive              0x0800b091   Thumb Code    32  4g_app.o(i.start_from_gprs_dma_receive)
    start_send_client_buf                    0x0800b0b9   Thumb Code   440  4g_app.o(i.start_send_client_buf)
    sys_start_send                           0x0800b2dd   Thumb Code    12  uart_debug.o(i.sys_start_send)
    task_4g_uart_rev_handle                  0x0800b2f9   Thumb Code   574  4g_app.o(i.task_4g_uart_rev_handle)
    task_client_0                            0x0800b5b9   Thumb Code   132  4g_app.o(i.task_client_0)
    task_t4G_data_send                       0x0800b661   Thumb Code   314  4g_app.o(i.task_t4G_data_send)
    task_uart_debug_rev_handle               0x0800b7a1   Thumb Code   104  uart_debug.o(i.task_uart_debug_rev_handle)
    task_uart_debug_send                     0x0800b80d   Thumb Code   132  uart_debug.o(i.task_uart_debug_send)
    uart_from_debug_idle_callback            0x0800b89d   Thumb Code    64  uart_debug.o(i.uart_from_debug_idle_callback)
    uart_from_gprs_idle_callback             0x0800b8e9   Thumb Code    60  4g_app.o(i.uart_from_gprs_idle_callback)
    uxListRemove                             0x0800b935   Thumb Code    40  list.o(i.uxListRemove)
    vApplicationGetIdleTaskMemory            0x0800b95d   Thumb Code    14  cmsis_os2.o(i.vApplicationGetIdleTaskMemory)
    vApplicationGetTimerTaskMemory           0x0800b975   Thumb Code    16  cmsis_os2.o(i.vApplicationGetTimerTaskMemory)
    vListInitialise                          0x0800b98d   Thumb Code    26  list.o(i.vListInitialise)
    vListInitialiseItem                      0x0800b9a7   Thumb Code     6  list.o(i.vListInitialiseItem)
    vListInsert                              0x0800b9ad   Thumb Code    52  list.o(i.vListInsert)
    vListInsertEnd                           0x0800b9e1   Thumb Code    24  list.o(i.vListInsertEnd)
    vPortEnterCritical                       0x0800b9f9   Thumb Code    76  port.o(i.vPortEnterCritical)
    vPortExitCritical                        0x0800ba4d   Thumb Code    56  port.o(i.vPortExitCritical)
    vPortFree                                0x0800ba89   Thumb Code   140  heap_4.o(i.vPortFree)
    vPortSetupTimerInterrupt                 0x0800bb1d   Thumb Code    34  port.o(i.vPortSetupTimerInterrupt)
    vPortValidateInterruptPriority           0x0800bb45   Thumb Code   106  port.o(i.vPortValidateInterruptPriority)
    vQueueAddToRegistry                      0x0800bbbd   Thumb Code    38  queue.o(i.vQueueAddToRegistry)
    vQueueWaitForMessageRestricted           0x0800bbe9   Thumb Code    74  queue.o(i.vQueueWaitForMessageRestricted)
    vTaskDelay                               0x0800bc35   Thumb Code    82  tasks.o(i.vTaskDelay)
    vTaskInternalSetTimeOutState             0x0800bc91   Thumb Code    14  tasks.o(i.vTaskInternalSetTimeOutState)
    vTaskMissedYield                         0x0800bca9   Thumb Code     8  tasks.o(i.vTaskMissedYield)
    vTaskPlaceOnEventList                    0x0800bcb5   Thumb Code    52  tasks.o(i.vTaskPlaceOnEventList)
    vTaskPlaceOnEventListRestricted          0x0800bced   Thumb Code    60  tasks.o(i.vTaskPlaceOnEventListRestricted)
    vTaskPriorityDisinheritAfterTimeout      0x0800bd2d   Thumb Code   194  tasks.o(i.vTaskPriorityDisinheritAfterTimeout)
    vTaskSetTimeOutState                     0x0800bdfd   Thumb Code    50  tasks.o(i.vTaskSetTimeOutState)
    vTaskStartScheduler                      0x0800be39   Thumb Code   156  tasks.o(i.vTaskStartScheduler)
    vTaskSuspendAll                          0x0800bef1   Thumb Code    12  tasks.o(i.vTaskSuspendAll)
    vTaskSwitchContext                       0x0800bf01   Thumb Code   122  tasks.o(i.vTaskSwitchContext)
    xPortStartScheduler                      0x0800bf91   Thumb Code   330  port.o(i.xPortStartScheduler)
    xQueueAddToSet                           0x0800c0f9   Thumb Code    38  queue.o(i.xQueueAddToSet)
    xQueueCreateSet                          0x0800c11f   Thumb Code    20  queue.o(i.xQueueCreateSet)
    xQueueGenericCreate                      0x0800c133   Thumb Code    96  queue.o(i.xQueueGenericCreate)
    xQueueGenericCreateStatic                0x0800c193   Thumb Code   224  queue.o(i.xQueueGenericCreateStatic)
    xQueueGenericReset                       0x0800c275   Thumb Code   146  queue.o(i.xQueueGenericReset)
    xQueueGenericSend                        0x0800c30d   Thumb Code   468  queue.o(i.xQueueGenericSend)
    xQueueGenericSendFromISR                 0x0800c4e5   Thumb Code   264  queue.o(i.xQueueGenericSendFromISR)
    xQueueGiveFromISR                        0x0800c5ed   Thumb Code   246  queue.o(i.xQueueGiveFromISR)
    xQueueReceive                            0x0800c6e5   Thumb Code   356  queue.o(i.xQueueReceive)
    xQueueSelectFromSet                      0x0800c84d   Thumb Code    24  queue.o(i.xQueueSelectFromSet)
    xQueueSemaphoreTake                      0x0800c865   Thumb Code   434  queue.o(i.xQueueSemaphoreTake)
    xStreamBufferGenericCreate               0x0800ca1d   Thumb Code   160  stream_buffer.o(i.xStreamBufferGenericCreate)
    xStreamBufferReceive                     0x0800cabd   Thumb Code   254  stream_buffer.o(i.xStreamBufferReceive)
    xStreamBufferSend                        0x0800cbbb   Thumb Code   312  stream_buffer.o(i.xStreamBufferSend)
    xStreamBufferSendFromISR                 0x0800ccf3   Thumb Code   184  stream_buffer.o(i.xStreamBufferSendFromISR)
    xStreamBufferSpacesAvailable             0x0800cdab   Thumb Code    54  stream_buffer.o(i.xStreamBufferSpacesAvailable)
    xTaskCheckForTimeOut                     0x0800cde1   Thumb Code   132  tasks.o(i.xTaskCheckForTimeOut)
    xTaskCreate                              0x0800ce6d   Thumb Code   100  tasks.o(i.xTaskCreate)
    xTaskCreateStatic                        0x0800ced1   Thumb Code   186  tasks.o(i.xTaskCreateStatic)
    xTaskGenericNotify                       0x0800cf8d   Thumb Code   278  tasks.o(i.xTaskGenericNotify)
    xTaskGenericNotifyFromISR                0x0800d0b5   Thumb Code   332  tasks.o(i.xTaskGenericNotifyFromISR)
    xTaskGetCurrentTaskHandle                0x0800d219   Thumb Code     6  tasks.o(i.xTaskGetCurrentTaskHandle)
    xTaskGetSchedulerState                   0x0800d225   Thumb Code    24  tasks.o(i.xTaskGetSchedulerState)
    xTaskGetTickCount                        0x0800d245   Thumb Code     6  tasks.o(i.xTaskGetTickCount)
    xTaskIncrementTick                       0x0800d251   Thumb Code   280  tasks.o(i.xTaskIncrementTick)
    xTaskNotifyStateClear                    0x0800d395   Thumb Code    48  tasks.o(i.xTaskNotifyStateClear)
    xTaskNotifyWait                          0x0800d3c9   Thumb Code   150  tasks.o(i.xTaskNotifyWait)
    xTaskPriorityDisinherit                  0x0800d469   Thumb Code   152  tasks.o(i.xTaskPriorityDisinherit)
    xTaskPriorityInherit                     0x0800d50d   Thumb Code   150  tasks.o(i.xTaskPriorityInherit)
    xTaskRemoveFromEventList                 0x0800d5b1   Thumb Code   126  tasks.o(i.xTaskRemoveFromEventList)
    xTaskResumeAll                           0x0800d649   Thumb Code   222  tasks.o(i.xTaskResumeAll)
    xTimerCreateTimerTask                    0x0800d74d   Thumb Code   100  timers.o(i.xTimerCreateTimerTask)
    xTimerGenericCommand                     0x0800d7c5   Thumb Code   128  timers.o(i.xTimerGenericCommand)
    defaultTask_attributes                   0x0800d848   Data          36  freertos.o(.constdata)
    t4G_uart_rev_h_attributes                0x0800d86c   Data          36  freertos.o(.constdata)
    uart_debug_send_attributes               0x0800d890   Data          36  freertos.o(.constdata)
    uart_debug_rev_attributes                0x0800d8b4   Data          36  freertos.o(.constdata)
    t4G_data_send_attributes                 0x0800d8d8   Data          36  freertos.o(.constdata)
    t4G_dclient_0_attributes                 0x0800d8fc   Data          36  freertos.o(.constdata)
    AHBPrescTable                            0x0800d928   Data          16  system_stm32f4xx.o(.constdata)
    APBPrescTable                            0x0800d938   Data           8  system_stm32f4xx.o(.constdata)
    Radio                                    0x0800d940   Data         108  radio.o(.constdata)
    FskBandwidths                            0x0800d9ac   Data         176  radio.o(.constdata)
    Bandwidths                               0x0800da5c   Data           3  radio.o(.constdata)
    cmd_list_4g                              0x0800da60   Data         152  4g_app.o(.constdata)
    cmd_list                                 0x0800daf8   Data          32  uart_debug.o(.constdata)
    __mathlib_zero                           0x0800dba0   Data           8  qnan.o(.constdata)
    __ctype_categories                       0x0800dba8   Data          64  ctype_c.o(.constdata)
    Region$$Table$$Base                      0x0800dd70   Number         0  anon$$obj.o(Region$$Table)
    Region$$Table$$Limit                     0x0800dda0   Number         0  anon$$obj.o(Region$$Table)
    debug_str                                0x10000000   Data        1024  uart_debug.o(CCMRAM)
    hcrc                                     0x20000000   Data           8  crc.o(.data)
    defaultTaskHandle                        0x20000008   Data           4  freertos.o(.data)
    t4G_uart_rev_hHandle                     0x2000000c   Data           4  freertos.o(.data)
    uart_debug_sendHandle                    0x20000010   Data           4  freertos.o(.data)
    uart_debug_revHandle                     0x20000014   Data           4  freertos.o(.data)
    t4G_data_sendHandle                      0x20000018   Data           4  freertos.o(.data)
    t4G_client_0Handle                       0x2000001c   Data           4  freertos.o(.data)
    uwTick                                   0x20000020   Data           4  stm32f4xx_hal.o(.data)
    uwTickPrio                               0x20000024   Data           4  stm32f4xx_hal.o(.data)
    uwTickFreq                               0x20000028   Data           1  stm32f4xx_hal.o(.data)
    SystemCoreClock                          0x2000002c   Data           4  system_stm32f4xx.o(.data)
    pxCurrentTCB                             0x20000030   Data           4  tasks.o(.data)
    MaxPayloadLength                         0x20000138   Data           1  radio.o(.data)
    TxTimeout                                0x2000013c   Data           4  radio.o(.data)
    RxTimeout                                0x20000140   Data           4  radio.o(.data)
    RxContinuous                             0x20000144   Data           1  radio.o(.data)
    IrqFired                                 0x20000145   Data           1  radio.o(.data)
    FrequencyError                           0x20000150   Data           4  sx126x.o(.data)
    RadioStatus                              0x20000155   Data           1  sx126x.o(.data)
    p_sx126x                                 0x20000158   Data           4  sx126x_hal.o(.data)
    random_num                               0x2000015c   Data           4  rf.o(.data)
    rssi                                     0x20000160   Data           1  rf.o(.data)
    RadioError                               0x20000162   Data           2  rf.o(.data)
    sbh_4g_str_rev                           0x20000164   Data           4  4g_app.o(.data)
    client_0_mbh                             0x20000168   Data           4  4g_app.o(.data)
    client_1_mbh                             0x2000016c   Data           4  4g_app.o(.data)
    xBlockTime                               0x20000170   Data           4  4g_app.o(.data)
    sbh_debug_rev                            0x2000017c   Data           4  uart_debug.o(.data)
    sbh_debug_send                           0x20000180   Data           4  uart_debug.o(.data)
    mutex_huart3_hdmatx                      0x20000184   Data           4  uart_debug.o(.data)
    hi2c2                                    0x2000018c   Data          84  i2c.o(.bss)
    hrtc                                     0x200001e0   Data          32  rtc.o(.bss)
    hspi4                                    0x20000200   Data          88  spi.o(.bss)
    hspi5                                    0x20000258   Data          88  spi.o(.bss)
    huart4                                   0x200002b0   Data          64  usart.o(.bss)
    huart7                                   0x200002f0   Data          64  usart.o(.bss)
    huart8                                   0x20000330   Data          64  usart.o(.bss)
    huart2                                   0x20000370   Data          64  usart.o(.bss)
    huart3                                   0x200003b0   Data          64  usart.o(.bss)
    huart6                                   0x200003f0   Data          64  usart.o(.bss)
    hdma_uart4_rx                            0x20000430   Data          96  usart.o(.bss)
    hdma_uart4_tx                            0x20000490   Data          96  usart.o(.bss)
    hdma_usart2_rx                           0x200004f0   Data          96  usart.o(.bss)
    hdma_usart2_tx                           0x20000550   Data          96  usart.o(.bss)
    hdma_usart3_tx                           0x200005b0   Data          96  usart.o(.bss)
    hdma_usart3_rx                           0x20000610   Data          96  usart.o(.bss)
    hdma_usart6_rx                           0x20000670   Data          96  usart.o(.bss)
    hdma_usart6_tx                           0x200006d0   Data          96  usart.o(.bss)
    htim1                                    0x20000730   Data          64  stm32f4xx_hal_timebase_tim.o(.bss)
    xQueueRegistry                           0x20000770   Data          64  queue.o(.bss)
    RadioPktStatus                           0x20020848   Data          20  radio.o(.bss)
    RadioRxPayload                           0x2002085c   Data         255  radio.o(.bss)
    SX126x                                   0x2002095c   Data         196  radio.o(.bss)
    sx126x_1                                 0x20020a20   Data         196  sx126x_hal.o(.bss)
    sx126x_2                                 0x20020ae4   Data         196  sx126x_hal.o(.bss)
    Radio_1_Events                           0x20020ba8   Data          28  rf.o(.bss)
    Radio_2_Events                           0x20020bc4   Data          28  rf.o(.bss)
    ip_port                                  0x20020be0   Data          24  4g_app.o(.bss)
    get_str_data                             0x20020bf8   Data         256  4g_app.o(.bss)
    gprs_receive_dma_buff                    0x20020cf8   Data        1536  4g_app.o(.bss)
    gprs_receive_data_buff                   0x200212f8   Data        1536  4g_app.o(.bss)
    xMessageBufferStruct_client_0            0x200218f8   Data          36  4g_app.o(.bss)
    gprs_stat                                0x2002191c   Data        4384  4g_app.o(.bss)
    at_cmd_conn                              0x20022a3c   Data          50  4g_app.o(.bss)
    debug_uart_dma_buff                      0x20022a6e   Data         512  uart_debug.o(.bss)
    __initial_sp                             0x20024c70   Data           0  startup_stm32f429xx.o(STACK)



==============================================================================

Memory Map of the image

  Image Entry point : 0x080001ad

  Load Region LR_IROM1 (Base: 0x08000000, Size: 0x0000e32c, Max: 0x00200000, ABSOLUTE, COMPRESSED[0x0000dde8])

    Execution Region ER_IROM1 (Exec base: 0x08000000, Load base: 0x08000000, Size: 0x0000dda0, Max: 0x00200000, ABSOLUTE)

    Exec Addr    Load Addr    Size         Type   Attr      Idx    E Section Name        Object

    0x08000000   0x08000000   0x000001ac   Data   RO            3    RESET               startup_stm32f429xx.o
    0x080001ac   0x080001ac   0x00000000   Code   RO         7582  * .ARM.Collect$$$$00000000  mc_w.l(entry.o)
    0x080001ac   0x080001ac   0x00000004   Code   RO         7919    .ARM.Collect$$$$00000001  mc_w.l(entry2.o)
    0x080001b0   0x080001b0   0x00000004   Code   RO         7922    .ARM.Collect$$$$00000004  mc_w.l(entry5.o)
    0x080001b4   0x080001b4   0x00000000   Code   RO         7924    .ARM.Collect$$$$00000008  mc_w.l(entry7b.o)
    0x080001b4   0x080001b4   0x00000000   Code   RO         7926    .ARM.Collect$$$$0000000A  mc_w.l(entry8b.o)
    0x080001b4   0x080001b4   0x00000008   Code   RO         7927    .ARM.Collect$$$$0000000B  mc_w.l(entry9a.o)
    0x080001bc   0x080001bc   0x00000000   Code   RO         7929    .ARM.Collect$$$$0000000D  mc_w.l(entry10a.o)
    0x080001bc   0x080001bc   0x00000000   Code   RO         7931    .ARM.Collect$$$$0000000F  mc_w.l(entry11a.o)
    0x080001bc   0x080001bc   0x00000004   Code   RO         7920    .ARM.Collect$$$$00002712  mc_w.l(entry2.o)
    0x080001c0   0x080001c0   0x000000be   Code   RO         6272    .emb_text           port.o
    0x0800027e   0x0800027e   0x00000002   PAD
    0x08000280   0x08000280   0x00000024   Code   RO            4    .text               startup_stm32f429xx.o
    0x080002a4   0x080002a4   0x00000062   Code   RO         7585    .text               mc_w.l(uldiv.o)
    0x08000306   0x08000306   0x00000024   Code   RO         7587    .text               mc_w.l(memcpya.o)
    0x0800032a   0x0800032a   0x00000024   Code   RO         7591    .text               mc_w.l(memseta.o)
    0x0800034e   0x0800034e   0x0000000e   Code   RO         7593    .text               mc_w.l(strlen.o)
    0x0800035c   0x0800035c   0x0000001c   Code   RO         7595    .text               mc_w.l(strcmp.o)
    0x08000378   0x08000378   0x00000012   Code   RO         7597    .text               mc_w.l(strcpy.o)
    0x0800038a   0x0800038a   0x00000002   PAD
    0x0800038c   0x0800038c   0x00000038   Code   RO         7862    .text               mc_w.l(__0sscanf.o)
    0x080003c4   0x080003c4   0x0000014c   Code   RO         7864    .text               mc_w.l(_scanf_int.o)
    0x08000510   0x08000510   0x000000e0   Code   RO         7866    .text               mc_w.l(_scanf_str.o)
    0x080005f0   0x080005f0   0x0000014e   Code   RO         7868    .text               mf_w.l(dadd.o)
    0x0800073e   0x0800073e   0x000000e4   Code   RO         7870    .text               mf_w.l(dmul.o)
    0x08000822   0x08000822   0x000000de   Code   RO         7872    .text               mf_w.l(ddiv.o)
    0x08000900   0x08000900   0x00000022   Code   RO         7874    .text               mf_w.l(dflti.o)
    0x08000922   0x08000922   0x0000001a   Code   RO         7876    .text               mf_w.l(dfltui.o)
    0x0800093c   0x0800093c   0x00000032   Code   RO         7878    .text               mf_w.l(dfixui.o)
    0x0800096e   0x0800096e   0x00000002   PAD
    0x08000970   0x08000970   0x00000030   Code   RO         7880    .text               mf_w.l(cdrcmple.o)
    0x080009a0   0x080009a0   0x0000002c   Code   RO         7936    .text               mc_w.l(uidiv.o)
    0x080009cc   0x080009cc   0x0000001e   Code   RO         7938    .text               mc_w.l(llshl.o)
    0x080009ea   0x080009ea   0x00000020   Code   RO         7940    .text               mc_w.l(llushr.o)
    0x08000a0a   0x08000a0a   0x00000024   Code   RO         7942    .text               mc_w.l(llsshr.o)
    0x08000a2e   0x08000a2e   0x0000001c   Code   RO         7951    .text               mc_w.l(_chval.o)
    0x08000a4a   0x08000a4a   0x00000002   PAD
    0x08000a4c   0x08000a4c   0x00000028   Code   RO         7953    .text               mc_w.l(scanf_char.o)
    0x08000a74   0x08000a74   0x00000040   Code   RO         7955    .text               mc_w.l(_sgetc.o)
    0x08000ab4   0x08000ab4   0x00000000   Code   RO         7957    .text               mc_w.l(iusefp.o)
    0x08000ab4   0x08000ab4   0x000000ba   Code   RO         7958    .text               mf_w.l(depilogue.o)
    0x08000b6e   0x08000b6e   0x0000002e   Code   RO         7962    .text               mf_w.l(dscalb.o)
    0x08000b9c   0x08000b9c   0x00000088   Code   RO         7964    .text               mf_w.l(drnd.o)
    0x08000c24   0x08000c24   0x00000024   Code   RO         7968    .text               mc_w.l(init.o)
    0x08000c48   0x08000c48   0x0000000a   Code   RO         7971    .text               mc_w.l(isspace_c.o)
    0x08000c52   0x08000c52   0x00000002   PAD
    0x08000c54   0x08000c54   0x0000032c   Code   RO         7973    .text               mc_w.l(_scanf.o)
    0x08000f80   0x08000f80   0x000000a2   Code   RO         7976    .text               mf_w.l(dsqrt.o)
    0x08001022   0x08001022   0x00000002   PAD
    0x08001024   0x08001024   0x00000028   Code   RO         7980    .text               mc_w.l(ctype_c.o)
    0x0800104c   0x0800104c   0x00000056   Code   RO         7991    .text               mc_w.l(__dczerorl2.o)
    0x080010a2   0x080010a2   0x00000004   Code   RO          566    i.BusFault_Handler  stm32f4xx_it.o
    0x080010a6   0x080010a6   0x00000002   PAD
    0x080010a8   0x080010a8   0x00000010   Code   RO          567    i.DMA1_Stream1_IRQHandler  stm32f4xx_it.o
    0x080010b8   0x080010b8   0x00000010   Code   RO          568    i.DMA1_Stream2_IRQHandler  stm32f4xx_it.o
    0x080010c8   0x080010c8   0x00000010   Code   RO          569    i.DMA1_Stream3_IRQHandler  stm32f4xx_it.o
    0x080010d8   0x080010d8   0x00000010   Code   RO          570    i.DMA1_Stream4_IRQHandler  stm32f4xx_it.o
    0x080010e8   0x080010e8   0x00000010   Code   RO          571    i.DMA1_Stream5_IRQHandler  stm32f4xx_it.o
    0x080010f8   0x080010f8   0x00000010   Code   RO          572    i.DMA1_Stream6_IRQHandler  stm32f4xx_it.o
    0x08001108   0x08001108   0x00000010   Code   RO          573    i.DMA2_Stream1_IRQHandler  stm32f4xx_it.o
    0x08001118   0x08001118   0x00000010   Code   RO          574    i.DMA2_Stream6_IRQHandler  stm32f4xx_it.o
    0x08001128   0x08001128   0x00000034   Code   RO         1422    i.DMA_CalcBaseAndBitshift  stm32f4xx_hal_dma.o
    0x0800115c   0x0800115c   0x000000aa   Code   RO         1423    i.DMA_CheckFifoParam  stm32f4xx_hal_dma.o
    0x08001206   0x08001206   0x0000002c   Code   RO         1424    i.DMA_SetConfig     stm32f4xx_hal_dma.o
    0x08001232   0x08001232   0x00000002   Code   RO          575    i.DebugMon_Handler  stm32f4xx_it.o
    0x08001234   0x08001234   0x0000000a   Code   RO          576    i.EXTI3_IRQHandler  stm32f4xx_it.o
    0x0800123e   0x0800123e   0x0000000c   Code   RO          577    i.EXTI9_5_IRQHandler  stm32f4xx_it.o
    0x0800124a   0x0800124a   0x00000002   Code   RO           13    i.Error_Handler     main.o
    0x0800124c   0x0800124c   0x00000020   Code   RO          805    i.HAL_CRC_Init      stm32f4xx_hal_crc.o
    0x0800126c   0x0800126c   0x00000034   Code   RO          254    i.HAL_CRC_MspInit   crc.o
    0x080012a0   0x080012a0   0x000000aa   Code   RO         1425    i.HAL_DMA_Abort     stm32f4xx_hal_dma.o
    0x0800134a   0x0800134a   0x00000028   Code   RO         1426    i.HAL_DMA_Abort_IT  stm32f4xx_hal_dma.o
    0x08001372   0x08001372   0x00000008   Code   RO         1429    i.HAL_DMA_GetState  stm32f4xx_hal_dma.o
    0x0800137a   0x0800137a   0x00000002   PAD
    0x0800137c   0x0800137c   0x00000240   Code   RO         1430    i.HAL_DMA_IRQHandler  stm32f4xx_hal_dma.o
    0x080015bc   0x080015bc   0x000000ec   Code   RO         1431    i.HAL_DMA_Init      stm32f4xx_hal_dma.o
    0x080016a8   0x080016a8   0x00000092   Code   RO         1435    i.HAL_DMA_Start_IT  stm32f4xx_hal_dma.o
    0x0800173a   0x0800173a   0x00000008   Code   RO         7031    i.HAL_GPIO_EXTI_Callback  rf.o
    0x08001742   0x08001742   0x00000002   PAD
    0x08001744   0x08001744   0x0000001c   Code   RO         1317    i.HAL_GPIO_EXTI_IRQHandler  stm32f4xx_hal_gpio.o
    0x08001760   0x08001760   0x0000021c   Code   RO         1318    i.HAL_GPIO_Init     stm32f4xx_hal_gpio.o
    0x0800197c   0x0800197c   0x00000012   Code   RO         1321    i.HAL_GPIO_TogglePin  stm32f4xx_hal_gpio.o
    0x0800198e   0x0800198e   0x0000000c   Code   RO         1322    i.HAL_GPIO_WritePin  stm32f4xx_hal_gpio.o
    0x0800199a   0x0800199a   0x00000002   PAD
    0x0800199c   0x0800199c   0x0000000c   Code   RO         1875    i.HAL_GetTick       stm32f4xx_hal.o
    0x080019a8   0x080019a8   0x0000004c   Code   RO         2597    i.HAL_I2CEx_ConfigAnalogFilter  stm32f4xx_hal_i2c_ex.o
    0x080019f4   0x080019f4   0x00000050   Code   RO         2598    i.HAL_I2CEx_ConfigDigitalFilter  stm32f4xx_hal_i2c_ex.o
    0x08001a44   0x08001a44   0x00000002   Code   RO         2130    i.HAL_I2C_AbortCpltCallback  stm32f4xx_hal_i2c.o
    0x08001a46   0x08001a46   0x00000002   Code   RO         2131    i.HAL_I2C_AddrCallback  stm32f4xx_hal_i2c.o
    0x08001a48   0x08001a48   0x000000d4   Code   RO         2134    i.HAL_I2C_ER_IRQHandler  stm32f4xx_hal_i2c.o
    0x08001b1c   0x08001b1c   0x000001c4   Code   RO         2135    i.HAL_I2C_EV_IRQHandler  stm32f4xx_hal_i2c.o
    0x08001ce0   0x08001ce0   0x00000002   Code   RO         2137    i.HAL_I2C_ErrorCallback  stm32f4xx_hal_i2c.o
    0x08001ce2   0x08001ce2   0x00000002   PAD
    0x08001ce4   0x08001ce4   0x000001d0   Code   RO         2141    i.HAL_I2C_Init      stm32f4xx_hal_i2c.o
    0x08001eb4   0x08001eb4   0x00000002   Code   RO         2143    i.HAL_I2C_ListenCpltCallback  stm32f4xx_hal_i2c.o
    0x08001eb6   0x08001eb6   0x00000002   Code   RO         2144    i.HAL_I2C_MasterRxCpltCallback  stm32f4xx_hal_i2c.o
    0x08001eb8   0x08001eb8   0x00000002   Code   RO         2145    i.HAL_I2C_MasterTxCpltCallback  stm32f4xx_hal_i2c.o
    0x08001eba   0x08001eba   0x00000002   Code   RO         2157    i.HAL_I2C_MemRxCpltCallback  stm32f4xx_hal_i2c.o
    0x08001ebc   0x08001ebc   0x00000002   Code   RO         2158    i.HAL_I2C_MemTxCpltCallback  stm32f4xx_hal_i2c.o
    0x08001ebe   0x08001ebe   0x00000002   PAD
    0x08001ec0   0x08001ec0   0x000000a8   Code   RO          363    i.HAL_I2C_MspInit   i2c.o
    0x08001f68   0x08001f68   0x00000002   Code   RO         2167    i.HAL_I2C_SlaveRxCpltCallback  stm32f4xx_hal_i2c.o
    0x08001f6a   0x08001f6a   0x00000002   Code   RO         2168    i.HAL_I2C_SlaveTxCpltCallback  stm32f4xx_hal_i2c.o
    0x08001f6c   0x08001f6c   0x00000018   Code   RO         1881    i.HAL_IncTick       stm32f4xx_hal.o
    0x08001f84   0x08001f84   0x0000003c   Code   RO         1882    i.HAL_Init          stm32f4xx_hal.o
    0x08001fc0   0x08001fc0   0x0000008c   Code   RO          762    i.HAL_InitTick      stm32f4xx_hal_timebase_tim.o
    0x0800204c   0x0800204c   0x00000060   Code   RO          738    i.HAL_MspInit       stm32f4xx_hal_msp.o
    0x080020ac   0x080020ac   0x00000020   Code   RO         1725    i.HAL_NVIC_EnableIRQ  stm32f4xx_hal_cortex.o
    0x080020cc   0x080020cc   0x0000007c   Code   RO         1731    i.HAL_NVIC_SetPriority  stm32f4xx_hal_cortex.o
    0x08002148   0x08002148   0x00000028   Code   RO         1732    i.HAL_NVIC_SetPriorityGrouping  stm32f4xx_hal_cortex.o
    0x08002170   0x08002170   0x00000304   Code   RO          969    i.HAL_RCCEx_PeriphCLKConfig  stm32f4xx_hal_rcc_ex.o
    0x08002474   0x08002474   0x00000184   Code   RO          862    i.HAL_RCC_ClockConfig  stm32f4xx_hal_rcc.o
    0x080025f8   0x080025f8   0x0000000c   Code   RO          865    i.HAL_RCC_EnableCSS  stm32f4xx_hal_rcc.o
    0x08002604   0x08002604   0x00000044   Code   RO          866    i.HAL_RCC_GetClockConfig  stm32f4xx_hal_rcc.o
    0x08002648   0x08002648   0x0000000c   Code   RO          867    i.HAL_RCC_GetHCLKFreq  stm32f4xx_hal_rcc.o
    0x08002654   0x08002654   0x00000020   Code   RO          869    i.HAL_RCC_GetPCLK1Freq  stm32f4xx_hal_rcc.o
    0x08002674   0x08002674   0x00000020   Code   RO          870    i.HAL_RCC_GetPCLK2Freq  stm32f4xx_hal_rcc.o
    0x08002694   0x08002694   0x000000b0   Code   RO          871    i.HAL_RCC_GetSysClockFreq  stm32f4xx_hal_rcc.o
    0x08002744   0x08002744   0x00000488   Code   RO          874    i.HAL_RCC_OscConfig  stm32f4xx_hal_rcc.o
    0x08002bcc   0x08002bcc   0x000000d8   Code   RO         2635    i.HAL_RTC_Init      stm32f4xx_hal_rtc.o
    0x08002ca4   0x08002ca4   0x00000018   Code   RO          405    i.HAL_RTC_MspInit   rtc.o
    0x08002cbc   0x08002cbc   0x0000003a   Code   RO         2643    i.HAL_RTC_WaitForSynchro  stm32f4xx_hal_rtc.o
    0x08002cf6   0x08002cf6   0x0000008c   Code   RO         3004    i.HAL_SPI_Init      stm32f4xx_hal_spi.o
    0x08002d82   0x08002d82   0x00000002   PAD
    0x08002d84   0x08002d84   0x000000fc   Code   RO          447    i.HAL_SPI_MspInit   spi.o
    0x08002e80   0x08002e80   0x000001a2   Code   RO         3012    i.HAL_SPI_Transmit  stm32f4xx_hal_spi.o
    0x08003022   0x08003022   0x0000022a   Code   RO         3013    i.HAL_SPI_TransmitReceive  stm32f4xx_hal_spi.o
    0x0800324c   0x0800324c   0x00000002   Code   RO         4003    i.HAL_TIMEx_BreakCallback  stm32f4xx_hal_tim_ex.o
    0x0800324e   0x0800324e   0x00000002   Code   RO         4004    i.HAL_TIMEx_CommutCallback  stm32f4xx_hal_tim_ex.o
    0x08003250   0x08003250   0x00000034   Code   RO         3317    i.HAL_TIM_Base_Init  stm32f4xx_hal_tim.o
    0x08003284   0x08003284   0x00000002   Code   RO         3319    i.HAL_TIM_Base_MspInit  stm32f4xx_hal_tim.o
    0x08003286   0x08003286   0x0000002a   Code   RO         3322    i.HAL_TIM_Base_Start_IT  stm32f4xx_hal_tim.o
    0x080032b0   0x080032b0   0x00000002   Code   RO         3346    i.HAL_TIM_IC_CaptureCallback  stm32f4xx_hal_tim.o
    0x080032b2   0x080032b2   0x00000196   Code   RO         3360    i.HAL_TIM_IRQHandler  stm32f4xx_hal_tim.o
    0x08003448   0x08003448   0x00000002   Code   RO         3363    i.HAL_TIM_OC_DelayElapsedCallback  stm32f4xx_hal_tim.o
    0x0800344a   0x0800344a   0x00000002   Code   RO         3390    i.HAL_TIM_PWM_PulseFinishedCallback  stm32f4xx_hal_tim.o
    0x0800344c   0x0800344c   0x00000018   Code   RO           14    i.HAL_TIM_PeriodElapsedCallback  main.o
    0x08003464   0x08003464   0x00000002   Code   RO         3403    i.HAL_TIM_TriggerCallback  stm32f4xx_hal_tim.o
    0x08003466   0x08003466   0x00000002   Code   RO         4275    i.HAL_UART_ErrorCallback  stm32f4xx_hal_uart.o
    0x08003468   0x08003468   0x00000154   Code   RO         4278    i.HAL_UART_IRQHandler  stm32f4xx_hal_uart.o
    0x080035bc   0x080035bc   0x00000072   Code   RO         4279    i.HAL_UART_Init     stm32f4xx_hal_uart.o
    0x0800362e   0x0800362e   0x00000002   PAD
    0x08003630   0x08003630   0x00000544   Code   RO          495    i.HAL_UART_MspInit  usart.o
    0x08003b74   0x08003b74   0x000000c4   Code   RO         4283    i.HAL_UART_Receive_DMA  stm32f4xx_hal_uart.o
    0x08003c38   0x08003c38   0x00000002   Code   RO         4285    i.HAL_UART_RxCpltCallback  stm32f4xx_hal_uart.o
    0x08003c3a   0x08003c3a   0x00000002   Code   RO         4286    i.HAL_UART_RxHalfCpltCallback  stm32f4xx_hal_uart.o
    0x08003c3c   0x08003c3c   0x0000009c   Code   RO         4288    i.HAL_UART_Transmit_DMA  stm32f4xx_hal_uart.o
    0x08003cd8   0x08003cd8   0x00000024   Code   RO         7469    i.HAL_UART_TxCpltCallback  uart_debug.o
    0x08003cfc   0x08003cfc   0x00000002   Code   RO         4291    i.HAL_UART_TxHalfCpltCallback  stm32f4xx_hal_uart.o
    0x08003cfe   0x08003cfe   0x00000004   Code   RO          578    i.HardFault_Handler  stm32f4xx_it.o
    0x08003d02   0x08003d02   0x00000002   PAD
    0x08003d04   0x08003d04   0x00000010   Code   RO          579    i.I2C2_ER_IRQHandler  stm32f4xx_it.o
    0x08003d14   0x08003d14   0x00000010   Code   RO          580    i.I2C2_EV_IRQHandler  stm32f4xx_it.o
    0x08003d24   0x08003d24   0x0000001c   Code   RO         2179    i.I2C_ConvertOtherXferOptions  stm32f4xx_hal_i2c.o
    0x08003d40   0x08003d40   0x000000ac   Code   RO         2180    i.I2C_DMAAbort      stm32f4xx_hal_i2c.o
    0x08003dec   0x08003dec   0x000001a4   Code   RO         2183    i.I2C_ITError       stm32f4xx_hal_i2c.o
    0x08003f90   0x08003f90   0x00000126   Code   RO         2185    i.I2C_MasterReceive_BTF  stm32f4xx_hal_i2c.o
    0x080040b6   0x080040b6   0x000000a4   Code   RO         2186    i.I2C_MasterReceive_RXNE  stm32f4xx_hal_i2c.o
    0x0800415a   0x0800415a   0x000000b0   Code   RO         2189    i.I2C_MasterTransmit_BTF  stm32f4xx_hal_i2c.o
    0x0800420a   0x0800420a   0x000000d8   Code   RO         2190    i.I2C_MasterTransmit_TXE  stm32f4xx_hal_i2c.o
    0x080042e2   0x080042e2   0x0000002a   Code   RO         2191    i.I2C_Master_ADD10  stm32f4xx_hal_i2c.o
    0x0800430c   0x0800430c   0x00000268   Code   RO         2192    i.I2C_Master_ADDR   stm32f4xx_hal_i2c.o
    0x08004574   0x08004574   0x0000009e   Code   RO         2193    i.I2C_Master_SB     stm32f4xx_hal_i2c.o
    0x08004612   0x08004612   0x0000007c   Code   RO         2194    i.I2C_MemoryTransmit_TXE_BTF  stm32f4xx_hal_i2c.o
    0x0800468e   0x0800468e   0x0000001a   Code   RO         2197    i.I2C_SlaveReceive_BTF  stm32f4xx_hal_i2c.o
    0x080046a8   0x080046a8   0x00000046   Code   RO         2198    i.I2C_SlaveReceive_RXNE  stm32f4xx_hal_i2c.o
    0x080046ee   0x080046ee   0x0000001a   Code   RO         2199    i.I2C_SlaveTransmit_BTF  stm32f4xx_hal_i2c.o
    0x08004708   0x08004708   0x00000046   Code   RO         2200    i.I2C_SlaveTransmit_TXE  stm32f4xx_hal_i2c.o
    0x0800474e   0x0800474e   0x00000066   Code   RO         2201    i.I2C_Slave_ADDR    stm32f4xx_hal_i2c.o
    0x080047b4   0x080047b4   0x000000a0   Code   RO         2202    i.I2C_Slave_AF      stm32f4xx_hal_i2c.o
    0x08004854   0x08004854   0x0000018c   Code   RO         2203    i.I2C_Slave_STOPF   stm32f4xx_hal_i2c.o
    0x080049e0   0x080049e0   0x00000020   Code   RO          255    i.MX_CRC_Init       crc.o
    0x08004a00   0x08004a00   0x000000c8   Code   RO          295    i.MX_DMA_Init       dma.o
    0x08004ac8   0x08004ac8   0x000000a0   Code   RO          319    i.MX_FREERTOS_Init  freertos.o
    0x08004b68   0x08004b68   0x00000494   Code   RO          229    i.MX_GPIO_Init      gpio.o
    0x08004ffc   0x08004ffc   0x00000058   Code   RO          364    i.MX_I2C2_Init      i2c.o
    0x08005054   0x08005054   0x00000034   Code   RO          406    i.MX_RTC_Init       rtc.o
    0x08005088   0x08005088   0x00000044   Code   RO          448    i.MX_SPI4_Init      spi.o
    0x080050cc   0x080050cc   0x00000044   Code   RO          449    i.MX_SPI5_Init      spi.o
    0x08005110   0x08005110   0x00000038   Code   RO          496    i.MX_UART4_Init     usart.o
    0x08005148   0x08005148   0x00000038   Code   RO          497    i.MX_UART7_Init     usart.o
    0x08005180   0x08005180   0x00000038   Code   RO          498    i.MX_UART8_Init     usart.o
    0x080051b8   0x080051b8   0x00000038   Code   RO          499    i.MX_USART2_UART_Init  usart.o
    0x080051f0   0x080051f0   0x00000038   Code   RO          500    i.MX_USART3_UART_Init  usart.o
    0x08005228   0x08005228   0x00000038   Code   RO          501    i.MX_USART6_UART_Init  usart.o
    0x08005260   0x08005260   0x00000004   Code   RO          581    i.MemManage_Handler  stm32f4xx_it.o
    0x08005264   0x08005264   0x00000002   Code   RO          582    i.NMI_Handler       stm32f4xx_it.o
    0x08005266   0x08005266   0x00000002   PAD
    0x08005268   0x08005268   0x00000010   Code   RO         7032    i.OnCadDone         rf.o
    0x08005278   0x08005278   0x00000010   Code   RO         7033    i.OnCadDone2        rf.o
    0x08005288   0x08005288   0x0000001c   Code   RO         7034    i.OnRxDone          rf.o
    0x080052a4   0x080052a4   0x0000001c   Code   RO         7035    i.OnRxDone2         rf.o
    0x080052c0   0x080052c0   0x00000010   Code   RO         7036    i.OnRxError         rf.o
    0x080052d0   0x080052d0   0x00000010   Code   RO         7037    i.OnRxError2        rf.o
    0x080052e0   0x080052e0   0x00000010   Code   RO         7038    i.OnRxTimeout       rf.o
    0x080052f0   0x080052f0   0x00000010   Code   RO         7039    i.OnRxTimeout2      rf.o
    0x08005300   0x08005300   0x00000010   Code   RO         7040    i.OnTxDone          rf.o
    0x08005310   0x08005310   0x00000010   Code   RO         7041    i.OnTxDone2         rf.o
    0x08005320   0x08005320   0x00000010   Code   RO         7042    i.OnTxTimeout       rf.o
    0x08005330   0x08005330   0x00000010   Code   RO         7043    i.OnTxTimeout2      rf.o
    0x08005340   0x08005340   0x0000003e   Code   RO         2646    i.RTC_EnterInitMode  stm32f4xx_hal_rtc.o
    0x0800537e   0x0800537e   0x00000006   Code   RO         6352    i.RadioCheckRfFrequency  radio.o
    0x08005384   0x08005384   0x0000003c   Code   RO         6353    i.RadioGetFskBandwidthRegValue  radio.o
    0x080053c0   0x080053c0   0x00000024   Code   RO         6354    i.RadioGetStatus    radio.o
    0x080053e4   0x080053e4   0x00000004   Code   RO         6355    i.RadioGetWakeupTime  radio.o
    0x080053e8   0x080053e8   0x0000011c   Code   RO         6356    i.RadioInit         radio.o
    0x08005504   0x08005504   0x0000013c   Code   RO         6357    i.RadioIrqProcess   radio.o
    0x08005640   0x08005640   0x00000008   Code   RO         6358    i.RadioIsChannelFree  radio.o
    0x08005648   0x08005648   0x0000000c   Code   RO         6359    i.RadioOnDioIrq     radio.o
    0x08005654   0x08005654   0x00000030   Code   RO         6362    i.RadioRandom       radio.o
    0x08005684   0x08005684   0x0000000c   Code   RO         6363    i.RadioRead         radio.o
    0x08005690   0x08005690   0x00000014   Code   RO         6364    i.RadioReadBuffer   radio.o
    0x080056a4   0x080056a4   0x0000000a   Code   RO         6366    i.RadioRssi         radio.o
    0x080056ae   0x080056ae   0x00000002   PAD
    0x080056b0   0x080056b0   0x00000038   Code   RO         6367    i.RadioRx           radio.o
    0x080056e8   0x080056e8   0x00000038   Code   RO         6368    i.RadioRxBoosted    radio.o
    0x08005720   0x08005720   0x00000048   Code   RO         6369    i.RadioSend         radio.o
    0x08005768   0x08005768   0x0000000c   Code   RO         6370    i.RadioSetChannel   radio.o
    0x08005774   0x08005774   0x00000050   Code   RO         6371    i.RadioSetMaxPayloadLength  radio.o
    0x080057c4   0x080057c4   0x00000044   Code   RO         6372    i.RadioSetModem     radio.o
    0x08005808   0x08005808   0x00000044   Code   RO         6373    i.RadioSetPublicNetwork  radio.o
    0x0800584c   0x0800584c   0x000002d0   Code   RO         6374    i.RadioSetRxConfig  radio.o
    0x08005b1c   0x08005b1c   0x00000010   Code   RO         6375    i.RadioSetRxDutyCycle  radio.o
    0x08005b2c   0x08005b2c   0x00000228   Code   RO         6376    i.RadioSetTxConfig  radio.o
    0x08005d54   0x08005d54   0x0000001a   Code   RO         6377    i.RadioSetTxContinuousWave  radio.o
    0x08005d6e   0x08005d6e   0x0000001a   Code   RO         6378    i.RadioSleep        radio.o
    0x08005d88   0x08005d88   0x0000000a   Code   RO         6379    i.RadioStandby      radio.o
    0x08005d92   0x08005d92   0x00000008   Code   RO         6380    i.RadioStartCad     radio.o
    0x08005d9a   0x08005d9a   0x00000002   PAD
    0x08005d9c   0x08005d9c   0x00000304   Code   RO         6381    i.RadioTimeOnAir    radio.o
    0x080060a0   0x080060a0   0x00000010   Code   RO         6383    i.RadioWrite        radio.o
    0x080060b0   0x080060b0   0x00000014   Code   RO         6384    i.RadioWriteBuffer  radio.o
    0x080060c4   0x080060c4   0x0000006c   Code   RO         3042    i.SPI_EndRxTxTransaction  stm32f4xx_hal_spi.o
    0x08006130   0x08006130   0x000000a8   Code   RO         3047    i.SPI_WaitFlagStateUntilTimeout  stm32f4xx_hal_spi.o
    0x080061d8   0x080061d8   0x00000002   Code   RO         6903    i.SX126xAntSwOff    sx126x_hal.o
    0x080061da   0x080061da   0x00000002   Code   RO         6904    i.SX126xAntSwOn     sx126x_hal.o
    0x080061dc   0x080061dc   0x00000088   Code   RO         6594    i.SX126xCalibrateImage  sx126x.o
    0x08006264   0x08006264   0x0000001e   Code   RO         6595    i.SX126xCheckDeviceReady  sx126x.o
    0x08006282   0x08006282   0x0000001c   Code   RO         6597    i.SX126xClearIrqStatus  sx126x.o
    0x0800629e   0x0800629e   0x00000014   Code   RO         6598    i.SX126xGetDeviceErrors  sx126x.o
    0x080062b2   0x080062b2   0x0000001a   Code   RO         6599    i.SX126xGetIrqStatus  sx126x.o
    0x080062cc   0x080062cc   0x0000000c   Code   RO         6600    i.SX126xGetOperatingMode  sx126x.o
    0x080062d8   0x080062d8   0x00000006   Code   RO         6906    i.SX126xGetPaSelect  sx126x_hal.o
    0x080062de   0x080062de   0x00000002   PAD
    0x080062e0   0x080062e0   0x0000009c   Code   RO         6601    i.SX126xGetPacketStatus  sx126x.o
    0x0800637c   0x0800637c   0x0000000c   Code   RO         6602    i.SX126xGetPacketType  sx126x.o
    0x08006388   0x08006388   0x0000002e   Code   RO         6603    i.SX126xGetPayload  sx126x.o
    0x080063b6   0x080063b6   0x0000001c   Code   RO         6605    i.SX126xGetRssiInst  sx126x.o
    0x080063d2   0x080063d2   0x00000042   Code   RO         6606    i.SX126xGetRxBufferStatus  sx126x.o
    0x08006414   0x08006414   0x0000001e   Code   RO         6607    i.SX126xGetStatus   sx126x.o
    0x08006432   0x08006432   0x00000002   PAD
    0x08006434   0x08006434   0x00000024   Code   RO         6608    i.SX126xInit        sx126x.o
    0x08006458   0x08006458   0x00000070   Code   RO         6907    i.SX126xReadBuffer  sx126x_hal.o
    0x080064c8   0x080064c8   0x00000068   Code   RO         6908    i.SX126xReadCommand  sx126x_hal.o
    0x08006530   0x08006530   0x00000014   Code   RO         6909    i.SX126xReadRegister  sx126x_hal.o
    0x08006544   0x08006544   0x00000078   Code   RO         6910    i.SX126xReadRegisters  sx126x_hal.o
    0x080065bc   0x080065bc   0x0000003c   Code   RO         6911    i.SX126xReset       sx126x_hal.o
    0x080065f8   0x080065f8   0x00000018   Code   RO         6609    i.SX126xSendPayload  sx126x.o
    0x08006610   0x08006610   0x0000001a   Code   RO         6610    i.SX126xSetBufferBaseAddress  sx126x.o
    0x0800662a   0x0800662a   0x00000002   PAD
    0x0800662c   0x0800662c   0x00000018   Code   RO         6611    i.SX126xSetCad      sx126x.o
    0x08006644   0x08006644   0x0000002a   Code   RO         6613    i.SX126xSetCrcPolynomial  sx126x.o
    0x0800666e   0x0800666e   0x0000002a   Code   RO         6614    i.SX126xSetCrcSeed  sx126x.o
    0x08006698   0x08006698   0x0000000e   Code   RO         6615    i.SX126xSetDio2AsRfSwitchCtrl  sx126x.o
    0x080066a6   0x080066a6   0x0000004a   Code   RO         6617    i.SX126xSetDioIrqParams  sx126x.o
    0x080066f0   0x080066f0   0x0000000e   Code   RO         6619    i.SX126xSetLoRaSymbNumTimeout  sx126x.o
    0x080066fe   0x080066fe   0x00000002   PAD
    0x08006700   0x08006700   0x00000140   Code   RO         6620    i.SX126xSetModulationParams  sx126x.o
    0x08006840   0x08006840   0x00000026   Code   RO         6621    i.SX126xSetPaConfig  sx126x.o
    0x08006866   0x08006866   0x00000002   PAD
    0x08006868   0x08006868   0x000000e0   Code   RO         6622    i.SX126xSetPacketParams  sx126x.o
    0x08006948   0x08006948   0x0000001c   Code   RO         6623    i.SX126xSetPacketType  sx126x.o
    0x08006964   0x08006964   0x00000012   Code   RO         6624    i.SX126xSetPayload  sx126x.o
    0x08006976   0x08006976   0x0000000e   Code   RO         6625    i.SX126xSetRegulatorMode  sx126x.o
    0x08006984   0x08006984   0x000000b0   Code   RO         6626    i.SX126xSetRfFrequency  sx126x.o
    0x08006a34   0x08006a34   0x0000000e   Code   RO         6912    i.SX126xSetRfTxPower  sx126x_hal.o
    0x08006a42   0x08006a42   0x00000002   PAD
    0x08006a44   0x08006a44   0x0000002c   Code   RO         6627    i.SX126xSetRx       sx126x.o
    0x08006a70   0x08006a70   0x00000038   Code   RO         6628    i.SX126xSetRxBoosted  sx126x.o
    0x08006aa8   0x08006aa8   0x00000040   Code   RO         6629    i.SX126xSetRxDutyCycle  sx126x.o
    0x08006ae8   0x08006ae8   0x0000001c   Code   RO         6631    i.SX126xSetSleep    sx126x.o
    0x08006b04   0x08006b04   0x00000028   Code   RO         6632    i.SX126xSetStandby  sx126x.o
    0x08006b2c   0x08006b2c   0x0000000e   Code   RO         6633    i.SX126xSetStopRxTimerOnPreambleDetect  sx126x.o
    0x08006b3a   0x08006b3a   0x00000014   Code   RO         6634    i.SX126xSetSyncWord  sx126x.o
    0x08006b4e   0x08006b4e   0x00000002   PAD
    0x08006b50   0x08006b50   0x0000002c   Code   RO         6635    i.SX126xSetTx       sx126x.o
    0x08006b7c   0x08006b7c   0x0000000e   Code   RO         6636    i.SX126xSetTxContinuousWave  sx126x.o
    0x08006b8a   0x08006b8a   0x000000a0   Code   RO         6638    i.SX126xSetTxParams  sx126x.o
    0x08006c2a   0x08006c2a   0x0000003a   Code   RO         6639    i.SX126xSetWhiteningSeed  sx126x.o
    0x08006c64   0x08006c64   0x00000010   Code   RO         6913    i.SX126xWaitOnBusy  sx126x_hal.o
    0x08006c74   0x08006c74   0x00000050   Code   RO         6914    i.SX126xWakeup      sx126x_hal.o
    0x08006cc4   0x08006cc4   0x00000064   Code   RO         6915    i.SX126xWriteBuffer  sx126x_hal.o
    0x08006d28   0x08006d28   0x00000064   Code   RO         6916    i.SX126xWriteCommand  sx126x_hal.o
    0x08006d8c   0x08006d8c   0x00000010   Code   RO         6917    i.SX126xWriteRegister  sx126x_hal.o
    0x08006d9c   0x08006d9c   0x0000006c   Code   RO         6918    i.SX126xWriteRegisters  sx126x_hal.o
    0x08006e08   0x08006e08   0x00000030   Code   RO          320    i.StartDefaultTask  freertos.o
    0x08006e38   0x08006e38   0x00000034   Code   RO         6273    i.SysTick_Handler   port.o
    0x08006e6c   0x08006e6c   0x000000d4   Code   RO           15    i.SystemClock_Config  main.o
    0x08006f40   0x08006f40   0x0000001c   Code   RO         4586    i.SystemInit        system_stm32f4xx.o
    0x08006f5c   0x08006f5c   0x00000010   Code   RO          583    i.TIM1_UP_TIM10_IRQHandler  stm32f4xx_it.o
    0x08006f6c   0x08006f6c   0x000000d8   Code   RO         3405    i.TIM_Base_SetConfig  stm32f4xx_hal_tim.o
    0x08007044   0x08007044   0x00000010   Code   RO          584    i.UART4_IRQHandler  stm32f4xx_it.o
    0x08007054   0x08007054   0x00000010   Code   RO          585    i.UART7_IRQHandler  stm32f4xx_it.o
    0x08007064   0x08007064   0x00000010   Code   RO          586    i.UART8_IRQHandler  stm32f4xx_it.o
    0x08007074   0x08007074   0x00000014   Code   RO         4292    i.UART_DMAAbortOnError  stm32f4xx_hal_uart.o
    0x08007088   0x08007088   0x00000050   Code   RO         4293    i.UART_DMAError     stm32f4xx_hal_uart.o
    0x080070d8   0x080070d8   0x00000046   Code   RO         4294    i.UART_DMAReceiveCplt  stm32f4xx_hal_uart.o
    0x0800711e   0x0800711e   0x0000000e   Code   RO         4296    i.UART_DMARxHalfCplt  stm32f4xx_hal_uart.o
    0x0800712c   0x0800712c   0x00000036   Code   RO         4298    i.UART_DMATransmitCplt  stm32f4xx_hal_uart.o
    0x08007162   0x08007162   0x0000000e   Code   RO         4300    i.UART_DMATxHalfCplt  stm32f4xx_hal_uart.o
    0x08007170   0x08007170   0x00000020   Code   RO         4302    i.UART_EndRxTransfer  stm32f4xx_hal_uart.o
    0x08007190   0x08007190   0x00000020   Code   RO         4303    i.UART_EndTransmit_IT  stm32f4xx_hal_uart.o
    0x080071b0   0x080071b0   0x00000014   Code   RO         4304    i.UART_EndTxTransfer  stm32f4xx_hal_uart.o
    0x080071c4   0x080071c4   0x000000a6   Code   RO         4305    i.UART_Receive_IT   stm32f4xx_hal_uart.o
    0x0800726a   0x0800726a   0x00000002   PAD
    0x0800726c   0x0800726c   0x000003e8   Code   RO         4306    i.UART_SetConfig    stm32f4xx_hal_uart.o
    0x08007654   0x08007654   0x00000068   Code   RO         4307    i.UART_Transmit_IT  stm32f4xx_hal_uart.o
    0x080076bc   0x080076bc   0x00000030   Code   RO          587    i.USART2_IRQHandler  stm32f4xx_it.o
    0x080076ec   0x080076ec   0x0000004c   Code   RO          588    i.USART3_IRQHandler  stm32f4xx_it.o
    0x08007738   0x08007738   0x00000010   Code   RO          589    i.USART6_IRQHandler  stm32f4xx_it.o
    0x08007748   0x08007748   0x00000004   Code   RO          590    i.UsageFault_Handler  stm32f4xx_it.o
    0x0800774c   0x0800774c   0x00000028   Code   RO         7692    i.__0sprintf$3      mc_w.l(printf3.o)
    0x08007774   0x08007774   0x00000030   Code   RO         7902    i.__ARM_fpclassify  m_wm.l(fpclassify.o)
    0x080077a4   0x080077a4   0x00000010   Code   RO         1738    i.__NVIC_GetPriorityGrouping  stm32f4xx_hal_cortex.o
    0x080077b4   0x080077b4   0x00000028   Code   RO         1739    i.__NVIC_SetPriority  stm32f4xx_hal_cortex.o
    0x080077dc   0x080077dc   0x00000006   Code   RO         5778    i.__get_BASEPRI     cmsis_os2.o
    0x080077e2   0x080077e2   0x00000006   Code   RO         5779    i.__get_IPSR        cmsis_os2.o
    0x080077e8   0x080077e8   0x00000006   Code   RO         5780    i.__get_PRIMASK     cmsis_os2.o
    0x080077ee   0x080077ee   0x00000002   PAD
    0x080077f0   0x080077f0   0x00000118   Code   RO         7552    i.__hardfp_ceil     m_wm.l(ceil.o)
    0x08007908   0x08007908   0x00000118   Code   RO         7558    i.__hardfp_floor    m_wm.l(floor.o)
    0x08007a20   0x08007a20   0x00000c50   Code   RO         7564    i.__hardfp_pow      m_wm.l(pow.o)
    0x08008670   0x08008670   0x00000010   Code   RO         7578    i.__hardfp_rint     m_wm.l(rint.o)
    0x08008680   0x08008680   0x000000f8   Code   RO         7904    i.__kernel_poly     m_wm.l(poly.o)
    0x08008778   0x08008778   0x00000030   Code   RO         7882    i.__mathlib_dbl_divzero  m_wm.l(dunder.o)
    0x080087a8   0x080087a8   0x00000014   Code   RO         7884    i.__mathlib_dbl_infnan2  m_wm.l(dunder.o)
    0x080087bc   0x080087bc   0x00000004   PAD
    0x080087c0   0x080087c0   0x00000020   Code   RO         7885    i.__mathlib_dbl_invalid  m_wm.l(dunder.o)
    0x080087e0   0x080087e0   0x00000020   Code   RO         7886    i.__mathlib_dbl_overflow  m_wm.l(dunder.o)
    0x08008800   0x08008800   0x00000020   Code   RO         7888    i.__mathlib_dbl_underflow  m_wm.l(dunder.o)
    0x08008820   0x08008820   0x0000000e   Code   RO         7985    i.__scatterload_copy  mc_w.l(handlers.o)
    0x0800882e   0x0800882e   0x00000002   Code   RO         7986    i.__scatterload_null  mc_w.l(handlers.o)
    0x08008830   0x08008830   0x0000000e   Code   RO         7987    i.__scatterload_zeroinit  mc_w.l(handlers.o)
    0x0800883e   0x0800883e   0x00000002   PAD
    0x08008840   0x08008840   0x0000000c   Code   RO         7946    i.__set_errno       mc_w.l(errno.o)
    0x0800884c   0x0800884c   0x000001b8   Code   RO         7697    i._printf_core      mc_w.l(printf3.o)
    0x08008a04   0x08008a04   0x0000000a   Code   RO         7699    i._sputc            mc_w.l(printf3.o)
    0x08008a0e   0x08008a0e   0x00000002   PAD
    0x08008a10   0x08008a10   0x00000044   Code   RO         7300    i.callback_fun_at_ok  4g_at_callback_func.o
    0x08008a54   0x08008a54   0x00000002   Code   RO         7301    i.callback_fun_call_ready  4g_at_callback_func.o
    0x08008a56   0x08008a56   0x00000002   PAD
    0x08008a58   0x08008a58   0x00000030   Code   RO         7302    i.callback_fun_cereg  4g_at_callback_func.o
    0x08008a88   0x08008a88   0x00000028   Code   RO         7303    i.callback_fun_cgpsinfo  4g_at_callback_func.o
    0x08008ab0   0x08008ab0   0x00000030   Code   RO         7304    i.callback_fun_cgreg  4g_at_callback_func.o
    0x08008ae0   0x08008ae0   0x000000ac   Code   RO         7305    i.callback_fun_cipopen  4g_at_callback_func.o
    0x08008b8c   0x08008b8c   0x000000b4   Code   RO         7306    i.callback_fun_ciprxget  4g_at_callback_func.o
    0x08008c40   0x08008c40   0x000000b8   Code   RO         7307    i.callback_fun_cipsend  4g_at_callback_func.o
    0x08008cf8   0x08008cf8   0x00000002   Code   RO         7308    i.callback_fun_cipstat  4g_at_callback_func.o
    0x08008cfa   0x08008cfa   0x00000002   PAD
    0x08008cfc   0x08008cfc   0x000000ec   Code   RO         7312    i.callback_fun_connect_fail  4g_at_callback_func.o
    0x08008de8   0x08008de8   0x00000094   Code   RO         7313    i.callback_fun_connect_ok  4g_at_callback_func.o
    0x08008e7c   0x08008e7c   0x00000030   Code   RO         7314    i.callback_fun_creg  4g_at_callback_func.o
    0x08008eac   0x08008eac   0x00000002   Code   RO         7315    i.callback_fun_csq  4g_at_callback_func.o
    0x08008eae   0x08008eae   0x00000002   Code   RO         7316    i.callback_fun_error  4g_at_callback_func.o
    0x08008eb0   0x08008eb0   0x00000014   Code   RO         7470    i.callback_fun_help  uart_debug.o
    0x08008ec4   0x08008ec4   0x00000078   Code   RO         7317    i.callback_fun_netopen  4g_at_callback_func.o
    0x08008f3c   0x08008f3c   0x00000058   Code   RO         7318    i.callback_fun_network_disconnected  4g_at_callback_func.o
    0x08008f94   0x08008f94   0x00000018   Code   RO         7321    i.callback_fun_ready_send  4g_at_callback_func.o
    0x08008fac   0x08008fac   0x00000034   Code   RO         7323    i.callback_fun_revision  4g_at_callback_func.o
    0x08008fe0   0x08008fe0   0x00000070   Code   RO         7324    i.callback_fun_server_disconnected  4g_at_callback_func.o
    0x08009050   0x08009050   0x00000354   Code   RO         7142    i.client_connect_handle  4g_app.o
    0x080093a4   0x080093a4   0x0000002c   Code   RO         7471    i.debug             uart_debug.o
    0x080093d0   0x080093d0   0x00000018   Code   RO         7898    i.fabs              m_wm.l(fabs.o)
    0x080093e8   0x080093e8   0x00000038   Code   RO         7143    i.g4_at_tcp_close   4g_app.o
    0x08009420   0x08009420   0x00000080   Code   RO         7144    i.g4_at_tcp_conn    4g_app.o
    0x080094a0   0x080094a0   0x00000274   Code   RO         7145    i.g4_status_manage  4g_app.o
    0x08009714   0x08009714   0x00000028   Code   RO         7146    i.g4_uart_send_data  4g_app.o
    0x0800973c   0x0800973c   0x00000120   Code   RO         7147    i.get_4g_line_to_handle  4g_app.o
    0x0800985c   0x0800985c   0x000000ec   Code   RO         7472    i.get_line_to_handle  uart_debug.o
    0x08009948   0x08009948   0x00000030   Code   RO         7149    i.gprs_uart_send_string  4g_app.o
    0x08009978   0x08009978   0x00000030   Code   RO         7151    i.grps_power_off    4g_app.o
    0x080099a8   0x080099a8   0x00000038   Code   RO         7152    i.grps_power_on     4g_app.o
    0x080099e0   0x080099e0   0x000000ac   Code   RO         7153    i.init_4g_status_flag  4g_app.o
    0x08009a8c   0x08009a8c   0x00000180   Code   RO         6919    i.init_io_spi_sx126x_x  sx126x_hal.o
    0x08009c0c   0x08009c0c   0x00000098   Code   RO         7154    i.is_all_client_connect_fail_timeout  4g_app.o
    0x08009ca4   0x08009ca4   0x00000050   Code   RO           16    i.main              main.o
    0x08009cf4   0x08009cf4   0x00000038   Code   RO         5781    i.osDelay           cmsis_os2.o
    0x08009d2c   0x08009d2c   0x00000040   Code   RO         5795    i.osKernelInitialize  cmsis_os2.o
    0x08009d6c   0x08009d6c   0x00000048   Code   RO         5798    i.osKernelStart     cmsis_os2.o
    0x08009db4   0x08009db4   0x000000d4   Code   RO         5831    i.osThreadNew       cmsis_os2.o
    0x08009e88   0x08009e88   0x0000007c   Code   RO         5238    i.prvAddCurrentTaskToDelayedList  tasks.o
    0x08009f04   0x08009f04   0x000000b8   Code   RO         5239    i.prvAddNewTaskToReadyList  tasks.o
    0x08009fbc   0x08009fbc   0x00000018   Code   RO         5071    i.prvBytesInBuffer  stream_buffer.o
    0x08009fd4   0x08009fd4   0x00000074   Code   RO         5602    i.prvCheckForValidListAndQueue  timers.o
    0x0800a048   0x0800a048   0x00000048   Code   RO         5240    i.prvCheckTasksWaitingTermination  tasks.o
    0x0800a090   0x0800a090   0x0000002a   Code   RO         4790    i.prvCopyDataFromQueue  queue.o
    0x0800a0ba   0x0800a0ba   0x0000007e   Code   RO         4791    i.prvCopyDataToQueue  queue.o
    0x0800a138   0x0800a138   0x00000050   Code   RO         5241    i.prvDeleteTCB      tasks.o
    0x0800a188   0x0800a188   0x00000014   Code   RO         4792    i.prvGetDisinheritPriorityAfterTimeout  queue.o
    0x0800a19c   0x0800a19c   0x00000028   Code   RO         5603    i.prvGetNextExpireTime  timers.o
    0x0800a1c4   0x0800a1c4   0x0000007c   Code   RO         6223    i.prvHeapInit       heap_4.o
    0x0800a240   0x0800a240   0x00000028   Code   RO         5242    i.prvIdleTask       tasks.o
    0x0800a268   0x0800a268   0x0000002e   Code   RO         4794    i.prvInitialiseNewQueue  queue.o
    0x0800a296   0x0800a296   0x00000056   Code   RO         5072    i.prvInitialiseNewStreamBuffer  stream_buffer.o
    0x0800a2ec   0x0800a2ec   0x000000be   Code   RO         5243    i.prvInitialiseNewTask  tasks.o
    0x0800a3aa   0x0800a3aa   0x00000002   PAD
    0x0800a3ac   0x0800a3ac   0x00000068   Code   RO         5244    i.prvInitialiseTaskLists  tasks.o
    0x0800a414   0x0800a414   0x00000068   Code   RO         6224    i.prvInsertBlockIntoFreeList  heap_4.o
    0x0800a47c   0x0800a47c   0x00000058   Code   RO         5605    i.prvInsertTimerInActiveList  timers.o
    0x0800a4d4   0x0800a4d4   0x0000001a   Code   RO         4795    i.prvIsQueueEmpty   queue.o
    0x0800a4ee   0x0800a4ee   0x0000001e   Code   RO         4796    i.prvIsQueueFull    queue.o
    0x0800a50c   0x0800a50c   0x00000090   Code   RO         4797    i.prvNotifyQueueSetContainer  queue.o
    0x0800a59c   0x0800a59c   0x00000074   Code   RO         5606    i.prvProcessExpiredTimer  timers.o
    0x0800a610   0x0800a610   0x00000164   Code   RO         5607    i.prvProcessReceivedCommands  timers.o
    0x0800a774   0x0800a774   0x00000074   Code   RO         5608    i.prvProcessTimerOrBlockTask  timers.o
    0x0800a7e8   0x0800a7e8   0x000000ca   Code   RO         5073    i.prvReadBytesFromBuffer  stream_buffer.o
    0x0800a8b2   0x0800a8b2   0x00000048   Code   RO         5074    i.prvReadMessageFromBuffer  stream_buffer.o
    0x0800a8fa   0x0800a8fa   0x00000002   PAD
    0x0800a8fc   0x0800a8fc   0x00000034   Code   RO         5246    i.prvResetNextTaskUnblockTime  tasks.o
    0x0800a930   0x0800a930   0x0000002c   Code   RO         5609    i.prvSampleTimeNow  timers.o
    0x0800a95c   0x0800a95c   0x000000a4   Code   RO         5610    i.prvSwitchTimerLists  timers.o
    0x0800aa00   0x0800aa00   0x00000040   Code   RO         6274    i.prvTaskExitError  port.o
    0x0800aa40   0x0800aa40   0x0000001a   Code   RO         5611    i.prvTimerTask      timers.o
    0x0800aa5a   0x0800aa5a   0x00000092   Code   RO         4798    i.prvUnlockQueue    queue.o
    0x0800aaec   0x0800aaec   0x000000ba   Code   RO         5075    i.prvWriteBytesToBuffer  stream_buffer.o
    0x0800aba6   0x0800aba6   0x0000005c   Code   RO         5076    i.prvWriteMessageToBuffer  stream_buffer.o
    0x0800ac02   0x0800ac02   0x00000002   PAD
    0x0800ac04   0x0800ac04   0x0000013c   Code   RO         6225    i.pvPortMalloc      heap_4.o
    0x0800ad40   0x0800ad40   0x00000020   Code   RO         5249    i.pvTaskIncrementMutexHeldCount  tasks.o
    0x0800ad60   0x0800ad60   0x0000002c   Code   RO         6275    i.pxPortInitialiseStack  port.o
    0x0800ad8c   0x0800ad8c   0x0000011c   Code   RO         7044    i.rf_init           rf.o
    0x0800aea8   0x0800aea8   0x00000150   Code   RO         7473    i.set_server        uart_debug.o
    0x0800aff8   0x0800aff8   0x0000006e   Code   RO         7909    i.sqrt              m_wm.l(sqrt.o)
    0x0800b066   0x0800b066   0x00000002   PAD
    0x0800b068   0x0800b068   0x00000028   Code   RO         7474    i.start_from_debug_dma_receive  uart_debug.o
    0x0800b090   0x0800b090   0x00000028   Code   RO         7155    i.start_from_gprs_dma_receive  4g_app.o
    0x0800b0b8   0x0800b0b8   0x00000224   Code   RO         7156    i.start_send_client_buf  4g_app.o
    0x0800b2dc   0x0800b2dc   0x0000001c   Code   RO         7475    i.sys_start_send    uart_debug.o
    0x0800b2f8   0x0800b2f8   0x000002c0   Code   RO         7157    i.task_4g_uart_rev_handle  4g_app.o
    0x0800b5b8   0x0800b5b8   0x000000a8   Code   RO         7158    i.task_client_0     4g_app.o
    0x0800b660   0x0800b660   0x00000140   Code   RO         7159    i.task_t4G_data_send  4g_app.o
    0x0800b7a0   0x0800b7a0   0x0000006c   Code   RO         7476    i.task_uart_debug_rev_handle  uart_debug.o
    0x0800b80c   0x0800b80c   0x00000090   Code   RO         7477    i.task_uart_debug_send  uart_debug.o
    0x0800b89c   0x0800b89c   0x0000004c   Code   RO         7478    i.uart_from_debug_idle_callback  uart_debug.o
    0x0800b8e8   0x0800b8e8   0x0000004c   Code   RO         7160    i.uart_from_gprs_idle_callback  4g_app.o
    0x0800b934   0x0800b934   0x00000028   Code   RO         4750    i.uxListRemove      list.o
    0x0800b95c   0x0800b95c   0x00000018   Code   RO         5843    i.vApplicationGetIdleTaskMemory  cmsis_os2.o
    0x0800b974   0x0800b974   0x00000018   Code   RO         5844    i.vApplicationGetTimerTaskMemory  cmsis_os2.o
    0x0800b98c   0x0800b98c   0x0000001a   Code   RO         4751    i.vListInitialise   list.o
    0x0800b9a6   0x0800b9a6   0x00000006   Code   RO         4752    i.vListInitialiseItem  list.o
    0x0800b9ac   0x0800b9ac   0x00000034   Code   RO         4753    i.vListInsert       list.o
    0x0800b9e0   0x0800b9e0   0x00000018   Code   RO         4754    i.vListInsertEnd    list.o
    0x0800b9f8   0x0800b9f8   0x00000054   Code   RO         6277    i.vPortEnterCritical  port.o
    0x0800ba4c   0x0800ba4c   0x0000003c   Code   RO         6278    i.vPortExitCritical  port.o
    0x0800ba88   0x0800ba88   0x00000094   Code   RO         6226    i.vPortFree         heap_4.o
    0x0800bb1c   0x0800bb1c   0x00000028   Code   RO         6279    i.vPortSetupTimerInterrupt  port.o
    0x0800bb44   0x0800bb44   0x00000078   Code   RO         6280    i.vPortValidateInterruptPriority  port.o
    0x0800bbbc   0x0800bbbc   0x0000002c   Code   RO         4804    i.vQueueAddToRegistry  queue.o
    0x0800bbe8   0x0800bbe8   0x0000004a   Code   RO         4808    i.vQueueWaitForMessageRestricted  queue.o
    0x0800bc32   0x0800bc32   0x00000002   PAD
    0x0800bc34   0x0800bc34   0x0000005c   Code   RO         5258    i.vTaskDelay        tasks.o
    0x0800bc90   0x0800bc90   0x00000018   Code   RO         5263    i.vTaskInternalSetTimeOutState  tasks.o
    0x0800bca8   0x0800bca8   0x0000000c   Code   RO         5264    i.vTaskMissedYield  tasks.o
    0x0800bcb4   0x0800bcb4   0x00000038   Code   RO         5266    i.vTaskPlaceOnEventList  tasks.o
    0x0800bcec   0x0800bcec   0x00000040   Code   RO         5267    i.vTaskPlaceOnEventListRestricted  tasks.o
    0x0800bd2c   0x0800bd2c   0x000000d0   Code   RO         5269    i.vTaskPriorityDisinheritAfterTimeout  tasks.o
    0x0800bdfc   0x0800bdfc   0x0000003c   Code   RO         5274    i.vTaskSetTimeOutState  tasks.o
    0x0800be38   0x0800be38   0x000000b8   Code   RO         5275    i.vTaskStartScheduler  tasks.o
    0x0800bef0   0x0800bef0   0x00000010   Code   RO         5277    i.vTaskSuspendAll   tasks.o
    0x0800bf00   0x0800bf00   0x00000090   Code   RO         5278    i.vTaskSwitchContext  tasks.o
    0x0800bf90   0x0800bf90   0x00000168   Code   RO         6281    i.xPortStartScheduler  port.o
    0x0800c0f8   0x0800c0f8   0x00000026   Code   RO         4809    i.xQueueAddToSet    queue.o
    0x0800c11e   0x0800c11e   0x00000014   Code   RO         4814    i.xQueueCreateSet   queue.o
    0x0800c132   0x0800c132   0x00000060   Code   RO         4815    i.xQueueGenericCreate  queue.o
    0x0800c192   0x0800c192   0x000000e0   Code   RO         4816    i.xQueueGenericCreateStatic  queue.o
    0x0800c272   0x0800c272   0x00000002   PAD
    0x0800c274   0x0800c274   0x00000098   Code   RO         4817    i.xQueueGenericReset  queue.o
    0x0800c30c   0x0800c30c   0x000001d8   Code   RO         4818    i.xQueueGenericSend  queue.o
    0x0800c4e4   0x0800c4e4   0x00000108   Code   RO         4819    i.xQueueGenericSendFromISR  queue.o
    0x0800c5ec   0x0800c5ec   0x000000f6   Code   RO         4822    i.xQueueGiveFromISR  queue.o
    0x0800c6e2   0x0800c6e2   0x00000002   PAD
    0x0800c6e4   0x0800c6e4   0x00000168   Code   RO         4828    i.xQueueReceive     queue.o
    0x0800c84c   0x0800c84c   0x00000018   Code   RO         4831    i.xQueueSelectFromSet  queue.o
    0x0800c864   0x0800c864   0x000001b8   Code   RO         4833    i.xQueueSemaphoreTake  queue.o
    0x0800ca1c   0x0800ca1c   0x000000a0   Code   RO         5082    i.xStreamBufferGenericCreate  stream_buffer.o
    0x0800cabc   0x0800cabc   0x000000fe   Code   RO         5087    i.xStreamBufferReceive  stream_buffer.o
    0x0800cbba   0x0800cbba   0x00000138   Code   RO         5091    i.xStreamBufferSend  stream_buffer.o
    0x0800ccf2   0x0800ccf2   0x000000b8   Code   RO         5093    i.xStreamBufferSendFromISR  stream_buffer.o
    0x0800cdaa   0x0800cdaa   0x00000036   Code   RO         5095    i.xStreamBufferSpacesAvailable  stream_buffer.o
    0x0800cde0   0x0800cde0   0x0000008c   Code   RO         5279    i.xTaskCheckForTimeOut  tasks.o
    0x0800ce6c   0x0800ce6c   0x00000064   Code   RO         5280    i.xTaskCreate       tasks.o
    0x0800ced0   0x0800ced0   0x000000ba   Code   RO         5281    i.xTaskCreateStatic  tasks.o
    0x0800cf8a   0x0800cf8a   0x00000002   PAD
    0x0800cf8c   0x0800cf8c   0x00000128   Code   RO         5282    i.xTaskGenericNotify  tasks.o
    0x0800d0b4   0x0800d0b4   0x00000164   Code   RO         5283    i.xTaskGenericNotifyFromISR  tasks.o
    0x0800d218   0x0800d218   0x0000000c   Code   RO         5284    i.xTaskGetCurrentTaskHandle  tasks.o
    0x0800d224   0x0800d224   0x00000020   Code   RO         5285    i.xTaskGetSchedulerState  tasks.o
    0x0800d244   0x0800d244   0x0000000c   Code   RO         5286    i.xTaskGetTickCount  tasks.o
    0x0800d250   0x0800d250   0x00000144   Code   RO         5288    i.xTaskIncrementTick  tasks.o
    0x0800d394   0x0800d394   0x00000034   Code   RO         5289    i.xTaskNotifyStateClear  tasks.o
    0x0800d3c8   0x0800d3c8   0x000000a0   Code   RO         5290    i.xTaskNotifyWait   tasks.o
    0x0800d468   0x0800d468   0x000000a4   Code   RO         5291    i.xTaskPriorityDisinherit  tasks.o
    0x0800d50c   0x0800d50c   0x000000a4   Code   RO         5292    i.xTaskPriorityInherit  tasks.o
    0x0800d5b0   0x0800d5b0   0x00000098   Code   RO         5293    i.xTaskRemoveFromEventList  tasks.o
    0x0800d648   0x0800d648   0x00000104   Code   RO         5294    i.xTaskResumeAll    tasks.o
    0x0800d74c   0x0800d74c   0x00000078   Code   RO         5619    i.xTimerCreateTimerTask  timers.o
    0x0800d7c4   0x0800d7c4   0x00000084   Code   RO         5620    i.xTimerGenericCommand  timers.o
    0x0800d848   0x0800d848   0x000000d8   Data   RO          321    .constdata          freertos.o
    0x0800d920   0x0800d920   0x00000008   Data   RO         1437    .constdata          stm32f4xx_hal_dma.o
    0x0800d928   0x0800d928   0x00000018   Data   RO         4587    .constdata          system_stm32f4xx.o
    0x0800d940   0x0800d940   0x0000011f   Data   RO         6387    .constdata          radio.o
    0x0800da5f   0x0800da5f   0x00000001   PAD
    0x0800da60   0x0800da60   0x00000098   Data   RO         7162    .constdata          4g_app.o
    0x0800daf8   0x0800daf8   0x00000020   Data   RO         7480    .constdata          uart_debug.o
    0x0800db18   0x0800db18   0x00000088   Data   RO         7567    .constdata          m_wm.l(pow.o)
    0x0800dba0   0x0800dba0   0x00000008   Data   RO         7906    .constdata          m_wm.l(qnan.o)
    0x0800dba8   0x0800dba8   0x00000040   Data   RO         7981    .constdata          mc_w.l(ctype_c.o)
    0x0800dbe8   0x0800dbe8   0x0000005b   Data   RO          322    .conststring        freertos.o
    0x0800dc43   0x0800dc43   0x00000001   PAD
    0x0800dc44   0x0800dc44   0x000000bf   Data   RO         7163    .conststring        4g_app.o
    0x0800dd03   0x0800dd03   0x00000001   PAD
    0x0800dd04   0x0800dd04   0x0000006a   Data   RO         7481    .conststring        uart_debug.o
    0x0800dd6e   0x0800dd6e   0x00000002   PAD
    0x0800dd70   0x0800dd70   0x00000030   Data   RO         7983    Region$$Table       anon$$obj.o


    Execution Region ER (Exec base: 0x10000000, Load base: 0x0800dddc, Size: 0x00000400, Max: 0x00010000, ABSOLUTE, COMPRESSED[0x0000000c])

    Exec Addr    Load Addr    Size         Type   Attr      Idx    E Section Name        Object

    0x10000000   COMPRESSED   0x00000400   Data   RW         7483    CCMRAM              uart_debug.o


    Execution Region RW_IRAM1 (Exec base: 0x20000000, Load base: 0x0800dda0, Size: 0x00024c70, Max: 0x00030000, ABSOLUTE, COMPRESSED[0x0000003c])

    Exec Addr    Load Addr    Size         Type   Attr      Idx    E Section Name        Object

    0x20000000   COMPRESSED   0x00000008   Data   RW          256    .data               crc.o
    0x20000008   COMPRESSED   0x00000018   Data   RW          323    .data               freertos.o
    0x20000020   COMPRESSED   0x00000009   Data   RW         1889    .data               stm32f4xx_hal.o
    0x20000029   COMPRESSED   0x00000003   PAD
    0x2000002c   COMPRESSED   0x00000004   Data   RW         4588    .data               system_stm32f4xx.o
    0x20000030   COMPRESSED   0x0000003c   Data   RW         5297    .data               tasks.o
    0x2000006c   COMPRESSED   0x00000014   Data   RW         5628    .data               timers.o
    0x20000080   COMPRESSED   0x00000004   Data   RW         5846    .data               cmsis_os2.o
    0x20000084   COMPRESSED   0x00000018   Data   RW         6231    .data               heap_4.o
    0x2000009c   COMPRESSED   0x0000000c   Data   RW         6282    .data               port.o
    0x200000a8   COMPRESSED   0x000000a4   Data   RW         6388    .data               radio.o
    0x2000014c   COMPRESSED   0x0000000a   Data   RW         6640    .data               sx126x.o
    0x20000156   COMPRESSED   0x00000002   PAD
    0x20000158   COMPRESSED   0x00000004   Data   RW         6921    .data               sx126x_hal.o
    0x2000015c   COMPRESSED   0x00000008   Data   RW         7046    .data               rf.o
    0x20000164   COMPRESSED   0x00000018   Data   RW         7164    .data               4g_app.o
    0x2000017c   COMPRESSED   0x0000000c   Data   RW         7482    .data               uart_debug.o
    0x20000188   COMPRESSED   0x00000004   Data   RW         7947    .data               mc_w.l(errno.o)
    0x2000018c        -       0x00000054   Zero   RW          365    .bss                i2c.o
    0x200001e0        -       0x00000020   Zero   RW          407    .bss                rtc.o
    0x20000200        -       0x000000b0   Zero   RW          450    .bss                spi.o
    0x200002b0        -       0x00000480   Zero   RW          502    .bss                usart.o
    0x20000730        -       0x00000040   Zero   RW          765    .bss                stm32f4xx_hal_timebase_tim.o
    0x20000770        -       0x00000040   Zero   RW         4835    .bss                queue.o
    0x200007b0        -       0x000004c4   Zero   RW         5296    .bss                tasks.o
    0x20000c74        -       0x0000011c   Zero   RW         5627    .bss                timers.o
    0x20000d90        -       0x000006b8   Zero   RW         5845    .bss                cmsis_os2.o
    0x20001448        -       0x0001f400   Zero   RW         6230    .bss                heap_4.o
    0x20020848        -       0x000001d8   Zero   RW         6386    .bss                radio.o
    0x20020a20        -       0x00000188   Zero   RW         6920    .bss                sx126x_hal.o
    0x20020ba8        -       0x00000038   Zero   RW         7045    .bss                rf.o
    0x20020be0        -       0x00001e8e   Zero   RW         7161    .bss                4g_app.o
    0x20022a6e        -       0x00000200   Zero   RW         7479    .bss                uart_debug.o
    0x20022c6e   COMPRESSED   0x00000002   PAD
    0x20022c70        -       0x00002000   Zero   RW            1    STACK               startup_stm32f429xx.o


==============================================================================

Image component sizes


      Code (inc. data)   RO Data    RW Data    ZI Data      Debug   Object Name

      4324        998        343         24       7822      19737   4g_app.o
      1576        612          0          0          0      11592   4g_at_callback_func.o
       470         38          0          4       1720      35434   cmsis_os2.o
        84         18          0          8          0       1459   crc.o
       200          6          0          0          0        846   dma.o
         0          0          0          0          0      18712   event_groups.o
       208         80        307         24          0       2525   freertos.o
      1172         52          0          0          0       1727   gpio.o
       692         62          0         24     128000       5403   heap_4.o
       256         26          0          0         84       1669   i2c.o
       148          0          0          0          0       4130   list.o
       318         14          0          0          0     796952   main.o
      1014         94          0         12          0      12749   port.o
      3034         26          0          0         64      28021   queue.o
      3394        252        287        164        472      30711   radio.o
       508        160          0          8         56       9554   rf.o
        76         18          0          0         32       1415   rtc.o
       388         38          0          0        176       2294   spi.o
        36          8        428          0       8192        828   startup_stm32f429xx.o
        96         20          0          9          0       8734   stm32f4xx_hal.o
       252         22          0          0          0      34374   stm32f4xx_hal_cortex.o
        32          0          0          0          0       1275   stm32f4xx_hal_crc.o
      1442         16          8          0          0       8545   stm32f4xx_hal_dma.o
       598         58          0          0          0       4064   stm32f4xx_hal_gpio.o
      4408         42          0          0          0      26445   stm32f4xx_hal_i2c.o
       156          0          0          0          0       2231   stm32f4xx_hal_i2c_ex.o
        96          6          0          0          0        850   stm32f4xx_hal_msp.o
      1880         98          0          0          0       7629   stm32f4xx_hal_rcc.o
       772         26          0          0          0       1828   stm32f4xx_hal_rcc_ex.o
       336          4          0          0          0       3016   stm32f4xx_hal_rtc.o
      1388          8          0          0          0       6360   stm32f4xx_hal_spi.o
       726         46          0          0          0       7226   stm32f4xx_hal_tim.o
         4          0          0          0          0       1881   stm32f4xx_hal_tim_ex.o
       140         18          0          0         64       1515   stm32f4xx_hal_timebase_tim.o
      2420         40          0          0          0      15744   stm32f4xx_hal_uart.o
       406        102          0          0          0      12319   stm32f4xx_it.o
      1626          0          0          0          0      26778   stream_buffer.o
      2246        152          0         10          0      31749   sx126x.o
      1244         68          0          4        392      11036   sx126x_hal.o
        28          4         24          4          0       1199   system_stm32f4xx.o
      4148        464          0         60       1220      40153   tasks.o
      1318        124          0         20        284      34691   timers.o
      1068        232        138       1036        512       7903   uart_debug.o
      1684        156          0          0       1152       5699   usart.o

    ----------------------------------------------------------------------
     46474       4208       1588       1416     150244    1289002   Object Totals
         0          0         48          0          0          0   (incl. Generated)
        62          0          5          5          2          0   (incl. Padding)

    ----------------------------------------------------------------------

      Code (inc. data)   RO Data    RW Data    ZI Data      Debug   Library Member Name

       280         28          0          0          0        156   ceil.o
       164         44          0          0          0        620   dunder.o
        24          0          0          0          0        124   fabs.o
       280         28          0          0          0        156   floor.o
        48          0          0          0          0        124   fpclassify.o
       248          0          0          0          0        152   poly.o
      3152        296        136          0          0        352   pow.o
         0          0          8          0          0          0   qnan.o
        16          0          0          0          0        124   rint.o
       110          0          0          0          0        148   sqrt.o
        56          8          0          0          0         84   __0sscanf.o
        86          0          0          0          0          0   __dczerorl2.o
        28          0          0          0          0         68   _chval.o
       812          4          0          0          0        112   _scanf.o
       332          0          0          0          0         96   _scanf_int.o
       224          0          0          0          0         96   _scanf_str.o
        64          0          0          0          0         84   _sgetc.o
        40          6         64          0          0         68   ctype_c.o
         0          0          0          0          0          0   entry.o
         0          0          0          0          0          0   entry10a.o
         0          0          0          0          0          0   entry11a.o
         8          4          0          0          0          0   entry2.o
         4          0          0          0          0          0   entry5.o
         0          0          0          0          0          0   entry7b.o
         0          0          0          0          0          0   entry8b.o
         8          4          0          0          0          0   entry9a.o
        12          6          0          4          0         68   errno.o
        30          0          0          0          0          0   handlers.o
        36          8          0          0          0         68   init.o
        10          0          0          0          0         68   isspace_c.o
         0          0          0          0          0          0   iusefp.o
        30          0          0          0          0         68   llshl.o
        36          0          0          0          0         68   llsshr.o
        32          0          0          0          0         68   llushr.o
        36          0          0          0          0         68   memcpya.o
        36          0          0          0          0        108   memseta.o
       490         10          0          0          0        252   printf3.o
        40          8          0          0          0         84   scanf_char.o
        28          0          0          0          0         76   strcmp.o
        18          0          0          0          0         68   strcpy.o
        14          0          0          0          0         68   strlen.o
        44          0          0          0          0         80   uidiv.o
        98          0          0          0          0         92   uldiv.o
        48          0          0          0          0         68   cdrcmple.o
       334          0          0          0          0        148   dadd.o
       222          0          0          0          0        100   ddiv.o
       186          0          0          0          0        176   depilogue.o
        50          0          0          0          0         76   dfixui.o
        34          0          0          0          0         76   dflti.o
        26          0          0          0          0         76   dfltui.o
       228          0          0          0          0         96   dmul.o
       136          4          0          0          0         92   drnd.o
        46          0          0          0          0         80   dscalb.o
       162          0          0          0          0        100   dsqrt.o

    ----------------------------------------------------------------------
      8466        458        208          4          0       4956   Library Totals
        20          0          0          0          0          0   (incl. Padding)

    ----------------------------------------------------------------------

      Code (inc. data)   RO Data    RW Data    ZI Data      Debug   Library Name

      4322        396        144          0          0       1956   m_wm.l
      2652         58         64          4          0       1912   mc_w.l
      1472          4          0          0          0       1088   mf_w.l

    ----------------------------------------------------------------------
      8466        458        208          4          0       4956   Library Totals

    ----------------------------------------------------------------------

==============================================================================


      Code (inc. data)   RO Data    RW Data    ZI Data      Debug   

     54940       4666       1796       1420     150244    1251630   Grand Totals
     54940       4666       1796         72     150244    1251630   ELF Image Totals (compressed)
     54940       4666       1796         72          0          0   ROM Totals

==============================================================================

    Total RO  Size (Code + RO Data)                56736 (  55.41kB)
    Total RW  Size (RW Data + ZI Data)            151664 ( 148.11kB)
    Total ROM Size (Code + RO Data + RW Data)      56808 (  55.48kB)

==============================================================================

